2025-09-12 20:07:22,457 [INFO] Activator:176 - 


2025-09-12 20:07:22,468 [INFO] Activator:177 - !SESSION log4j initialized
2025-09-12 20:07:33,809 [INFO] LogOutputStream:77 - [STDOUT_REDIRECT] 
2025-09-12 20:07:36,401 [INFO] ApplicationProperties:184 - Using Application install path: C:\ST\STM32CubeIDE_1.19.0\STM32CubeIDE\plugins\com.st.stm32cube.common.mx_6.15.0.202507011659
2025-09-12 20:07:36,438 [INFO] DbMcusXml:78 - Set database path to: C:\ST\STM32CubeIDE_1.19.0\STM32CubeIDE\plugins\com.st.stm32cube.common.mx_6.15.0.202507011659\\db\/mcu/
2025-09-12 20:07:36,439 [INFO] ApiDb:274 - Set plugin database path to: C:\ST\STM32CubeIDE_1.19.0\STM32CubeIDE\plugins\com.st.stm32cube.common.mx_6.15.0.202507011659\\db\/plugins/boardmanager/
2025-09-12 20:07:36,440 [WARN] ApiDb:259 - Overriding images path with different value:  => C:\ST\STM32CubeIDE_1.19.0\STM32CubeIDE\plugins\com.st.stm32cube.common.mx_6.15.0.202507011659\\db\/plugins/mcufinder/images/
2025-09-12 20:07:36,454 [INFO] ApiDb:250 - Set database path to: C:\Users\aksha\.stmcufinder\plugins\mcufinder//mcu/
2025-09-12 20:07:36,456 [INFO] DbMcusAds:125 - Set database path to: C:\Users\aksha\.stmcufinder\plugins\mcufinder//mcu/
2025-09-12 20:07:36,461 [INFO] CrossReferenceDbSqlite:203 - Set database path to: C:\Users\aksha\.stmcufinder\plugins\mcufinder//mcu/cs/
2025-09-12 20:07:36,669 [INFO] RulesReader:64 - Compatibility file has been processed (317 Rules)
2025-09-12 20:07:36,813 [INFO] DbMcusXml:78 - Set database path to: C:\ST\STM32CubeIDE_1.19.0\STM32CubeIDE\plugins\com.st.stm32cube.common.mx_6.15.0.202507011659\\db\/mcu/
2025-09-12 20:07:36,813 [INFO] ApiDb:274 - Set plugin database path to: C:\ST\STM32CubeIDE_1.19.0\STM32CubeIDE\plugins\com.st.stm32cube.common.mx_6.15.0.202507011659\\db\/plugins/boardmanager/
2025-09-12 20:07:36,814 [INFO] ApiDb:261 - Set plugin images path to: C:\ST\STM32CubeIDE_1.19.0\STM32CubeIDE\plugins\com.st.stm32cube.common.mx_6.15.0.202507011659\\db\/plugins/mcufinder/images/
2025-09-12 20:07:36,814 [WARN] DbFile:41 - Overriding database path with different value: C:\Users\aksha\.stmcufinder\plugins\mcufinder/ => C:\Users\aksha\.stmcufinder\plugins\mcufinder
2025-09-12 20:07:36,815 [INFO] ApiDb:250 - Set database path to: C:\Users\aksha\.stmcufinder\plugins\mcufinder//mcu/
2025-09-12 20:07:36,815 [WARN] DbFile:41 - Overriding database path with different value: C:\Users\aksha\.stmcufinder\plugins\mcufinder/ => C:\Users\aksha\.stmcufinder\plugins\mcufinder
2025-09-12 20:07:36,815 [INFO] DbMcusAds:125 - Set database path to: C:\Users\aksha\.stmcufinder\plugins\mcufinder//mcu/
2025-09-12 20:07:36,815 [WARN] DbFile:41 - Overriding database path with different value: C:\Users\aksha\.stmcufinder\plugins\mcufinder/ => C:\Users\aksha\.stmcufinder\plugins\mcufinder
2025-09-12 20:07:36,815 [WARN] DbFile:41 - Overriding database path with different value: C:\Users\aksha\.stmcufinder\plugins\mcufinder/ => C:\Users\aksha\.stmcufinder\plugins\mcufinder
2025-09-12 20:07:36,815 [INFO] CrossReferenceDbSqlite:203 - Set database path to: C:\Users\aksha\.stmcufinder\plugins\mcufinder//mcu/cs/
2025-09-12 20:07:36,966 [INFO] MainPanel:274 - HeapMemory: 268435456
2025-09-12 20:07:37,175 [INFO] DbMcusXml:78 - Set database path to: C:\ST\STM32CubeIDE_1.19.0\STM32CubeIDE\plugins\com.st.stm32cube.common.mx_6.15.0.202507011659\\db\/mcu/
2025-09-12 20:07:37,176 [INFO] ApiDb:274 - Set plugin database path to: C:\ST\STM32CubeIDE_1.19.0\STM32CubeIDE\plugins\com.st.stm32cube.common.mx_6.15.0.202507011659\\db\/plugins/boardmanager/
2025-09-12 20:07:37,176 [INFO] ApiDb:261 - Set plugin images path to: C:\ST\STM32CubeIDE_1.19.0\STM32CubeIDE\plugins\com.st.stm32cube.common.mx_6.15.0.202507011659\\db\/plugins/mcufinder/images/
2025-09-12 20:07:37,177 [WARN] DbFile:41 - Overriding database path with different value: C:\Users\aksha\.stmcufinder\plugins\mcufinder/ => C:\Users\aksha\.stmcufinder\plugins\mcufinder
2025-09-12 20:07:37,177 [INFO] ApiDb:250 - Set database path to: C:\Users\aksha\.stmcufinder\plugins\mcufinder//mcu/
2025-09-12 20:07:37,177 [WARN] DbFile:41 - Overriding database path with different value: C:\Users\aksha\.stmcufinder\plugins\mcufinder/ => C:\Users\aksha\.stmcufinder\plugins\mcufinder
2025-09-12 20:07:37,178 [INFO] DbMcusAds:125 - Set database path to: C:\Users\aksha\.stmcufinder\plugins\mcufinder//mcu/
2025-09-12 20:07:37,178 [WARN] DbFile:41 - Overriding database path with different value: C:\Users\aksha\.stmcufinder\plugins\mcufinder/ => C:\Users\aksha\.stmcufinder\plugins\mcufinder
2025-09-12 20:07:37,178 [WARN] DbFile:41 - Overriding database path with different value: C:\Users\aksha\.stmcufinder\plugins\mcufinder/ => C:\Users\aksha\.stmcufinder\plugins\mcufinder
2025-09-12 20:07:37,178 [INFO] CrossReferenceDbSqlite:203 - Set database path to: C:\Users\aksha\.stmcufinder\plugins\mcufinder//mcu/cs/
2025-09-12 20:07:37,208 [INFO] ApplicationProperties:184 - Using Application install path: C:\ST\STM32CubeIDE_1.19.0\STM32CubeIDE\plugins\com.st.stm32cube.common.mx_6.15.0.202507011659
2025-09-12 20:07:37,213 [INFO] PluginManage:196 - Search for loadable plugins [exclusion list=, ]
2025-09-12 20:07:37,215 [INFO] PluginManage:310 - Check plugin analytics
2025-09-12 20:07:37,595 [INFO] AnalyticsPlugin:253 - Accepted Software Licenses: 
2025-09-12 20:07:37,596 [INFO] AnalyticsPlugin:255 - Accepted CMSIS Pack Licenses: 
2025-09-12 20:07:37,596 [INFO] AnalyticsPlugin:257 - Accepted Firmware Licenses: 
2025-09-12 20:07:37,601 [INFO] PluginManage:359 - Loaded plugin analytics (category:tool,tabindex:-1)
2025-09-12 20:07:37,602 [INFO] PluginManage:310 - Check plugin cadmodel
2025-09-12 20:07:37,611 [INFO] CADModel:105 - Init CAD model plugin
2025-09-12 20:07:37,611 [INFO] PluginManage:359 - Loaded plugin cadmodel (category:power,tabindex:5)
2025-09-12 20:07:37,612 [INFO] PluginManage:310 - Check plugin clock
2025-09-12 20:07:37,632 [INFO] PluginManage:359 - Loaded plugin clock (category:base,tabindex:2)
2025-09-12 20:07:37,632 [INFO] PluginManage:310 - Check plugin ddr
2025-09-12 20:07:37,637 [INFO] PluginManage:359 - Loaded plugin ddr (category:tool,tabindex:6)
2025-09-12 20:07:37,637 [INFO] PluginManage:310 - Check plugin filemanager
2025-09-12 20:07:37,904 [INFO] PluginManage:359 - Loaded plugin filemanager (category:base,tabindex:10)
2025-09-12 20:07:37,904 [INFO] PluginManage:310 - Check plugin ipmanager
2025-09-12 20:07:37,915 [INFO] PluginManage:359 - Loaded plugin ipmanager (category:base,tabindex:5)
2025-09-12 20:07:37,915 [INFO] PluginManage:310 - Check plugin lpbam
2025-09-12 20:07:37,930 [INFO] PluginManage:359 - Loaded plugin lpbam (category:base,tabindex:0)
2025-09-12 20:07:37,930 [INFO] PluginManage:310 - Check plugin memorymap
2025-09-12 20:07:37,954 [INFO] PluginManage:359 - Loaded plugin memorymap (category:base,tabindex:4)
2025-09-12 20:07:37,954 [INFO] PluginManage:310 - Check plugin pinoutandconfiguration
2025-09-12 20:07:37,972 [INFO] PluginManage:359 - Loaded plugin pinoutandconfiguration (category:base,tabindex:1)
2025-09-12 20:07:37,973 [INFO] PluginManage:310 - Check plugin pinoutconfig
2025-09-12 20:07:38,146 [WARN] SupportedApi:132 - Cannot load RTOS API schema: s4s-elt-must-match.1: The content of 'definitions' must match (annotation?, (simpleType | complexType)?, (unique | key | keyref)*)). A problem was found starting at: attribute.
2025-09-12 20:07:38,375 [INFO] PluginManage:359 - Loaded plugin pinoutconfig (category:base,tabindex:0)
2025-09-12 20:07:38,375 [INFO] PluginManage:310 - Check plugin power
2025-09-12 20:07:38,392 [INFO] PluginManage:359 - Loaded plugin power (category:power,tabindex:4)
2025-09-12 20:07:38,392 [INFO] PluginManage:310 - Check plugin projectmanager
2025-09-12 20:07:38,417 [INFO] PluginManage:359 - Loaded plugin projectmanager (category:projectmanager,tabindex:4)
2025-09-12 20:07:38,417 [INFO] PluginManage:310 - Check plugin rif
2025-09-12 20:07:38,433 [INFO] PluginManage:359 - Loaded plugin rif (category:base,tabindex:3)
2025-09-12 20:07:38,434 [INFO] PluginManage:310 - Check plugin thirdparty
2025-09-12 20:07:38,680 [WARN] IntegrityCheckThread:84 - waiting for thirdparty lock release [integrity check]
2025-09-12 20:07:38,680 [INFO] PluginManage:359 - Loaded plugin thirdparty (category:base,tabindex:-1)
2025-09-12 20:07:38,681 [INFO] PluginManage:310 - Check plugin tools
2025-09-12 20:07:38,681 [INFO] IntegrityCheckThread:86 - entering critical section [integrity check]
2025-09-12 20:07:38,682 [INFO] ThirdPartyUpdaterWithRetryManager:70 - Updater plugin not ready yet. [1/15]
2025-09-12 20:07:38,686 [INFO] PluginManage:359 - Loaded plugin tools (category:base,tabindex:7)
2025-09-12 20:07:38,687 [INFO] PluginManage:310 - Check plugin tutovideos
2025-09-12 20:07:39,079 [INFO] PluginManage:359 - Loaded plugin tutovideos (category:base,tabindex:-1)
2025-09-12 20:07:39,079 [INFO] PluginManage:310 - Check plugin updater
2025-09-12 20:07:39,113 [INFO] PluginManage:359 - Loaded plugin updater (category:base,tabindex:12)
2025-09-12 20:07:39,113 [INFO] PluginManage:310 - Check plugin userauth
2025-09-12 20:07:39,120 [INFO] UserAuth:118 - Init User Auth plugin
2025-09-12 20:07:39,121 [INFO] PluginManage:359 - Loaded plugin userauth (category:base,tabindex:14)
2025-09-12 20:07:39,122 [INFO] PluginManage:283 - PluginManage : Loaded plugins [18]
2025-09-12 20:07:39,501 [INFO] PinOutPanel:1589 - setPackage(No Configuration,No Configuration)
2025-09-12 20:07:39,652 [INFO] CADModel:165 - CPN selected for project level
2025-09-12 20:07:39,652 [INFO] CADModel:114 - Register for checkConnection events
2025-09-12 20:07:39,683 [INFO] IPUIPlugin:80 - create IPUIPlugin
2025-09-12 20:07:39,683 [INFO] PluginManager:220 - loadIPPluginJar : add adc
2025-09-12 20:07:39,689 [INFO] IPUIPlugin:80 - create IPUIPlugin
2025-09-12 20:07:39,689 [INFO] PluginManager:220 - loadIPPluginJar : add aes
2025-09-12 20:07:39,694 [INFO] IPUIPlugin:80 - create IPUIPlugin
2025-09-12 20:07:39,694 [INFO] PluginManager:220 - loadIPPluginJar : add can
2025-09-12 20:07:39,697 [INFO] IPUIPlugin:80 - create IPUIPlugin
2025-09-12 20:07:39,698 [INFO] PluginManager:220 - loadIPPluginJar : add comp
2025-09-12 20:07:39,702 [INFO] IPUIPlugin:80 - create IPUIPlugin
2025-09-12 20:07:39,702 [INFO] PluginManager:220 - loadIPPluginJar : add cryp
2025-09-12 20:07:39,707 [INFO] IPUIPlugin:80 - create IPUIPlugin
2025-09-12 20:07:39,707 [INFO] PluginManager:220 - loadIPPluginJar : add ddr_ctrl_phy
2025-09-12 20:07:39,711 [INFO] IPUIPlugin:80 - create IPUIPlugin
2025-09-12 20:07:39,712 [INFO] PluginManager:220 - loadIPPluginJar : add dfsdm
2025-09-12 20:07:39,721 [INFO] IPUIPlugin:80 - create IPUIPlugin
2025-09-12 20:07:39,721 [INFO] PluginManager:220 - loadIPPluginJar : add dma
2025-09-12 20:07:39,726 [INFO] IPUIPlugin:80 - create IPUIPlugin
2025-09-12 20:07:39,727 [INFO] PluginManager:220 - loadIPPluginJar : add dma3
2025-09-12 20:07:39,731 [INFO] IPUIPlugin:80 - create IPUIPlugin
2025-09-12 20:07:39,732 [INFO] PluginManager:220 - loadIPPluginJar : add extmemmanager
2025-09-12 20:07:39,735 [INFO] IPUIPlugin:80 - create IPUIPlugin
2025-09-12 20:07:39,735 [INFO] PluginManager:220 - loadIPPluginJar : add fatfs
2025-09-12 20:07:39,743 [INFO] IPUIPlugin:80 - create IPUIPlugin
2025-09-12 20:07:39,744 [INFO] PluginManager:220 - loadIPPluginJar : add fmc
2025-09-12 20:07:39,754 [INFO] IPUIPlugin:80 - create IPUIPlugin
2025-09-12 20:07:39,755 [INFO] PluginManager:220 - loadIPPluginJar : add freertos
2025-09-12 20:07:39,759 [INFO] IPUIPlugin:80 - create IPUIPlugin
2025-09-12 20:07:39,759 [INFO] PluginManager:220 - loadIPPluginJar : add genericplugin
2025-09-12 20:07:39,765 [INFO] IPUIPlugin:80 - create IPUIPlugin
2025-09-12 20:07:39,765 [INFO] PluginManager:220 - loadIPPluginJar : add gfxmmu
2025-09-12 20:07:39,774 [INFO] IPUIPlugin:80 - create IPUIPlugin
2025-09-12 20:07:39,774 [INFO] PluginManager:220 - loadIPPluginJar : add gic
2025-09-12 20:07:39,781 [INFO] IPUIPlugin:80 - create IPUIPlugin
2025-09-12 20:07:39,781 [INFO] PluginManager:220 - loadIPPluginJar : add gpio
2025-09-12 20:07:39,787 [INFO] IPUIPlugin:80 - create IPUIPlugin
2025-09-12 20:07:39,787 [INFO] PluginManager:220 - loadIPPluginJar : add gtzc
2025-09-12 20:07:39,792 [INFO] IPUIPlugin:80 - create IPUIPlugin
2025-09-12 20:07:39,792 [INFO] PluginManager:220 - loadIPPluginJar : add hash
2025-09-12 20:07:39,797 [INFO] IPUIPlugin:80 - create IPUIPlugin
2025-09-12 20:07:39,797 [INFO] PluginManager:220 - loadIPPluginJar : add i2c
2025-09-12 20:07:39,803 [INFO] IPUIPlugin:80 - create IPUIPlugin
2025-09-12 20:07:39,803 [INFO] PluginManager:220 - loadIPPluginJar : add i2s
2025-09-12 20:07:39,810 [INFO] IPUIPlugin:80 - create IPUIPlugin
2025-09-12 20:07:39,810 [INFO] PluginManager:220 - loadIPPluginJar : add i3c
2025-09-12 20:07:39,816 [INFO] IPUIPlugin:80 - create IPUIPlugin
2025-09-12 20:07:39,817 [INFO] PluginManager:220 - loadIPPluginJar : add ipddr
2025-09-12 20:07:39,828 [INFO] IPUIPlugin:80 - create IPUIPlugin
2025-09-12 20:07:39,829 [INFO] PluginManager:220 - loadIPPluginJar : add linkedlist
2025-09-12 20:07:39,834 [INFO] IPUIPlugin:80 - create IPUIPlugin
2025-09-12 20:07:39,834 [INFO] PluginManager:220 - loadIPPluginJar : add lorawan
2025-09-12 20:07:39,838 [INFO] IPUIPlugin:80 - create IPUIPlugin
2025-09-12 20:07:39,838 [INFO] PluginManager:220 - loadIPPluginJar : add ltdc
2025-09-12 20:07:39,850 [INFO] IPUIPlugin:80 - create IPUIPlugin
2025-09-12 20:07:39,851 [INFO] PluginManager:220 - loadIPPluginJar : add mdma
2025-09-12 20:07:39,858 [INFO] IPUIPlugin:80 - create IPUIPlugin
2025-09-12 20:07:39,858 [INFO] PluginManager:220 - loadIPPluginJar : add nvic
2025-09-12 20:07:39,864 [INFO] IPUIPlugin:80 - create IPUIPlugin
2025-09-12 20:07:39,864 [INFO] PluginManager:220 - loadIPPluginJar : add opamp
2025-09-12 20:07:39,869 [INFO] IPUIPlugin:80 - create IPUIPlugin
2025-09-12 20:07:39,870 [INFO] PluginManager:220 - loadIPPluginJar : add openamp
2025-09-12 20:07:39,877 [INFO] IPUIPlugin:80 - create IPUIPlugin
2025-09-12 20:07:39,877 [INFO] PluginManager:220 - loadIPPluginJar : add pdm2pcm
2025-09-12 20:07:39,887 [INFO] IPUIPlugin:80 - create IPUIPlugin
2025-09-12 20:07:39,892 [INFO] PluginManager:220 - loadIPPluginJar : add plateformsettings
2025-09-12 20:07:39,895 [INFO] IPUIPlugin:80 - create IPUIPlugin
2025-09-12 20:07:39,895 [INFO] PluginManager:220 - loadIPPluginJar : add quadspi
2025-09-12 20:07:39,898 [INFO] IPUIPlugin:80 - create IPUIPlugin
2025-09-12 20:07:39,899 [INFO] PluginManager:220 - loadIPPluginJar : add radio
2025-09-12 20:07:39,907 [INFO] IPUIPlugin:80 - create IPUIPlugin
2025-09-12 20:07:39,907 [INFO] PluginManager:220 - loadIPPluginJar : add resmgrutility
2025-09-12 20:07:39,914 [INFO] IPUIPlugin:80 - create IPUIPlugin
2025-09-12 20:07:39,915 [INFO] PluginManager:220 - loadIPPluginJar : add sai
2025-09-12 20:07:39,919 [INFO] IPUIPlugin:80 - create IPUIPlugin
2025-09-12 20:07:39,919 [INFO] PluginManager:220 - loadIPPluginJar : add spi
2025-09-12 20:07:39,930 [INFO] IPUIPlugin:80 - create IPUIPlugin
2025-09-12 20:07:39,930 [INFO] PluginManager:220 - loadIPPluginJar : add stm32_wpan
2025-09-12 20:07:39,935 [INFO] IPUIPlugin:80 - create IPUIPlugin
2025-09-12 20:07:39,935 [INFO] PluginManager:220 - loadIPPluginJar : add tim
2025-09-12 20:07:39,947 [INFO] IPUIPlugin:80 - create IPUIPlugin
2025-09-12 20:07:39,947 [INFO] PluginManager:220 - loadIPPluginJar : add touchsensing
2025-09-12 20:07:39,951 [INFO] IPUIPlugin:80 - create IPUIPlugin
2025-09-12 20:07:39,951 [INFO] PluginManager:220 - loadIPPluginJar : add tracer_emb
2025-09-12 20:07:39,954 [INFO] IPUIPlugin:80 - create IPUIPlugin
2025-09-12 20:07:39,955 [INFO] PluginManager:220 - loadIPPluginJar : add ts
2025-09-12 20:07:39,958 [INFO] IPUIPlugin:80 - create IPUIPlugin
2025-09-12 20:07:39,958 [INFO] PluginManager:220 - loadIPPluginJar : add tsc
2025-09-12 20:07:39,962 [INFO] IPUIPlugin:80 - create IPUIPlugin
2025-09-12 20:07:39,962 [INFO] PluginManager:220 - loadIPPluginJar : add ucpd
2025-09-12 20:07:39,966 [INFO] IPUIPlugin:80 - create IPUIPlugin
2025-09-12 20:07:39,967 [INFO] PluginManager:220 - loadIPPluginJar : add usart
2025-09-12 20:07:39,972 [INFO] IPUIPlugin:80 - create IPUIPlugin
2025-09-12 20:07:39,972 [INFO] PluginManager:220 - loadIPPluginJar : add usbx
2025-09-12 20:07:40,155 [FATAL] Updater:351 - Updater called before beeing initialized
2025-09-12 20:07:40,210 [INFO] RulesReader:64 - Compatibility file has been processed (317 Rules)
2025-09-12 20:07:40,233 [INFO] RulesReader:64 - Compatibility file has been processed (317 Rules)
2025-09-12 20:07:40,258 [INFO] CADModel:165 - CPN selected for project level
2025-09-12 20:07:40,258 [INFO] CADModel:114 - Register for checkConnection events
2025-09-12 20:07:40,258 [FATAL] Updater:351 - Updater called before beeing initialized
2025-09-12 20:07:40,258 [ERROR] CADModel:125 - Updater not yet initialized, retry later 
2025-09-12 20:07:40,526 [FATAL] Updater:351 - Updater called before beeing initialized
2025-09-12 20:07:40,529 [INFO] CADModel:165 - CPN selected for project level
2025-09-12 20:07:40,530 [INFO] CADModel:114 - Register for checkConnection events
2025-09-12 20:07:40,530 [FATAL] Updater:351 - Updater called before beeing initialized
2025-09-12 20:07:40,530 [ERROR] CADModel:125 - Updater not yet initialized, retry later 
2025-09-12 20:07:40,536 [FATAL] Updater:351 - Updater called before beeing initialized
2025-09-12 20:07:40,750 [FATAL] Updater:351 - Updater called before beeing initialized
2025-09-12 20:07:40,758 [INFO] DbMcusAds:53 - JSON generation date=Tue Jul 08 13:44:23 IST 2025 (1751962463582)
2025-09-12 20:07:40,759 [FATAL] Updater:351 - Updater called before beeing initialized
2025-09-12 20:07:40,841 [WARN] DetailPanel:346 - Failed to get advertising image, set to default
2025-09-12 20:07:41,062 [FATAL] Updater:351 - Updater called before beeing initialized
2025-09-12 20:07:41,067 [FATAL] Updater:351 - Updater called before beeing initialized
2025-09-12 20:07:41,067 [FATAL] Updater:351 - Updater called before beeing initialized
2025-09-12 20:07:41,068 [WARN] DetailPanel:346 - Failed to get advertising image, set to default
2025-09-12 20:07:41,070 [FATAL] Updater:351 - Updater called before beeing initialized
2025-09-12 20:07:41,182 [ERROR] Updater:1198 - MainUpdater not yet initialized. External WinMGr cannot be set.
2025-09-12 20:07:41,185 [INFO] Updater:1134 - Updater Version found : 6.15.0
2025-09-12 20:07:41,216 [INFO] ApplicationProperties:184 - Using Application install path: C:\ST\STM32CubeIDE_1.19.0\STM32CubeIDE\plugins\com.st.stm32cube.common.mx_6.15.0.202507011659
2025-09-12 20:07:41,683 [INFO] ThirdPartyUpdaterWithRetryManager:70 - Updater plugin not ready yet. [2/15]
2025-09-12 20:07:42,806 [ERROR] LogOutputStream:75 - [STDERR_REDIRECT] Sep 12, 2025 8:07:42 PM java.util.prefs.WindowsPreferences <init>
2025-09-12 20:07:42,809 [ERROR] LogOutputStream:75 - [STDERR_REDIRECT] WARNING: Could not open/create prefs root node Software\JavaSoft\Prefs at root 0xffffffff80000002. Windows RegCreateKeyEx(...) returned error code 5.
2025-09-12 20:07:42,810 [ERROR] LogOutputStream:75 - [STDERR_REDIRECT] 
2025-09-12 20:07:43,437 [INFO] MainUpdater:2872 - connection check result : 10
2025-09-12 20:07:43,437 [INFO] MainUpdater:3604 - Updater definition file requires update
2025-09-12 20:07:43,439 [INFO] MainUpdater:289 - Updater Check For Update Now.
2025-09-12 20:07:43,439 [INFO] MicroXplorer:498 - Change Database Version : DB.6.0.150
2025-09-12 20:07:43,462 [INFO] McuFinderGlobals:63 - Set McuFinder mode to 2 (CubeIDE integrated)
2025-09-12 20:07:43,463 [INFO] UserAuth:171 - activating auth plugin
2025-09-12 20:07:43,467 [INFO] UserAuth:487 - Internet connection configuration mode: 1
2025-09-12 20:07:43,529 [INFO] JxBrowserEngine:152 - Initiate JxBrowser Engine with user profile folder
2025-09-12 20:07:43,719 [INFO] ServerAccessManage:452 - Complete download http(s) 200
2025-09-12 20:07:43,720 [INFO] ServerAccessManage:509 - Download File updaters.zip
2025-09-12 20:07:44,055 [INFO] FileExtend:248 - Unzip File : updaters.zip
2025-09-12 20:07:44,055 [INFO] FileExtend:263 - Standard Zip Deflate
2025-09-12 20:07:44,684 [WARN] MainUpdater:1193 - Updater busy. Cannot search thirdparties
2025-09-12 20:07:44,685 [INFO] ThirdPartyUpdaterWithRetryManager:96 - Updater plugin is busy. [1/15]
2025-09-12 20:07:45,359 [INFO] ServerAccessManage:452 - Complete download http(s) 200
2025-09-12 20:07:45,360 [INFO] ServerAccessManage:509 - Download File PacksControlFlags.xml
2025-09-12 20:07:45,974 [INFO] ServerAccessManage:452 - Complete download http(s) 200
2025-09-12 20:07:45,974 [INFO] ServerAccessManage:509 - Download File cubemx.pidx
2025-09-12 20:07:46,418 [INFO] LoadServerUpdatesThread:375 - End of LoadServerUpdate Thread
2025-09-12 20:07:46,755 [INFO] CheckServerUpdateThread:120 - End of CheckServer Thread
2025-09-12 20:07:49,015 [WARN] PackLoader:240 - Cannot read IP mode file for STMicroelectronics.FP-SNS-MOTENVWB1.1.4.0
2025-09-12 20:07:49,035 [WARN] PackLoader:240 - Cannot read IP mode file for STMicroelectronics.FP-ATR-ASTRA1.2.0.2
2025-09-12 20:07:49,056 [WARN] PackLoader:240 - Cannot read IP mode file for STMicroelectronics.X-CUBE-SMBUS.2.1.0
2025-09-12 20:07:49,067 [WARN] PackLoader:240 - Cannot read IP mode file for STMicroelectronics.X-CUBE-ST60.1.0.0
2025-09-12 20:07:49,148 [WARN] PackLoader:240 - Cannot read IP mode file for STMicroelectronics.X-CUBE-AZRTOS-F7.1.1.0
2025-09-12 20:07:49,186 [WARN] PackLoader:240 - Cannot read IP mode file for WES.I-CUBE-Cesium.1.4.0
2025-09-12 20:07:49,327 [WARN] PackLoader:240 - Cannot read IP mode file for Infineon.AIROC-Wi-Fi-Bluetooth-STM32.1.7.1
2025-09-12 20:07:49,436 [WARN] PackLoader:240 - Cannot read IP mode file for STMicroelectronics.X-CUBE-AZRTOS-H7.3.4.0
2025-09-12 20:07:49,475 [WARN] PackLoader:240 - Cannot read IP mode file for STMicroelectronics.X-CUBE-DISPLAY.3.0.0
2025-09-12 20:07:49,510 [WARN] PackLoader:240 - Cannot read IP mode file for STMicroelectronics.X-CUBE-NFC10.1.0.0
2025-09-12 20:07:49,525 [WARN] PackLoader:240 - Cannot read IP mode file for emotas.I-CUBE-CANOPEN.1.3.0
2025-09-12 20:07:49,544 [WARN] PackLoader:240 - Cannot read IP mode file for STMicroelectronics.FP-SNS-STBOX1.2.1.0
2025-09-12 20:07:49,562 [WARN] PackLoader:240 - Cannot read IP mode file for STMicroelectronics.FP-SNS-SMARTAG2.1.2.0
2025-09-12 20:07:49,591 [WARN] PackLoader:240 - Cannot read IP mode file for STMicroelectronics.FP-SNS-FLIGHT1.5.1.0
2025-09-12 20:07:49,619 [INFO] LogOutputStream:77 - [STDOUT_REDIRECT] 1 : Invalid condition id : UX_CORESTACK_Condition cause : null
2025-09-12 20:07:49,620 [INFO] LogOutputStream:77 - [STDOUT_REDIRECT] 1 : Invalid condition id : UX_CORESTACK_Condition cause : null
2025-09-12 20:07:49,622 [INFO] LogOutputStream:77 - [STDOUT_REDIRECT] 1 : Invalid condition id : UX_CORESTACK_Condition cause : null
2025-09-12 20:07:49,627 [INFO] LogOutputStream:77 - [STDOUT_REDIRECT] 1 : Invalid condition id : UX_CORESTACK_Condition cause : null
2025-09-12 20:07:49,629 [INFO] LogOutputStream:77 - [STDOUT_REDIRECT] 1 : Invalid condition id : UX_CORESTACK_Condition cause : null
2025-09-12 20:07:49,637 [WARN] PackLoader:240 - Cannot read IP mode file for STMicroelectronics.X-CUBE-AZRTOS-WL.2.0.0
2025-09-12 20:07:49,649 [WARN] PackLoader:240 - Cannot read IP mode file for STMicroelectronics.FP-SNS-MOTENV1.5.0.0
2025-09-12 20:07:49,671 [WARN] PackLoader:240 - Cannot read IP mode file for STMicroelectronics.X-CUBE-BLE2.3.3.0
2025-09-12 20:07:49,686 [WARN] PackLoader:240 - Cannot read IP mode file for STMicroelectronics.X-CUBE-NFC9.1.0.0
2025-09-12 20:07:49,700 [WARN] PackLoader:240 - Cannot read IP mode file for wolfSSL.I-CUBE-wolfSSL.5.8.2
2025-09-12 20:07:49,718 [WARN] PackLoader:240 - Cannot read IP mode file for STMicroelectronics.X-CUBE-BLE1.7.1.0
2025-09-12 20:07:49,732 [WARN] PackLoader:240 - Cannot read IP mode file for wolfSSL.I-CUBE-wolfMQTT.1.19.2
2025-09-12 20:07:49,747 [WARN] PackLoader:240 - Cannot read IP mode file for STMicroelectronics.X-CUBE-EEPRMA1.5.2.0
2025-09-12 20:07:49,786 [WARN] PackLoader:240 - Cannot read IP mode file for STMicroelectronics.X-CUBE-AZRTOS-G0.1.1.0
2025-09-12 20:07:49,803 [WARN] PackLoader:240 - Cannot read IP mode file for STMicroelectronics.X-CUBE-SAFEA1.1.2.2
2025-09-12 20:07:49,814 [WARN] PackLoader:240 - Cannot read IP mode file for STMicroelectronics.X-CUBE-NFC4.3.0.0
2025-09-12 20:07:49,834 [WARN] PackLoader:240 - Cannot read IP mode file for EmbeddedOffice.I-CUBE-FS-RTOS.1.0.1
2025-09-12 20:07:49,850 [WARN] PackLoader:240 - Cannot read IP mode file for STMicroelectronics.X-CUBE-WB05N.2.0.0
2025-09-12 20:07:49,860 [WARN] PackLoader:240 - Cannot read IP mode file for wolfSSL.I-CUBE-wolfTPM.3.8.0
2025-09-12 20:07:49,870 [WARN] PackLoader:240 - Cannot read IP mode file for STMicroelectronics.X-CUBE-TCPP.4.2.0
2025-09-12 20:07:49,885 [WARN] PackLoader:240 - Cannot read IP mode file for RealThread.X-CUBE-RT-Thread_Nano.4.1.1
2025-09-12 20:07:49,893 [WARN] PackLoader:240 - Cannot read IP mode file for STMicroelectronics.FP-ATR-SIGFOX1.3.2.0
2025-09-12 20:07:49,907 [WARN] PackLoader:240 - Cannot read IP mode file for ITTIA_DB.I-CUBE-ITTIADB.8.9.0
2025-09-12 20:07:49,928 [WARN] PackLoader:240 - Cannot read IP mode file for STMicroelectronics.X-CUBE-ST67W61.1.0.0
2025-09-12 20:07:49,942 [WARN] PackLoader:240 - Cannot read IP mode file for STMicroelectronics.X-CUBE-AI.10.2.0
2025-09-12 20:07:50,001 [WARN] PackLoader:240 - Cannot read IP mode file for SEGGER.I-CUBE-embOS.1.3.1
2025-09-12 20:07:50,103 [WARN] PackLoader:240 - Cannot read IP mode file for STMicroelectronics.X-CUBE-ALGOBUILD.1.4.0
2025-09-12 20:07:50,205 [WARN] PackLoader:240 - Cannot read IP mode file for STMicroelectronics.X-CUBE-MEMS1.11.3.0
2025-09-12 20:07:50,703 [WARN] PackLoader:240 - Cannot read IP mode file for STMicroelectronics.X-CUBE-PM33A1.1.0.0
2025-09-12 20:07:50,747 [WARN] PackLoader:240 - Cannot read IP mode file for STMicroelectronics.X-CUBE-AZRTOS-F4.1.1.0
2025-09-12 20:07:50,762 [WARN] PackLoader:240 - Cannot read IP mode file for Avnet-IotConnect.X-CUBE-IoTC-DA16k-PMOD.1.0.0
2025-09-12 20:07:50,772 [WARN] PackLoader:240 - Cannot read IP mode file for STMicroelectronics.X-CUBE-ISPU.2.1.0
2025-09-12 20:07:50,785 [WARN] PackLoader:240 - Cannot read IP mode file for STMicroelectronics.X-CUBE-NFC12.1.0.0
2025-09-12 20:07:50,829 [WARN] PackLoader:240 - Cannot read IP mode file for STMicroelectronics.X-CUBE-AZRTOS-L5.2.0.0
2025-09-12 20:07:50,853 [WARN] PackLoader:240 - Cannot read IP mode file for STMicroelectronics.X-CUBE-NFC6.3.1.0
2025-09-12 20:07:50,868 [WARN] PackLoader:240 - Cannot read IP mode file for STMicroelectronics.X-CUBE-FREERTOS.1.3.1
2025-09-12 20:07:50,879 [WARN] PackLoader:240 - Cannot read IP mode file for STMicroelectronics.FP-SNS-STAIOTCFT.1.0.0
2025-09-12 20:07:50,895 [WARN] PackLoader:240 - Cannot read IP mode file for STMicroelectronics.X-CUBE-DPower.1.3.0
2025-09-12 20:07:50,934 [WARN] ConditionMgr:438 - getConditionDescription Invalid condition id : LAN8742 Phy interface Condition cause : null
2025-09-12 20:07:50,935 [WARN] PackLoader:240 - Cannot read IP mode file for STMicroelectronics.X-CUBE-AZRTOS-L4.2.0.0
2025-09-12 20:07:50,938 [WARN] ConditionMgr:1044 - genDependencies : Invalid condition id : LAN8742 Phy interface Condition cause : null
2025-09-12 20:07:50,938 [WARN] ConditionMgr:1044 - genDependencies : Invalid condition id : LAN8742 Phy interface Condition cause : null
2025-09-12 20:07:50,939 [WARN] ConditionMgr:1044 - genDependencies : Invalid condition id : LAN8742 Phy interface Condition cause : null
2025-09-12 20:07:50,957 [WARN] PackLoader:240 - Cannot read IP mode file for STMicroelectronics.X-CUBE-SFXS2LP1.4.0.0
2025-09-12 20:07:50,978 [WARN] PackLoader:240 - Cannot read IP mode file for STMicroelectronics.X-CUBE-BLEMGR.4.1.0
2025-09-12 20:07:51,005 [WARN] ConditionMgr:438 - getConditionDescription Invalid condition id : UX DEVICE CLASS RTOS Condition cause : null
2025-09-12 20:07:51,005 [WARN] ConditionMgr:438 - getConditionDescription Invalid condition id : UX DEVICE CLASS RTOS Condition cause : null
2025-09-12 20:07:51,009 [WARN] PackLoader:240 - Cannot read IP mode file for STMicroelectronics.X-CUBE-AZRTOS-WB.2.0.0
2025-09-12 20:07:51,010 [WARN] ConditionMgr:1044 - genDependencies : Invalid condition id : UX DEVICE CLASS RTOS Condition cause : null
2025-09-12 20:07:51,010 [WARN] ConditionMgr:1044 - genDependencies : Invalid condition id : UX DEVICE CLASS RTOS Condition cause : null
2025-09-12 20:07:51,011 [WARN] ConditionMgr:1044 - genDependencies : Invalid condition id : UX DEVICE CLASS RTOS Condition cause : null
2025-09-12 20:07:51,012 [WARN] ConditionMgr:1044 - genDependencies : Invalid condition id : UX DEVICE CLASS RTOS Condition cause : null
2025-09-12 20:07:51,012 [WARN] ConditionMgr:1044 - genDependencies : Invalid condition id : UX DEVICE CLASS RTOS Condition cause : null
2025-09-12 20:07:51,027 [WARN] PackLoader:240 - Cannot read IP mode file for STMicroelectronics.X-CUBE-GNSS1.7.0.1
2025-09-12 20:07:51,037 [WARN] PackLoader:240 - Cannot read IP mode file for STMicroelectronics.X-CUBE-TOUCHGFX.4.25.0
2025-09-12 20:07:51,047 [WARN] ConditionMgr:438 - getConditionDescription Invalid condition id : Cortex-A Device cause : null
2025-09-12 20:07:51,081 [WARN] ConditionMgr:1044 - genDependencies : Invalid condition id : Cortex-A Device cause : null
2025-09-12 20:07:51,081 [WARN] ConditionMgr:1044 - genDependencies : Invalid condition id : Cortex-A Device cause : null
2025-09-12 20:07:51,081 [WARN] ConditionMgr:1044 - genDependencies : Invalid condition id : Cortex-A Device cause : null
2025-09-12 20:07:51,114 [WARN] PackLoader:240 - Cannot read IP mode file for STMicroelectronics.X-CUBE-SUBG2.5.0.0
2025-09-12 20:07:51,164 [WARN] PackLoader:240 - Cannot read IP mode file for STMicroelectronics.X-CUBE-AZRTOS-H7RS.1.1.0
2025-09-12 20:07:51,176 [WARN] PackLoader:240 - Cannot read IP mode file for Cesanta.I-CUBE-Mongoose.7.13.0
2025-09-12 20:07:51,266 [WARN] PackLoader:240 - Cannot read IP mode file for STMicroelectronics.X-CUBE-AZRTOS-G4.2.0.0
2025-09-12 20:07:51,347 [WARN] PackLoader:240 - Cannot read IP mode file for wolfSSL.I-CUBE-wolfSSH.1.4.20
2025-09-12 20:07:51,375 [WARN] PackLoader:240 - Cannot read IP mode file for STMicroelectronics.X-CUBE-NFC7.2.0.0
2025-09-12 20:07:51,447 [WARN] PackLoader:240 - Cannot read IP mode file for STMicroelectronics.X-CUBE-IPS.3.1.0
2025-09-12 20:07:51,507 [WARN] PackLoader:240 - Cannot read IP mode file for STMicroelectronics.X-CUBE-ALS.1.0.2
2025-09-12 20:07:51,557 [WARN] PackLoader:240 - Cannot read IP mode file for STMicroelectronics.X-CUBE-STSE01.1.0.0
2025-09-12 20:07:51,605 [WARN] PackLoader:240 - Cannot read IP mode file for STMicroelectronics.X-CUBE-TOF1.3.4.3
2025-09-12 20:07:51,633 [INFO] ThirdParty:978 - Integrity check success = true
2025-09-12 20:07:51,633 [INFO] IntegrityCheckThread:100 - exiting critical section [integrity check]
2025-09-12 20:07:51,633 [INFO] IntegrityCheckThread:103 - End integrity checks thread
2025-09-12 20:07:53,520 [INFO] WebApp:169 - Instantiating new browser for Auth
2025-09-12 20:07:56,041 [INFO] WebApp:463 - Apply proxy settings
2025-09-12 20:07:56,042 [INFO] WebApp:548 - Chromium requires no authentication
2025-09-12 20:07:56,065 [INFO] WebApp:491 - Direct internet connection detected
2025-09-12 20:07:56,116 [INFO] WebApp:900 - Register for checkConnection events
2025-09-12 20:07:56,117 [INFO] WebApp:463 - Apply proxy settings
2025-09-12 20:07:56,117 [INFO] WebApp:548 - Chromium requires no authentication
2025-09-12 20:07:56,118 [INFO] WebApp:491 - Direct internet connection detected
2025-09-12 20:07:56,554 [INFO] WebApp:225 - Starting web application
2025-09-12 20:07:56,555 [INFO] WebApp:593 - Web application path used C:\ST\STM32CubeIDE_1.19.0\STM32CubeIDE\plugins\com.st.stm32cube.common.mx_6.15.0.202507011659\db\plugins\mcufinder\reactClient1\index.html
2025-09-12 20:07:57,020 [INFO] WebApp:191 - Connection restablished
2025-09-12 20:08:09,626 [INFO] WebApp:194 - Connection lost
2025-09-12 20:08:10,008 [INFO] WebApp:191 - Connection restablished
2025-09-12 20:12:41,177 [INFO] WebApp:194 - Connection lost
2025-09-12 20:18:37,174 [ERROR] ConfigurationRetriever:142 - IOException on connection: sw-center.st.com
2025-09-12 20:18:37,187 [ERROR] ConfigurationRetriever:142 - IOException on connection: sw-center.st.com
2025-09-12 20:18:37,188 [ERROR] ConfigurationRetriever:142 - IOException on connection: sw-center.st.com
2025-09-12 21:06:05,351 [ERROR] ConfigurationRetriever:142 - IOException on connection: sw-center.st.com
2025-09-12 21:06:05,363 [ERROR] ConfigurationRetriever:142 - IOException on connection: sw-center.st.com
2025-09-12 21:06:05,364 [ERROR] ConfigurationRetriever:142 - IOException on connection: sw-center.st.com
2025-09-12 21:15:50,222 [ERROR] ConfigurationRetriever:142 - IOException on connection: sw-center.st.com
2025-09-12 21:15:50,232 [ERROR] ConfigurationRetriever:142 - IOException on connection: sw-center.st.com
2025-09-12 21:15:50,234 [ERROR] ConfigurationRetriever:142 - IOException on connection: sw-center.st.com
2025-09-12 21:17:53,490 [ERROR] ConfigurationRetriever:142 - IOException on connection: sw-center.st.com
2025-09-12 21:17:53,492 [ERROR] ConfigurationRetriever:142 - IOException on connection: sw-center.st.com
2025-09-12 21:17:53,494 [ERROR] ConfigurationRetriever:142 - IOException on connection: sw-center.st.com
2025-09-12 21:18:24,316 [ERROR] ConfigurationRetriever:142 - IOException on connection: sw-center.st.com
2025-09-12 21:18:24,318 [ERROR] ConfigurationRetriever:142 - IOException on connection: sw-center.st.com
2025-09-12 21:18:24,320 [ERROR] ConfigurationRetriever:142 - IOException on connection: sw-center.st.com
2025-09-12 21:19:21,005 [ERROR] ConfigurationRetriever:142 - IOException on connection: sw-center.st.com
2025-09-12 21:19:21,009 [ERROR] ConfigurationRetriever:142 - IOException on connection: sw-center.st.com
2025-09-12 21:19:21,011 [ERROR] ConfigurationRetriever:142 - IOException on connection: sw-center.st.com
2025-09-12 21:20:34,208 [ERROR] ConfigurationRetriever:142 - IOException on connection: sw-center.st.com
2025-09-12 21:20:34,213 [ERROR] ConfigurationRetriever:142 - IOException on connection: sw-center.st.com
2025-09-12 21:20:34,215 [ERROR] ConfigurationRetriever:142 - IOException on connection: sw-center.st.com
2025-09-12 21:49:42,944 [ERROR] ConfigurationRetriever:142 - IOException on connection: sw-center.st.com
2025-09-12 21:49:42,962 [ERROR] ConfigurationRetriever:142 - IOException on connection: sw-center.st.com
2025-09-12 21:49:42,963 [ERROR] ConfigurationRetriever:142 - IOException on connection: sw-center.st.com
2025-09-12 21:50:11,532 [ERROR] ConfigurationRetriever:142 - IOException on connection: sw-center.st.com
2025-09-12 21:50:11,534 [ERROR] ConfigurationRetriever:142 - IOException on connection: sw-center.st.com
2025-09-12 21:50:11,539 [ERROR] ConfigurationRetriever:142 - IOException on connection: sw-center.st.com
2025-09-12 21:51:25,223 [ERROR] ConfigurationRetriever:142 - IOException on connection: sw-center.st.com
2025-09-12 21:51:25,226 [ERROR] ConfigurationRetriever:142 - IOException on connection: sw-center.st.com
2025-09-12 21:51:25,228 [ERROR] ConfigurationRetriever:142 - IOException on connection: sw-center.st.com
2025-09-12 21:58:55,176 [INFO] WebApp:191 - Connection restablished
2025-09-12 21:59:19,292 [INFO] WebApp:194 - Connection lost
2025-09-12 21:59:20,679 [INFO] WebApp:191 - Connection restablished
2025-09-12 21:59:22,317 [INFO] WebApp:194 - Connection lost
2025-09-12 21:59:22,748 [INFO] WebApp:191 - Connection restablished
2025-09-12 22:01:21,052 [ERROR] LogOutputStream:75 - [STDERR_REDIRECT] 
