2025-09-19 19:10:45,411 [INFO] Activator:176 - 


2025-09-19 19:10:45,425 [INFO] Activator:177 - !SESSION log4j initialized
2025-09-19 19:10:58,480 [INFO] LogOutputStream:77 - [STDOUT_REDIRECT] 
2025-09-19 19:10:59,042 [ERROR] ConfigurationRetriever:142 - IOException on connection: sw-center.st.com
2025-09-19 19:10:59,043 [ERROR] ConfigurationRetriever:142 - IOException on connection: sw-center.st.com
2025-09-19 19:10:59,044 [ERROR] ConfigurationRetriever:142 - IOException on connection: sw-center.st.com
2025-09-19 19:11:00,137 [INFO] ApplicationProperties:184 - Using Application install path: C:\ST\STM32CubeIDE_1.19.0\STM32CubeIDE\plugins\com.st.stm32cube.common.mx_6.15.0.202507011659
2025-09-19 19:11:00,173 [INFO] DbMcusXml:78 - Set database path to: C:\ST\STM32CubeIDE_1.19.0\STM32CubeIDE\plugins\com.st.stm32cube.common.mx_6.15.0.202507011659\\db\/mcu/
2025-09-19 19:11:00,173 [INFO] ApiDb:274 - Set plugin database path to: C:\ST\STM32CubeIDE_1.19.0\STM32CubeIDE\plugins\com.st.stm32cube.common.mx_6.15.0.202507011659\\db\/plugins/boardmanager/
2025-09-19 19:11:00,174 [WARN] ApiDb:259 - Overriding images path with different value:  => C:\ST\STM32CubeIDE_1.19.0\STM32CubeIDE\plugins\com.st.stm32cube.common.mx_6.15.0.202507011659\\db\/plugins/mcufinder/images/
2025-09-19 19:11:00,191 [INFO] ApiDb:250 - Set database path to: C:\Users\aksha\.stmcufinder\plugins\mcufinder//mcu/
2025-09-19 19:11:00,192 [INFO] DbMcusAds:125 - Set database path to: C:\Users\aksha\.stmcufinder\plugins\mcufinder//mcu/
2025-09-19 19:11:00,197 [INFO] CrossReferenceDbSqlite:203 - Set database path to: C:\Users\aksha\.stmcufinder\plugins\mcufinder//mcu/cs/
2025-09-19 19:11:00,460 [INFO] RulesReader:64 - Compatibility file has been processed (317 Rules)
2025-09-19 19:11:00,678 [INFO] DbMcusXml:78 - Set database path to: C:\ST\STM32CubeIDE_1.19.0\STM32CubeIDE\plugins\com.st.stm32cube.common.mx_6.15.0.202507011659\\db\/mcu/
2025-09-19 19:11:00,678 [INFO] ApiDb:274 - Set plugin database path to: C:\ST\STM32CubeIDE_1.19.0\STM32CubeIDE\plugins\com.st.stm32cube.common.mx_6.15.0.202507011659\\db\/plugins/boardmanager/
2025-09-19 19:11:00,679 [INFO] ApiDb:261 - Set plugin images path to: C:\ST\STM32CubeIDE_1.19.0\STM32CubeIDE\plugins\com.st.stm32cube.common.mx_6.15.0.202507011659\\db\/plugins/mcufinder/images/
2025-09-19 19:11:00,679 [WARN] DbFile:41 - Overriding database path with different value: C:\Users\aksha\.stmcufinder\plugins\mcufinder/ => C:\Users\aksha\.stmcufinder\plugins\mcufinder
2025-09-19 19:11:00,679 [INFO] ApiDb:250 - Set database path to: C:\Users\aksha\.stmcufinder\plugins\mcufinder//mcu/
2025-09-19 19:11:00,680 [WARN] DbFile:41 - Overriding database path with different value: C:\Users\aksha\.stmcufinder\plugins\mcufinder/ => C:\Users\aksha\.stmcufinder\plugins\mcufinder
2025-09-19 19:11:00,680 [INFO] DbMcusAds:125 - Set database path to: C:\Users\aksha\.stmcufinder\plugins\mcufinder//mcu/
2025-09-19 19:11:00,680 [WARN] DbFile:41 - Overriding database path with different value: C:\Users\aksha\.stmcufinder\plugins\mcufinder/ => C:\Users\aksha\.stmcufinder\plugins\mcufinder
2025-09-19 19:11:00,680 [WARN] DbFile:41 - Overriding database path with different value: C:\Users\aksha\.stmcufinder\plugins\mcufinder/ => C:\Users\aksha\.stmcufinder\plugins\mcufinder
2025-09-19 19:11:00,681 [INFO] CrossReferenceDbSqlite:203 - Set database path to: C:\Users\aksha\.stmcufinder\plugins\mcufinder//mcu/cs/
2025-09-19 19:11:00,932 [INFO] MainPanel:274 - HeapMemory: 268435456
2025-09-19 19:11:01,174 [INFO] DbMcusXml:78 - Set database path to: C:\ST\STM32CubeIDE_1.19.0\STM32CubeIDE\plugins\com.st.stm32cube.common.mx_6.15.0.202507011659\\db\/mcu/
2025-09-19 19:11:01,175 [INFO] ApiDb:274 - Set plugin database path to: C:\ST\STM32CubeIDE_1.19.0\STM32CubeIDE\plugins\com.st.stm32cube.common.mx_6.15.0.202507011659\\db\/plugins/boardmanager/
2025-09-19 19:11:01,175 [INFO] ApiDb:261 - Set plugin images path to: C:\ST\STM32CubeIDE_1.19.0\STM32CubeIDE\plugins\com.st.stm32cube.common.mx_6.15.0.202507011659\\db\/plugins/mcufinder/images/
2025-09-19 19:11:01,176 [WARN] DbFile:41 - Overriding database path with different value: C:\Users\aksha\.stmcufinder\plugins\mcufinder/ => C:\Users\aksha\.stmcufinder\plugins\mcufinder
2025-09-19 19:11:01,177 [INFO] ApiDb:250 - Set database path to: C:\Users\aksha\.stmcufinder\plugins\mcufinder//mcu/
2025-09-19 19:11:01,177 [WARN] DbFile:41 - Overriding database path with different value: C:\Users\aksha\.stmcufinder\plugins\mcufinder/ => C:\Users\aksha\.stmcufinder\plugins\mcufinder
2025-09-19 19:11:01,177 [INFO] DbMcusAds:125 - Set database path to: C:\Users\aksha\.stmcufinder\plugins\mcufinder//mcu/
2025-09-19 19:11:01,177 [WARN] DbFile:41 - Overriding database path with different value: C:\Users\aksha\.stmcufinder\plugins\mcufinder/ => C:\Users\aksha\.stmcufinder\plugins\mcufinder
2025-09-19 19:11:01,177 [WARN] DbFile:41 - Overriding database path with different value: C:\Users\aksha\.stmcufinder\plugins\mcufinder/ => C:\Users\aksha\.stmcufinder\plugins\mcufinder
2025-09-19 19:11:01,178 [INFO] CrossReferenceDbSqlite:203 - Set database path to: C:\Users\aksha\.stmcufinder\plugins\mcufinder//mcu/cs/
2025-09-19 19:11:01,220 [INFO] ApplicationProperties:184 - Using Application install path: C:\ST\STM32CubeIDE_1.19.0\STM32CubeIDE\plugins\com.st.stm32cube.common.mx_6.15.0.202507011659
2025-09-19 19:11:01,223 [INFO] PluginManage:196 - Search for loadable plugins [exclusion list=, ]
2025-09-19 19:11:01,226 [INFO] PluginManage:310 - Check plugin analytics
2025-09-19 19:11:01,659 [INFO] AnalyticsPlugin:253 - Accepted Software Licenses: 
2025-09-19 19:11:01,659 [INFO] AnalyticsPlugin:255 - Accepted CMSIS Pack Licenses: 
2025-09-19 19:11:01,660 [INFO] AnalyticsPlugin:257 - Accepted Firmware Licenses: 
2025-09-19 19:11:01,665 [INFO] PluginManage:359 - Loaded plugin analytics (category:tool,tabindex:-1)
2025-09-19 19:11:01,665 [ERROR] ConfigurationRetriever:142 - IOException on connection: sw-center.st.com
2025-09-19 19:11:01,665 [INFO] PluginManage:310 - Check plugin cadmodel
2025-09-19 19:11:01,666 [ERROR] ConfigurationRetriever:142 - IOException on connection: sw-center.st.com
2025-09-19 19:11:01,667 [ERROR] ConfigurationRetriever:142 - IOException on connection: sw-center.st.com
2025-09-19 19:11:01,676 [INFO] CADModel:105 - Init CAD model plugin
2025-09-19 19:11:01,677 [INFO] PluginManage:359 - Loaded plugin cadmodel (category:power,tabindex:5)
2025-09-19 19:11:01,677 [INFO] PluginManage:310 - Check plugin clock
2025-09-19 19:11:01,699 [INFO] PluginManage:359 - Loaded plugin clock (category:base,tabindex:2)
2025-09-19 19:11:01,699 [INFO] PluginManage:310 - Check plugin ddr
2025-09-19 19:11:01,705 [INFO] PluginManage:359 - Loaded plugin ddr (category:tool,tabindex:6)
2025-09-19 19:11:01,705 [INFO] PluginManage:310 - Check plugin filemanager
2025-09-19 19:11:02,011 [INFO] PluginManage:359 - Loaded plugin filemanager (category:base,tabindex:10)
2025-09-19 19:11:02,011 [INFO] PluginManage:310 - Check plugin ipmanager
2025-09-19 19:11:02,027 [INFO] PluginManage:359 - Loaded plugin ipmanager (category:base,tabindex:5)
2025-09-19 19:11:02,027 [INFO] PluginManage:310 - Check plugin lpbam
2025-09-19 19:11:02,046 [INFO] PluginManage:359 - Loaded plugin lpbam (category:base,tabindex:0)
2025-09-19 19:11:02,046 [INFO] PluginManage:310 - Check plugin memorymap
2025-09-19 19:11:02,075 [INFO] PluginManage:359 - Loaded plugin memorymap (category:base,tabindex:4)
2025-09-19 19:11:02,076 [INFO] PluginManage:310 - Check plugin pinoutandconfiguration
2025-09-19 19:11:02,096 [INFO] PluginManage:359 - Loaded plugin pinoutandconfiguration (category:base,tabindex:1)
2025-09-19 19:11:02,097 [INFO] PluginManage:310 - Check plugin pinoutconfig
2025-09-19 19:11:02,296 [WARN] SupportedApi:132 - Cannot load RTOS API schema: s4s-elt-must-match.1: The content of 'definitions' must match (annotation?, (simpleType | complexType)?, (unique | key | keyref)*)). A problem was found starting at: attribute.
2025-09-19 19:11:02,703 [INFO] PluginManage:359 - Loaded plugin pinoutconfig (category:base,tabindex:0)
2025-09-19 19:11:02,704 [INFO] PluginManage:310 - Check plugin power
2025-09-19 19:11:02,730 [INFO] PluginManage:359 - Loaded plugin power (category:power,tabindex:4)
2025-09-19 19:11:02,731 [INFO] PluginManage:310 - Check plugin projectmanager
2025-09-19 19:11:02,774 [INFO] PluginManage:359 - Loaded plugin projectmanager (category:projectmanager,tabindex:4)
2025-09-19 19:11:02,775 [INFO] PluginManage:310 - Check plugin rif
2025-09-19 19:11:02,793 [INFO] PluginManage:359 - Loaded plugin rif (category:base,tabindex:3)
2025-09-19 19:11:02,794 [INFO] PluginManage:310 - Check plugin thirdparty
2025-09-19 19:11:03,103 [INFO] PluginManage:359 - Loaded plugin thirdparty (category:base,tabindex:-1)
2025-09-19 19:11:03,103 [INFO] PluginManage:310 - Check plugin tools
2025-09-19 19:11:03,101 [WARN] IntegrityCheckThread:84 - waiting for thirdparty lock release [integrity check]
2025-09-19 19:11:03,103 [INFO] IntegrityCheckThread:86 - entering critical section [integrity check]
2025-09-19 19:11:03,104 [INFO] ThirdPartyUpdaterWithRetryManager:70 - Updater plugin not ready yet. [1/15]
2025-09-19 19:11:03,108 [INFO] PluginManage:359 - Loaded plugin tools (category:base,tabindex:7)
2025-09-19 19:11:03,108 [INFO] PluginManage:310 - Check plugin tutovideos
2025-09-19 19:11:03,578 [INFO] PluginManage:359 - Loaded plugin tutovideos (category:base,tabindex:-1)
2025-09-19 19:11:03,578 [INFO] PluginManage:310 - Check plugin updater
2025-09-19 19:11:03,628 [INFO] PluginManage:359 - Loaded plugin updater (category:base,tabindex:12)
2025-09-19 19:11:03,628 [INFO] PluginManage:310 - Check plugin userauth
2025-09-19 19:11:03,640 [INFO] UserAuth:118 - Init User Auth plugin
2025-09-19 19:11:03,643 [INFO] PluginManage:359 - Loaded plugin userauth (category:base,tabindex:14)
2025-09-19 19:11:03,644 [INFO] PluginManage:283 - PluginManage : Loaded plugins [18]
2025-09-19 19:11:04,246 [INFO] PinOutPanel:1589 - setPackage(No Configuration,No Configuration)
2025-09-19 19:11:04,473 [INFO] CADModel:165 - CPN selected for project level
2025-09-19 19:11:04,474 [INFO] CADModel:114 - Register for checkConnection events
2025-09-19 19:11:04,512 [INFO] IPUIPlugin:80 - create IPUIPlugin
2025-09-19 19:11:04,513 [INFO] PluginManager:220 - loadIPPluginJar : add adc
2025-09-19 19:11:04,520 [INFO] IPUIPlugin:80 - create IPUIPlugin
2025-09-19 19:11:04,520 [INFO] PluginManager:220 - loadIPPluginJar : add aes
2025-09-19 19:11:04,526 [INFO] IPUIPlugin:80 - create IPUIPlugin
2025-09-19 19:11:04,527 [INFO] PluginManager:220 - loadIPPluginJar : add can
2025-09-19 19:11:04,530 [INFO] IPUIPlugin:80 - create IPUIPlugin
2025-09-19 19:11:04,531 [INFO] PluginManager:220 - loadIPPluginJar : add comp
2025-09-19 19:11:04,539 [INFO] IPUIPlugin:80 - create IPUIPlugin
2025-09-19 19:11:04,539 [INFO] PluginManager:220 - loadIPPluginJar : add cryp
2025-09-19 19:11:04,546 [INFO] IPUIPlugin:80 - create IPUIPlugin
2025-09-19 19:11:04,546 [INFO] PluginManager:220 - loadIPPluginJar : add ddr_ctrl_phy
2025-09-19 19:11:04,554 [INFO] IPUIPlugin:80 - create IPUIPlugin
2025-09-19 19:11:04,554 [INFO] PluginManager:220 - loadIPPluginJar : add dfsdm
2025-09-19 19:11:04,565 [INFO] IPUIPlugin:80 - create IPUIPlugin
2025-09-19 19:11:04,566 [INFO] PluginManager:220 - loadIPPluginJar : add dma
2025-09-19 19:11:04,573 [INFO] IPUIPlugin:80 - create IPUIPlugin
2025-09-19 19:11:04,573 [INFO] PluginManager:220 - loadIPPluginJar : add dma3
2025-09-19 19:11:04,582 [INFO] IPUIPlugin:80 - create IPUIPlugin
2025-09-19 19:11:04,582 [INFO] PluginManager:220 - loadIPPluginJar : add extmemmanager
2025-09-19 19:11:04,587 [INFO] IPUIPlugin:80 - create IPUIPlugin
2025-09-19 19:11:04,587 [INFO] PluginManager:220 - loadIPPluginJar : add fatfs
2025-09-19 19:11:04,596 [INFO] IPUIPlugin:80 - create IPUIPlugin
2025-09-19 19:11:04,596 [INFO] PluginManager:220 - loadIPPluginJar : add fmc
2025-09-19 19:11:04,610 [INFO] IPUIPlugin:80 - create IPUIPlugin
2025-09-19 19:11:04,610 [INFO] PluginManager:220 - loadIPPluginJar : add freertos
2025-09-19 19:11:04,619 [INFO] IPUIPlugin:80 - create IPUIPlugin
2025-09-19 19:11:04,620 [INFO] PluginManager:220 - loadIPPluginJar : add genericplugin
2025-09-19 19:11:04,627 [INFO] IPUIPlugin:80 - create IPUIPlugin
2025-09-19 19:11:04,628 [INFO] PluginManager:220 - loadIPPluginJar : add gfxmmu
2025-09-19 19:11:04,639 [INFO] IPUIPlugin:80 - create IPUIPlugin
2025-09-19 19:11:04,639 [INFO] PluginManager:220 - loadIPPluginJar : add gic
2025-09-19 19:11:04,648 [INFO] IPUIPlugin:80 - create IPUIPlugin
2025-09-19 19:11:04,648 [INFO] PluginManager:220 - loadIPPluginJar : add gpio
2025-09-19 19:11:04,656 [INFO] IPUIPlugin:80 - create IPUIPlugin
2025-09-19 19:11:04,657 [INFO] PluginManager:220 - loadIPPluginJar : add gtzc
2025-09-19 19:11:04,665 [INFO] IPUIPlugin:80 - create IPUIPlugin
2025-09-19 19:11:04,665 [INFO] PluginManager:220 - loadIPPluginJar : add hash
2025-09-19 19:11:04,671 [INFO] IPUIPlugin:80 - create IPUIPlugin
2025-09-19 19:11:04,671 [INFO] PluginManager:220 - loadIPPluginJar : add i2c
2025-09-19 19:11:04,679 [INFO] IPUIPlugin:80 - create IPUIPlugin
2025-09-19 19:11:04,680 [INFO] PluginManager:220 - loadIPPluginJar : add i2s
2025-09-19 19:11:04,687 [INFO] IPUIPlugin:80 - create IPUIPlugin
2025-09-19 19:11:04,687 [INFO] PluginManager:220 - loadIPPluginJar : add i3c
2025-09-19 19:11:04,694 [INFO] IPUIPlugin:80 - create IPUIPlugin
2025-09-19 19:11:04,694 [INFO] PluginManager:220 - loadIPPluginJar : add ipddr
2025-09-19 19:11:04,713 [INFO] IPUIPlugin:80 - create IPUIPlugin
2025-09-19 19:11:04,713 [INFO] PluginManager:220 - loadIPPluginJar : add linkedlist
2025-09-19 19:11:04,719 [INFO] IPUIPlugin:80 - create IPUIPlugin
2025-09-19 19:11:04,720 [INFO] PluginManager:220 - loadIPPluginJar : add lorawan
2025-09-19 19:11:04,725 [INFO] IPUIPlugin:80 - create IPUIPlugin
2025-09-19 19:11:04,725 [INFO] PluginManager:220 - loadIPPluginJar : add ltdc
2025-09-19 19:11:04,738 [INFO] IPUIPlugin:80 - create IPUIPlugin
2025-09-19 19:11:04,740 [INFO] PluginManager:220 - loadIPPluginJar : add mdma
2025-09-19 19:11:04,754 [INFO] IPUIPlugin:80 - create IPUIPlugin
2025-09-19 19:11:04,754 [INFO] PluginManager:220 - loadIPPluginJar : add nvic
2025-09-19 19:11:04,773 [INFO] IPUIPlugin:80 - create IPUIPlugin
2025-09-19 19:11:04,773 [INFO] PluginManager:220 - loadIPPluginJar : add opamp
2025-09-19 19:11:04,791 [INFO] IPUIPlugin:80 - create IPUIPlugin
2025-09-19 19:11:04,791 [INFO] PluginManager:220 - loadIPPluginJar : add openamp
2025-09-19 19:11:04,803 [INFO] IPUIPlugin:80 - create IPUIPlugin
2025-09-19 19:11:04,803 [INFO] PluginManager:220 - loadIPPluginJar : add pdm2pcm
2025-09-19 19:11:04,816 [INFO] IPUIPlugin:80 - create IPUIPlugin
2025-09-19 19:11:04,823 [INFO] PluginManager:220 - loadIPPluginJar : add plateformsettings
2025-09-19 19:11:04,826 [INFO] IPUIPlugin:80 - create IPUIPlugin
2025-09-19 19:11:04,827 [INFO] PluginManager:220 - loadIPPluginJar : add quadspi
2025-09-19 19:11:04,831 [INFO] IPUIPlugin:80 - create IPUIPlugin
2025-09-19 19:11:04,832 [INFO] PluginManager:220 - loadIPPluginJar : add radio
2025-09-19 19:11:04,840 [INFO] IPUIPlugin:80 - create IPUIPlugin
2025-09-19 19:11:04,841 [INFO] PluginManager:220 - loadIPPluginJar : add resmgrutility
2025-09-19 19:11:04,848 [INFO] IPUIPlugin:80 - create IPUIPlugin
2025-09-19 19:11:04,848 [INFO] PluginManager:220 - loadIPPluginJar : add sai
2025-09-19 19:11:04,855 [INFO] IPUIPlugin:80 - create IPUIPlugin
2025-09-19 19:11:04,856 [INFO] PluginManager:220 - loadIPPluginJar : add spi
2025-09-19 19:11:04,871 [INFO] IPUIPlugin:80 - create IPUIPlugin
2025-09-19 19:11:04,872 [INFO] PluginManager:220 - loadIPPluginJar : add stm32_wpan
2025-09-19 19:11:04,875 [INFO] IPUIPlugin:80 - create IPUIPlugin
2025-09-19 19:11:04,875 [INFO] PluginManager:220 - loadIPPluginJar : add tim
2025-09-19 19:11:04,881 [INFO] IPUIPlugin:80 - create IPUIPlugin
2025-09-19 19:11:04,882 [INFO] PluginManager:220 - loadIPPluginJar : add touchsensing
2025-09-19 19:11:04,887 [INFO] IPUIPlugin:80 - create IPUIPlugin
2025-09-19 19:11:04,887 [INFO] PluginManager:220 - loadIPPluginJar : add tracer_emb
2025-09-19 19:11:04,891 [INFO] IPUIPlugin:80 - create IPUIPlugin
2025-09-19 19:11:04,892 [INFO] PluginManager:220 - loadIPPluginJar : add ts
2025-09-19 19:11:04,903 [INFO] IPUIPlugin:80 - create IPUIPlugin
2025-09-19 19:11:04,903 [INFO] PluginManager:220 - loadIPPluginJar : add tsc
2025-09-19 19:11:04,921 [INFO] IPUIPlugin:80 - create IPUIPlugin
2025-09-19 19:11:04,921 [INFO] PluginManager:220 - loadIPPluginJar : add ucpd
2025-09-19 19:11:04,928 [INFO] IPUIPlugin:80 - create IPUIPlugin
2025-09-19 19:11:04,929 [INFO] PluginManager:220 - loadIPPluginJar : add usart
2025-09-19 19:11:04,954 [INFO] IPUIPlugin:80 - create IPUIPlugin
2025-09-19 19:11:04,954 [INFO] PluginManager:220 - loadIPPluginJar : add usbx
2025-09-19 19:11:05,183 [FATAL] Updater:351 - Updater called before beeing initialized
2025-09-19 19:11:05,266 [INFO] RulesReader:64 - Compatibility file has been processed (317 Rules)
2025-09-19 19:11:05,296 [INFO] RulesReader:64 - Compatibility file has been processed (317 Rules)
2025-09-19 19:11:05,312 [INFO] CADModel:165 - CPN selected for project level
2025-09-19 19:11:05,312 [INFO] CADModel:114 - Register for checkConnection events
2025-09-19 19:11:05,312 [FATAL] Updater:351 - Updater called before beeing initialized
2025-09-19 19:11:05,313 [ERROR] CADModel:125 - Updater not yet initialized, retry later 
2025-09-19 19:11:05,630 [FATAL] Updater:351 - Updater called before beeing initialized
2025-09-19 19:11:05,633 [INFO] CADModel:165 - CPN selected for project level
2025-09-19 19:11:05,634 [INFO] CADModel:114 - Register for checkConnection events
2025-09-19 19:11:05,634 [FATAL] Updater:351 - Updater called before beeing initialized
2025-09-19 19:11:05,634 [ERROR] CADModel:125 - Updater not yet initialized, retry later 
2025-09-19 19:11:05,641 [FATAL] Updater:351 - Updater called before beeing initialized
2025-09-19 19:11:05,883 [FATAL] Updater:351 - Updater called before beeing initialized
2025-09-19 19:11:05,893 [INFO] DbMcusAds:53 - JSON generation date=Tue Jul 08 13:44:23 IST 2025 (1751962463582)
2025-09-19 19:11:05,893 [FATAL] Updater:351 - Updater called before beeing initialized
2025-09-19 19:11:05,982 [WARN] DetailPanel:346 - Failed to get advertising image, set to default
2025-09-19 19:11:06,106 [INFO] ThirdPartyUpdaterWithRetryManager:70 - Updater plugin not ready yet. [2/15]
2025-09-19 19:11:06,177 [FATAL] Updater:351 - Updater called before beeing initialized
2025-09-19 19:11:06,181 [FATAL] Updater:351 - Updater called before beeing initialized
2025-09-19 19:11:06,181 [FATAL] Updater:351 - Updater called before beeing initialized
2025-09-19 19:11:06,181 [WARN] DetailPanel:346 - Failed to get advertising image, set to default
2025-09-19 19:11:06,185 [FATAL] Updater:351 - Updater called before beeing initialized
2025-09-19 19:11:06,316 [ERROR] Updater:1198 - MainUpdater not yet initialized. External WinMGr cannot be set.
2025-09-19 19:11:06,321 [INFO] Updater:1134 - Updater Version found : 6.15.0
2025-09-19 19:11:06,358 [INFO] ApplicationProperties:184 - Using Application install path: C:\ST\STM32CubeIDE_1.19.0\STM32CubeIDE\plugins\com.st.stm32cube.common.mx_6.15.0.202507011659
2025-09-19 19:11:07,971 [ERROR] LogOutputStream:75 - [STDERR_REDIRECT] Sep 19, 2025 7:11:07 PM java.util.prefs.WindowsPreferences <init>
2025-09-19 19:11:07,975 [ERROR] LogOutputStream:75 - [STDERR_REDIRECT] WARNING: Could not open/create prefs root node Software\JavaSoft\Prefs at root 0xffffffff80000002. Windows RegCreateKeyEx(...) returned error code 5.
2025-09-19 19:11:07,976 [ERROR] LogOutputStream:75 - [STDERR_REDIRECT] 
2025-09-19 19:11:08,606 [INFO] MainUpdater:2872 - connection check result : 22
2025-09-19 19:11:08,608 [INFO] MainUpdater:289 - Updater Check For Update Now.
2025-09-19 19:11:08,608 [INFO] MicroXplorer:498 - Change Database Version : DB.6.0.150
2025-09-19 19:11:08,631 [INFO] McuFinderGlobals:63 - Set McuFinder mode to 2 (CubeIDE integrated)
2025-09-19 19:11:08,632 [INFO] UserAuth:171 - activating auth plugin
2025-09-19 19:11:08,642 [INFO] UserAuth:487 - Internet connection configuration mode: 2
2025-09-19 19:11:08,715 [INFO] UserAuth:487 - Internet connection configuration mode: 2
2025-09-19 19:11:08,922 [INFO] CheckServerUpdateThread:120 - End of CheckServer Thread
2025-09-19 19:11:09,589 [WARN] PackLoader:240 - Cannot read IP mode file for STMicroelectronics.FP-SNS-MOTENVWB1.1.4.0
2025-09-19 19:11:09,604 [WARN] PackLoader:240 - Cannot read IP mode file for STMicroelectronics.FP-ATR-ASTRA1.2.0.2
2025-09-19 19:11:09,620 [WARN] PackLoader:240 - Cannot read IP mode file for STMicroelectronics.X-CUBE-SMBUS.2.1.0
2025-09-19 19:11:09,630 [WARN] PackLoader:240 - Cannot read IP mode file for STMicroelectronics.X-CUBE-ST60.1.0.0
2025-09-19 19:11:09,703 [WARN] PackLoader:240 - Cannot read IP mode file for STMicroelectronics.X-CUBE-AZRTOS-F7.1.1.0
2025-09-19 19:11:09,734 [WARN] PackLoader:240 - Cannot read IP mode file for WES.I-CUBE-Cesium.1.4.0
2025-09-19 19:11:09,825 [WARN] PackLoader:240 - Cannot read IP mode file for Infineon.AIROC-Wi-Fi-Bluetooth-STM32.1.7.1
2025-09-19 19:11:09,904 [WARN] PackLoader:240 - Cannot read IP mode file for STMicroelectronics.X-CUBE-AZRTOS-H7.3.4.0
2025-09-19 19:11:09,933 [WARN] PackLoader:240 - Cannot read IP mode file for STMicroelectronics.X-CUBE-DISPLAY.3.0.0
2025-09-19 19:11:09,961 [WARN] PackLoader:240 - Cannot read IP mode file for STMicroelectronics.X-CUBE-NFC10.1.0.0
2025-09-19 19:11:09,975 [WARN] PackLoader:240 - Cannot read IP mode file for emotas.I-CUBE-CANOPEN.1.3.0
2025-09-19 19:11:09,991 [WARN] PackLoader:240 - Cannot read IP mode file for STMicroelectronics.FP-SNS-STBOX1.2.1.0
2025-09-19 19:11:10,003 [WARN] PackLoader:240 - Cannot read IP mode file for STMicroelectronics.FP-SNS-SMARTAG2.1.2.0
2025-09-19 19:11:10,011 [WARN] PackLoader:240 - Cannot read IP mode file for STMicroelectronics.FP-SNS-FLIGHT1.5.1.0
2025-09-19 19:11:10,037 [INFO] LogOutputStream:77 - [STDOUT_REDIRECT] 1 : Invalid condition id : UX_CORESTACK_Condition cause : null
2025-09-19 19:11:10,039 [INFO] LogOutputStream:77 - [STDOUT_REDIRECT] 1 : Invalid condition id : UX_CORESTACK_Condition cause : null
2025-09-19 19:11:10,044 [INFO] LogOutputStream:77 - [STDOUT_REDIRECT] 1 : Invalid condition id : UX_CORESTACK_Condition cause : null
2025-09-19 19:11:10,047 [INFO] LogOutputStream:77 - [STDOUT_REDIRECT] 1 : Invalid condition id : UX_CORESTACK_Condition cause : null
2025-09-19 19:11:10,049 [INFO] LogOutputStream:77 - [STDOUT_REDIRECT] 1 : Invalid condition id : UX_CORESTACK_Condition cause : null
2025-09-19 19:11:10,056 [WARN] PackLoader:240 - Cannot read IP mode file for STMicroelectronics.X-CUBE-AZRTOS-WL.2.0.0
2025-09-19 19:11:10,069 [WARN] PackLoader:240 - Cannot read IP mode file for STMicroelectronics.FP-SNS-MOTENV1.5.0.0
2025-09-19 19:11:10,082 [WARN] PackLoader:240 - Cannot read IP mode file for STMicroelectronics.X-CUBE-BLE2.3.3.0
2025-09-19 19:11:10,098 [WARN] PackLoader:240 - Cannot read IP mode file for STMicroelectronics.X-CUBE-NFC9.1.0.0
2025-09-19 19:11:10,114 [WARN] PackLoader:240 - Cannot read IP mode file for wolfSSL.I-CUBE-wolfSSL.5.8.2
2025-09-19 19:11:10,123 [WARN] PackLoader:240 - Cannot read IP mode file for STMicroelectronics.X-CUBE-BLE1.7.1.0
2025-09-19 19:11:10,129 [WARN] PackLoader:240 - Cannot read IP mode file for wolfSSL.I-CUBE-wolfMQTT.1.19.2
2025-09-19 19:11:10,148 [WARN] PackLoader:240 - Cannot read IP mode file for STMicroelectronics.X-CUBE-EEPRMA1.5.2.0
2025-09-19 19:11:10,496 [WARN] PackLoader:240 - Cannot read IP mode file for STMicroelectronics.X-CUBE-AZRTOS-G0.1.1.0
2025-09-19 19:11:10,551 [WARN] PackLoader:240 - Cannot read IP mode file for STMicroelectronics.X-CUBE-SAFEA1.1.2.2
2025-09-19 19:11:10,570 [WARN] PackLoader:240 - Cannot read IP mode file for STMicroelectronics.X-CUBE-NFC4.3.0.0
2025-09-19 19:11:10,595 [WARN] PackLoader:240 - Cannot read IP mode file for EmbeddedOffice.I-CUBE-FS-RTOS.1.0.1
2025-09-19 19:11:10,631 [WARN] PackLoader:240 - Cannot read IP mode file for STMicroelectronics.X-CUBE-WB05N.2.0.0
2025-09-19 19:11:10,653 [WARN] PackLoader:240 - Cannot read IP mode file for wolfSSL.I-CUBE-wolfTPM.3.8.0
2025-09-19 19:11:10,666 [WARN] PackLoader:240 - Cannot read IP mode file for STMicroelectronics.X-CUBE-TCPP.4.2.0
2025-09-19 19:11:10,681 [WARN] PackLoader:240 - Cannot read IP mode file for RealThread.X-CUBE-RT-Thread_Nano.4.1.1
2025-09-19 19:11:10,690 [WARN] PackLoader:240 - Cannot read IP mode file for STMicroelectronics.FP-ATR-SIGFOX1.3.2.0
2025-09-19 19:11:10,705 [WARN] PackLoader:240 - Cannot read IP mode file for ITTIA_DB.I-CUBE-ITTIADB.8.9.0
2025-09-19 19:11:10,718 [WARN] PackLoader:240 - Cannot read IP mode file for STMicroelectronics.X-CUBE-ST67W61.1.0.0
2025-09-19 19:11:10,727 [WARN] PackLoader:240 - Cannot read IP mode file for STMicroelectronics.X-CUBE-AI.10.2.0
2025-09-19 19:11:11,109 [WARN] PackLoader:240 - Cannot read IP mode file for SEGGER.I-CUBE-embOS.1.3.1
2025-09-19 19:11:11,287 [WARN] PackLoader:240 - Cannot read IP mode file for STMicroelectronics.X-CUBE-ALGOBUILD.1.4.0
2025-09-19 19:11:11,426 [WARN] PackLoader:240 - Cannot read IP mode file for STMicroelectronics.X-CUBE-MEMS1.11.3.0
2025-09-19 19:11:11,663 [WARN] PackLoader:240 - Cannot read IP mode file for STMicroelectronics.X-CUBE-PM33A1.1.0.0
2025-09-19 19:11:11,696 [WARN] PackLoader:240 - Cannot read IP mode file for STMicroelectronics.X-CUBE-AZRTOS-F4.1.1.0
2025-09-19 19:11:11,708 [WARN] PackLoader:240 - Cannot read IP mode file for Avnet-IotConnect.X-CUBE-IoTC-DA16k-PMOD.1.0.0
2025-09-19 19:11:11,715 [WARN] PackLoader:240 - Cannot read IP mode file for STMicroelectronics.X-CUBE-ISPU.2.1.0
2025-09-19 19:11:11,730 [WARN] PackLoader:240 - Cannot read IP mode file for STMicroelectronics.X-CUBE-NFC12.1.0.0
2025-09-19 19:11:11,789 [WARN] PackLoader:240 - Cannot read IP mode file for STMicroelectronics.X-CUBE-AZRTOS-L5.2.0.0
2025-09-19 19:11:11,830 [WARN] PackLoader:240 - Cannot read IP mode file for STMicroelectronics.X-CUBE-NFC6.3.1.0
2025-09-19 19:11:11,861 [WARN] PackLoader:240 - Cannot read IP mode file for STMicroelectronics.X-CUBE-FREERTOS.1.3.1
2025-09-19 19:11:11,903 [WARN] PackLoader:240 - Cannot read IP mode file for STMicroelectronics.FP-SNS-STAIOTCFT.1.0.0
2025-09-19 19:11:11,954 [WARN] PackLoader:240 - Cannot read IP mode file for STMicroelectronics.X-CUBE-DPower.1.3.0
2025-09-19 19:11:12,054 [WARN] ConditionMgr:438 - getConditionDescription Invalid condition id : LAN8742 Phy interface Condition cause : null
2025-09-19 19:11:12,055 [WARN] PackLoader:240 - Cannot read IP mode file for STMicroelectronics.X-CUBE-AZRTOS-L4.2.0.0
2025-09-19 19:11:12,057 [WARN] ConditionMgr:1044 - genDependencies : Invalid condition id : LAN8742 Phy interface Condition cause : null
2025-09-19 19:11:12,057 [WARN] ConditionMgr:1044 - genDependencies : Invalid condition id : LAN8742 Phy interface Condition cause : null
2025-09-19 19:11:12,058 [WARN] ConditionMgr:1044 - genDependencies : Invalid condition id : LAN8742 Phy interface Condition cause : null
2025-09-19 19:11:12,108 [WARN] PackLoader:240 - Cannot read IP mode file for STMicroelectronics.X-CUBE-SFXS2LP1.4.0.0
2025-09-19 19:11:12,192 [WARN] PackLoader:240 - Cannot read IP mode file for STMicroelectronics.X-CUBE-BLEMGR.4.1.0
2025-09-19 19:11:12,238 [WARN] ConditionMgr:438 - getConditionDescription Invalid condition id : UX DEVICE CLASS RTOS Condition cause : null
2025-09-19 19:11:12,239 [WARN] ConditionMgr:438 - getConditionDescription Invalid condition id : UX DEVICE CLASS RTOS Condition cause : null
2025-09-19 19:11:12,243 [WARN] PackLoader:240 - Cannot read IP mode file for STMicroelectronics.X-CUBE-AZRTOS-WB.2.0.0
2025-09-19 19:11:12,244 [WARN] ConditionMgr:1044 - genDependencies : Invalid condition id : UX DEVICE CLASS RTOS Condition cause : null
2025-09-19 19:11:12,244 [WARN] ConditionMgr:1044 - genDependencies : Invalid condition id : UX DEVICE CLASS RTOS Condition cause : null
2025-09-19 19:11:12,244 [WARN] ConditionMgr:1044 - genDependencies : Invalid condition id : UX DEVICE CLASS RTOS Condition cause : null
2025-09-19 19:11:12,245 [WARN] ConditionMgr:1044 - genDependencies : Invalid condition id : UX DEVICE CLASS RTOS Condition cause : null
2025-09-19 19:11:12,245 [WARN] ConditionMgr:1044 - genDependencies : Invalid condition id : UX DEVICE CLASS RTOS Condition cause : null
2025-09-19 19:11:12,256 [WARN] PackLoader:240 - Cannot read IP mode file for STMicroelectronics.X-CUBE-GNSS1.7.0.1
2025-09-19 19:11:12,270 [WARN] PackLoader:240 - Cannot read IP mode file for STMicroelectronics.X-CUBE-TOUCHGFX.4.25.0
2025-09-19 19:11:12,280 [WARN] ConditionMgr:438 - getConditionDescription Invalid condition id : Cortex-A Device cause : null
2025-09-19 19:11:12,306 [WARN] ConditionMgr:1044 - genDependencies : Invalid condition id : Cortex-A Device cause : null
2025-09-19 19:11:12,306 [WARN] ConditionMgr:1044 - genDependencies : Invalid condition id : Cortex-A Device cause : null
2025-09-19 19:11:12,306 [WARN] ConditionMgr:1044 - genDependencies : Invalid condition id : Cortex-A Device cause : null
2025-09-19 19:11:12,326 [WARN] PackLoader:240 - Cannot read IP mode file for STMicroelectronics.X-CUBE-SUBG2.5.0.0
2025-09-19 19:11:12,375 [WARN] PackLoader:240 - Cannot read IP mode file for STMicroelectronics.X-CUBE-AZRTOS-H7RS.1.1.0
2025-09-19 19:11:12,388 [WARN] PackLoader:240 - Cannot read IP mode file for Cesanta.I-CUBE-Mongoose.7.13.0
2025-09-19 19:11:12,433 [WARN] PackLoader:240 - Cannot read IP mode file for STMicroelectronics.X-CUBE-AZRTOS-G4.2.0.0
2025-09-19 19:11:12,441 [WARN] PackLoader:240 - Cannot read IP mode file for wolfSSL.I-CUBE-wolfSSH.1.4.20
2025-09-19 19:11:12,453 [WARN] PackLoader:240 - Cannot read IP mode file for STMicroelectronics.X-CUBE-NFC7.2.0.0
2025-09-19 19:11:12,478 [WARN] PackLoader:240 - Cannot read IP mode file for STMicroelectronics.X-CUBE-IPS.3.1.0
2025-09-19 19:11:12,503 [WARN] PackLoader:240 - Cannot read IP mode file for STMicroelectronics.X-CUBE-ALS.1.0.2
2025-09-19 19:11:12,517 [WARN] PackLoader:240 - Cannot read IP mode file for STMicroelectronics.X-CUBE-STSE01.1.0.0
2025-09-19 19:11:12,550 [WARN] PackLoader:240 - Cannot read IP mode file for STMicroelectronics.X-CUBE-TOF1.3.4.3
2025-09-19 19:11:12,572 [INFO] ThirdParty:978 - Integrity check success = true
2025-09-19 19:11:12,572 [INFO] IntegrityCheckThread:100 - exiting critical section [integrity check]
2025-09-19 19:11:12,572 [INFO] IntegrityCheckThread:103 - End integrity checks thread
2025-09-19 21:53:59,901 [ERROR] LogOutputStream:75 - [STDERR_REDIRECT] 
