2025-09-20 09:18:01,282 [INFO] Activator:176 - 


2025-09-20 09:18:01,296 [INFO] Activator:177 - !SESSION log4j initialized
2025-09-20 09:18:12,055 [INFO] LogOutputStream:77 - [STDOUT_REDIRECT] 
2025-09-20 09:18:12,696 [ERROR] ConfigurationRetriever:142 - IOException on connection: sw-center.st.com
2025-09-20 09:18:12,698 [ERROR] ConfigurationRetriever:142 - IOException on connection: sw-center.st.com
2025-09-20 09:18:12,700 [ERROR] ConfigurationRetriever:142 - IOException on connection: sw-center.st.com
2025-09-20 09:18:14,337 [INFO] ApplicationProperties:184 - Using Application install path: C:\ST\STM32CubeIDE_1.19.0\STM32CubeIDE\plugins\com.st.stm32cube.common.mx_6.15.0.202507011659
2025-09-20 09:18:14,372 [INFO] DbMcusXml:78 - Set database path to: C:\ST\STM32CubeIDE_1.19.0\STM32CubeIDE\plugins\com.st.stm32cube.common.mx_6.15.0.202507011659\\db\/mcu/
2025-09-20 09:18:14,373 [INFO] ApiDb:274 - Set plugin database path to: C:\ST\STM32CubeIDE_1.19.0\STM32CubeIDE\plugins\com.st.stm32cube.common.mx_6.15.0.202507011659\\db\/plugins/boardmanager/
2025-09-20 09:18:14,373 [WARN] ApiDb:259 - Overriding images path with different value:  => C:\ST\STM32CubeIDE_1.19.0\STM32CubeIDE\plugins\com.st.stm32cube.common.mx_6.15.0.202507011659\\db\/plugins/mcufinder/images/
2025-09-20 09:18:14,390 [INFO] ApiDb:250 - Set database path to: C:\Users\aksha\.stmcufinder\plugins\mcufinder//mcu/
2025-09-20 09:18:14,392 [INFO] DbMcusAds:125 - Set database path to: C:\Users\aksha\.stmcufinder\plugins\mcufinder//mcu/
2025-09-20 09:18:14,396 [INFO] CrossReferenceDbSqlite:203 - Set database path to: C:\Users\aksha\.stmcufinder\plugins\mcufinder//mcu/cs/
2025-09-20 09:18:14,639 [INFO] RulesReader:64 - Compatibility file has been processed (317 Rules)
2025-09-20 09:18:14,794 [INFO] DbMcusXml:78 - Set database path to: C:\ST\STM32CubeIDE_1.19.0\STM32CubeIDE\plugins\com.st.stm32cube.common.mx_6.15.0.202507011659\\db\/mcu/
2025-09-20 09:18:14,794 [INFO] ApiDb:274 - Set plugin database path to: C:\ST\STM32CubeIDE_1.19.0\STM32CubeIDE\plugins\com.st.stm32cube.common.mx_6.15.0.202507011659\\db\/plugins/boardmanager/
2025-09-20 09:18:14,794 [INFO] ApiDb:261 - Set plugin images path to: C:\ST\STM32CubeIDE_1.19.0\STM32CubeIDE\plugins\com.st.stm32cube.common.mx_6.15.0.202507011659\\db\/plugins/mcufinder/images/
2025-09-20 09:18:14,794 [WARN] DbFile:41 - Overriding database path with different value: C:\Users\aksha\.stmcufinder\plugins\mcufinder/ => C:\Users\aksha\.stmcufinder\plugins\mcufinder
2025-09-20 09:18:14,796 [INFO] ApiDb:250 - Set database path to: C:\Users\aksha\.stmcufinder\plugins\mcufinder//mcu/
2025-09-20 09:18:14,796 [WARN] DbFile:41 - Overriding database path with different value: C:\Users\aksha\.stmcufinder\plugins\mcufinder/ => C:\Users\aksha\.stmcufinder\plugins\mcufinder
2025-09-20 09:18:14,796 [INFO] DbMcusAds:125 - Set database path to: C:\Users\aksha\.stmcufinder\plugins\mcufinder//mcu/
2025-09-20 09:18:14,796 [WARN] DbFile:41 - Overriding database path with different value: C:\Users\aksha\.stmcufinder\plugins\mcufinder/ => C:\Users\aksha\.stmcufinder\plugins\mcufinder
2025-09-20 09:18:14,796 [WARN] DbFile:41 - Overriding database path with different value: C:\Users\aksha\.stmcufinder\plugins\mcufinder/ => C:\Users\aksha\.stmcufinder\plugins\mcufinder
2025-09-20 09:18:14,797 [INFO] CrossReferenceDbSqlite:203 - Set database path to: C:\Users\aksha\.stmcufinder\plugins\mcufinder//mcu/cs/
2025-09-20 09:18:14,938 [INFO] MainPanel:274 - HeapMemory: 268435456
2025-09-20 09:18:15,127 [INFO] DbMcusXml:78 - Set database path to: C:\ST\STM32CubeIDE_1.19.0\STM32CubeIDE\plugins\com.st.stm32cube.common.mx_6.15.0.202507011659\\db\/mcu/
2025-09-20 09:18:15,127 [INFO] ApiDb:274 - Set plugin database path to: C:\ST\STM32CubeIDE_1.19.0\STM32CubeIDE\plugins\com.st.stm32cube.common.mx_6.15.0.202507011659\\db\/plugins/boardmanager/
2025-09-20 09:18:15,127 [INFO] ApiDb:261 - Set plugin images path to: C:\ST\STM32CubeIDE_1.19.0\STM32CubeIDE\plugins\com.st.stm32cube.common.mx_6.15.0.202507011659\\db\/plugins/mcufinder/images/
2025-09-20 09:18:15,129 [WARN] DbFile:41 - Overriding database path with different value: C:\Users\aksha\.stmcufinder\plugins\mcufinder/ => C:\Users\aksha\.stmcufinder\plugins\mcufinder
2025-09-20 09:18:15,129 [INFO] ApiDb:250 - Set database path to: C:\Users\aksha\.stmcufinder\plugins\mcufinder//mcu/
2025-09-20 09:18:15,129 [WARN] DbFile:41 - Overriding database path with different value: C:\Users\aksha\.stmcufinder\plugins\mcufinder/ => C:\Users\aksha\.stmcufinder\plugins\mcufinder
2025-09-20 09:18:15,129 [INFO] DbMcusAds:125 - Set database path to: C:\Users\aksha\.stmcufinder\plugins\mcufinder//mcu/
2025-09-20 09:18:15,130 [WARN] DbFile:41 - Overriding database path with different value: C:\Users\aksha\.stmcufinder\plugins\mcufinder/ => C:\Users\aksha\.stmcufinder\plugins\mcufinder
2025-09-20 09:18:15,130 [WARN] DbFile:41 - Overriding database path with different value: C:\Users\aksha\.stmcufinder\plugins\mcufinder/ => C:\Users\aksha\.stmcufinder\plugins\mcufinder
2025-09-20 09:18:15,130 [INFO] CrossReferenceDbSqlite:203 - Set database path to: C:\Users\aksha\.stmcufinder\plugins\mcufinder//mcu/cs/
2025-09-20 09:18:15,163 [INFO] ApplicationProperties:184 - Using Application install path: C:\ST\STM32CubeIDE_1.19.0\STM32CubeIDE\plugins\com.st.stm32cube.common.mx_6.15.0.202507011659
2025-09-20 09:18:15,164 [INFO] PluginManage:196 - Search for loadable plugins [exclusion list=, ]
2025-09-20 09:18:15,168 [INFO] PluginManage:310 - Check plugin analytics
2025-09-20 09:18:15,489 [INFO] AnalyticsPlugin:253 - Accepted Software Licenses: 
2025-09-20 09:18:15,489 [INFO] AnalyticsPlugin:255 - Accepted CMSIS Pack Licenses: 
2025-09-20 09:18:15,489 [INFO] AnalyticsPlugin:257 - Accepted Firmware Licenses: 
2025-09-20 09:18:15,494 [ERROR] ConfigurationRetriever:142 - IOException on connection: sw-center.st.com
2025-09-20 09:18:15,495 [INFO] PluginManage:359 - Loaded plugin analytics (category:tool,tabindex:-1)
2025-09-20 09:18:15,496 [INFO] PluginManage:310 - Check plugin cadmodel
2025-09-20 09:18:15,496 [ERROR] ConfigurationRetriever:142 - IOException on connection: sw-center.st.com
2025-09-20 09:18:15,497 [ERROR] ConfigurationRetriever:142 - IOException on connection: sw-center.st.com
2025-09-20 09:18:15,506 [INFO] CADModel:105 - Init CAD model plugin
2025-09-20 09:18:15,506 [INFO] PluginManage:359 - Loaded plugin cadmodel (category:power,tabindex:5)
2025-09-20 09:18:15,507 [INFO] PluginManage:310 - Check plugin clock
2025-09-20 09:18:15,520 [INFO] PluginManage:359 - Loaded plugin clock (category:base,tabindex:2)
2025-09-20 09:18:15,521 [INFO] PluginManage:310 - Check plugin ddr
2025-09-20 09:18:15,524 [INFO] PluginManage:359 - Loaded plugin ddr (category:tool,tabindex:6)
2025-09-20 09:18:15,525 [INFO] PluginManage:310 - Check plugin filemanager
2025-09-20 09:18:15,783 [INFO] PluginManage:359 - Loaded plugin filemanager (category:base,tabindex:10)
2025-09-20 09:18:15,783 [INFO] PluginManage:310 - Check plugin ipmanager
2025-09-20 09:18:15,795 [INFO] PluginManage:359 - Loaded plugin ipmanager (category:base,tabindex:5)
2025-09-20 09:18:15,795 [INFO] PluginManage:310 - Check plugin lpbam
2025-09-20 09:18:15,809 [INFO] PluginManage:359 - Loaded plugin lpbam (category:base,tabindex:0)
2025-09-20 09:18:15,809 [INFO] PluginManage:310 - Check plugin memorymap
2025-09-20 09:18:15,830 [INFO] PluginManage:359 - Loaded plugin memorymap (category:base,tabindex:4)
2025-09-20 09:18:15,831 [INFO] PluginManage:310 - Check plugin pinoutandconfiguration
2025-09-20 09:18:15,845 [INFO] PluginManage:359 - Loaded plugin pinoutandconfiguration (category:base,tabindex:1)
2025-09-20 09:18:15,845 [INFO] PluginManage:310 - Check plugin pinoutconfig
2025-09-20 09:18:15,993 [WARN] SupportedApi:132 - Cannot load RTOS API schema: s4s-elt-must-match.1: The content of 'definitions' must match (annotation?, (simpleType | complexType)?, (unique | key | keyref)*)). A problem was found starting at: attribute.
2025-09-20 09:18:16,216 [INFO] PluginManage:359 - Loaded plugin pinoutconfig (category:base,tabindex:0)
2025-09-20 09:18:16,216 [INFO] PluginManage:310 - Check plugin power
2025-09-20 09:18:16,236 [INFO] PluginManage:359 - Loaded plugin power (category:power,tabindex:4)
2025-09-20 09:18:16,236 [INFO] PluginManage:310 - Check plugin projectmanager
2025-09-20 09:18:16,267 [INFO] PluginManage:359 - Loaded plugin projectmanager (category:projectmanager,tabindex:4)
2025-09-20 09:18:16,267 [INFO] PluginManage:310 - Check plugin rif
2025-09-20 09:18:16,309 [INFO] PluginManage:359 - Loaded plugin rif (category:base,tabindex:3)
2025-09-20 09:18:16,309 [INFO] PluginManage:310 - Check plugin thirdparty
2025-09-20 09:18:16,694 [INFO] PluginManage:359 - Loaded plugin thirdparty (category:base,tabindex:-1)
2025-09-20 09:18:16,694 [WARN] IntegrityCheckThread:84 - waiting for thirdparty lock release [integrity check]
2025-09-20 09:18:16,694 [INFO] PluginManage:310 - Check plugin tools
2025-09-20 09:18:16,695 [INFO] IntegrityCheckThread:86 - entering critical section [integrity check]
2025-09-20 09:18:16,695 [INFO] ThirdPartyUpdaterWithRetryManager:70 - Updater plugin not ready yet. [1/15]
2025-09-20 09:18:16,699 [INFO] PluginManage:359 - Loaded plugin tools (category:base,tabindex:7)
2025-09-20 09:18:16,699 [INFO] PluginManage:310 - Check plugin tutovideos
2025-09-20 09:18:17,095 [INFO] PluginManage:359 - Loaded plugin tutovideos (category:base,tabindex:-1)
2025-09-20 09:18:17,095 [INFO] PluginManage:310 - Check plugin updater
2025-09-20 09:18:17,135 [INFO] PluginManage:359 - Loaded plugin updater (category:base,tabindex:12)
2025-09-20 09:18:17,135 [INFO] PluginManage:310 - Check plugin userauth
2025-09-20 09:18:17,142 [INFO] UserAuth:118 - Init User Auth plugin
2025-09-20 09:18:17,144 [INFO] PluginManage:359 - Loaded plugin userauth (category:base,tabindex:14)
2025-09-20 09:18:17,144 [INFO] PluginManage:283 - PluginManage : Loaded plugins [18]
2025-09-20 09:18:17,548 [INFO] PinOutPanel:1589 - setPackage(No Configuration,No Configuration)
2025-09-20 09:18:17,710 [INFO] CADModel:165 - CPN selected for project level
2025-09-20 09:18:17,710 [INFO] CADModel:114 - Register for checkConnection events
2025-09-20 09:18:17,737 [INFO] IPUIPlugin:80 - create IPUIPlugin
2025-09-20 09:18:17,737 [INFO] PluginManager:220 - loadIPPluginJar : add adc
2025-09-20 09:18:17,743 [INFO] IPUIPlugin:80 - create IPUIPlugin
2025-09-20 09:18:17,743 [INFO] PluginManager:220 - loadIPPluginJar : add aes
2025-09-20 09:18:17,747 [INFO] IPUIPlugin:80 - create IPUIPlugin
2025-09-20 09:18:17,747 [INFO] PluginManager:220 - loadIPPluginJar : add can
2025-09-20 09:18:17,750 [INFO] IPUIPlugin:80 - create IPUIPlugin
2025-09-20 09:18:17,751 [INFO] PluginManager:220 - loadIPPluginJar : add comp
2025-09-20 09:18:17,755 [INFO] IPUIPlugin:80 - create IPUIPlugin
2025-09-20 09:18:17,755 [INFO] PluginManager:220 - loadIPPluginJar : add cryp
2025-09-20 09:18:17,761 [INFO] IPUIPlugin:80 - create IPUIPlugin
2025-09-20 09:18:17,762 [INFO] PluginManager:220 - loadIPPluginJar : add ddr_ctrl_phy
2025-09-20 09:18:17,766 [INFO] IPUIPlugin:80 - create IPUIPlugin
2025-09-20 09:18:17,766 [INFO] PluginManager:220 - loadIPPluginJar : add dfsdm
2025-09-20 09:18:17,774 [INFO] IPUIPlugin:80 - create IPUIPlugin
2025-09-20 09:18:17,775 [INFO] PluginManager:220 - loadIPPluginJar : add dma
2025-09-20 09:18:17,779 [INFO] IPUIPlugin:80 - create IPUIPlugin
2025-09-20 09:18:17,779 [INFO] PluginManager:220 - loadIPPluginJar : add dma3
2025-09-20 09:18:17,783 [INFO] IPUIPlugin:80 - create IPUIPlugin
2025-09-20 09:18:17,784 [INFO] PluginManager:220 - loadIPPluginJar : add extmemmanager
2025-09-20 09:18:17,787 [INFO] IPUIPlugin:80 - create IPUIPlugin
2025-09-20 09:18:17,788 [INFO] PluginManager:220 - loadIPPluginJar : add fatfs
2025-09-20 09:18:17,795 [INFO] IPUIPlugin:80 - create IPUIPlugin
2025-09-20 09:18:17,795 [INFO] PluginManager:220 - loadIPPluginJar : add fmc
2025-09-20 09:18:17,805 [INFO] IPUIPlugin:80 - create IPUIPlugin
2025-09-20 09:18:17,805 [INFO] PluginManager:220 - loadIPPluginJar : add freertos
2025-09-20 09:18:17,808 [INFO] IPUIPlugin:80 - create IPUIPlugin
2025-09-20 09:18:17,808 [INFO] PluginManager:220 - loadIPPluginJar : add genericplugin
2025-09-20 09:18:17,813 [INFO] IPUIPlugin:80 - create IPUIPlugin
2025-09-20 09:18:17,813 [INFO] PluginManager:220 - loadIPPluginJar : add gfxmmu
2025-09-20 09:18:17,822 [INFO] IPUIPlugin:80 - create IPUIPlugin
2025-09-20 09:18:17,822 [INFO] PluginManager:220 - loadIPPluginJar : add gic
2025-09-20 09:18:17,828 [INFO] IPUIPlugin:80 - create IPUIPlugin
2025-09-20 09:18:17,828 [INFO] PluginManager:220 - loadIPPluginJar : add gpio
2025-09-20 09:18:17,834 [INFO] IPUIPlugin:80 - create IPUIPlugin
2025-09-20 09:18:17,834 [INFO] PluginManager:220 - loadIPPluginJar : add gtzc
2025-09-20 09:18:17,839 [INFO] IPUIPlugin:80 - create IPUIPlugin
2025-09-20 09:18:17,839 [INFO] PluginManager:220 - loadIPPluginJar : add hash
2025-09-20 09:18:17,845 [INFO] IPUIPlugin:80 - create IPUIPlugin
2025-09-20 09:18:17,845 [INFO] PluginManager:220 - loadIPPluginJar : add i2c
2025-09-20 09:18:17,849 [INFO] IPUIPlugin:80 - create IPUIPlugin
2025-09-20 09:18:17,850 [INFO] PluginManager:220 - loadIPPluginJar : add i2s
2025-09-20 09:18:17,855 [INFO] IPUIPlugin:80 - create IPUIPlugin
2025-09-20 09:18:17,855 [INFO] PluginManager:220 - loadIPPluginJar : add i3c
2025-09-20 09:18:17,861 [INFO] IPUIPlugin:80 - create IPUIPlugin
2025-09-20 09:18:17,862 [INFO] PluginManager:220 - loadIPPluginJar : add ipddr
2025-09-20 09:18:17,873 [INFO] IPUIPlugin:80 - create IPUIPlugin
2025-09-20 09:18:17,873 [INFO] PluginManager:220 - loadIPPluginJar : add linkedlist
2025-09-20 09:18:17,878 [INFO] IPUIPlugin:80 - create IPUIPlugin
2025-09-20 09:18:17,879 [INFO] PluginManager:220 - loadIPPluginJar : add lorawan
2025-09-20 09:18:17,883 [INFO] IPUIPlugin:80 - create IPUIPlugin
2025-09-20 09:18:17,883 [INFO] PluginManager:220 - loadIPPluginJar : add ltdc
2025-09-20 09:18:17,893 [INFO] IPUIPlugin:80 - create IPUIPlugin
2025-09-20 09:18:17,893 [INFO] PluginManager:220 - loadIPPluginJar : add mdma
2025-09-20 09:18:17,899 [INFO] IPUIPlugin:80 - create IPUIPlugin
2025-09-20 09:18:17,900 [INFO] PluginManager:220 - loadIPPluginJar : add nvic
2025-09-20 09:18:17,905 [INFO] IPUIPlugin:80 - create IPUIPlugin
2025-09-20 09:18:17,905 [INFO] PluginManager:220 - loadIPPluginJar : add opamp
2025-09-20 09:18:17,911 [INFO] IPUIPlugin:80 - create IPUIPlugin
2025-09-20 09:18:17,911 [INFO] PluginManager:220 - loadIPPluginJar : add openamp
2025-09-20 09:18:17,917 [INFO] IPUIPlugin:80 - create IPUIPlugin
2025-09-20 09:18:17,917 [INFO] PluginManager:220 - loadIPPluginJar : add pdm2pcm
2025-09-20 09:18:17,927 [INFO] IPUIPlugin:80 - create IPUIPlugin
2025-09-20 09:18:17,931 [INFO] PluginManager:220 - loadIPPluginJar : add plateformsettings
2025-09-20 09:18:17,934 [INFO] IPUIPlugin:80 - create IPUIPlugin
2025-09-20 09:18:17,934 [INFO] PluginManager:220 - loadIPPluginJar : add quadspi
2025-09-20 09:18:17,938 [INFO] IPUIPlugin:80 - create IPUIPlugin
2025-09-20 09:18:17,939 [INFO] PluginManager:220 - loadIPPluginJar : add radio
2025-09-20 09:18:17,948 [INFO] IPUIPlugin:80 - create IPUIPlugin
2025-09-20 09:18:17,949 [INFO] PluginManager:220 - loadIPPluginJar : add resmgrutility
2025-09-20 09:18:17,956 [INFO] IPUIPlugin:80 - create IPUIPlugin
2025-09-20 09:18:17,957 [INFO] PluginManager:220 - loadIPPluginJar : add sai
2025-09-20 09:18:17,962 [INFO] IPUIPlugin:80 - create IPUIPlugin
2025-09-20 09:18:17,962 [INFO] PluginManager:220 - loadIPPluginJar : add spi
2025-09-20 09:18:17,972 [INFO] IPUIPlugin:80 - create IPUIPlugin
2025-09-20 09:18:17,972 [INFO] PluginManager:220 - loadIPPluginJar : add stm32_wpan
2025-09-20 09:18:17,975 [INFO] IPUIPlugin:80 - create IPUIPlugin
2025-09-20 09:18:17,976 [INFO] PluginManager:220 - loadIPPluginJar : add tim
2025-09-20 09:18:17,982 [INFO] IPUIPlugin:80 - create IPUIPlugin
2025-09-20 09:18:17,982 [INFO] PluginManager:220 - loadIPPluginJar : add touchsensing
2025-09-20 09:18:17,985 [INFO] IPUIPlugin:80 - create IPUIPlugin
2025-09-20 09:18:17,985 [INFO] PluginManager:220 - loadIPPluginJar : add tracer_emb
2025-09-20 09:18:17,988 [INFO] IPUIPlugin:80 - create IPUIPlugin
2025-09-20 09:18:17,988 [INFO] PluginManager:220 - loadIPPluginJar : add ts
2025-09-20 09:18:17,991 [INFO] IPUIPlugin:80 - create IPUIPlugin
2025-09-20 09:18:17,991 [INFO] PluginManager:220 - loadIPPluginJar : add tsc
2025-09-20 09:18:17,996 [INFO] IPUIPlugin:80 - create IPUIPlugin
2025-09-20 09:18:17,996 [INFO] PluginManager:220 - loadIPPluginJar : add ucpd
2025-09-20 09:18:18,001 [INFO] IPUIPlugin:80 - create IPUIPlugin
2025-09-20 09:18:18,001 [INFO] PluginManager:220 - loadIPPluginJar : add usart
2025-09-20 09:18:18,007 [INFO] IPUIPlugin:80 - create IPUIPlugin
2025-09-20 09:18:18,007 [INFO] PluginManager:220 - loadIPPluginJar : add usbx
2025-09-20 09:18:18,176 [FATAL] Updater:351 - Updater called before beeing initialized
2025-09-20 09:18:18,250 [INFO] RulesReader:64 - Compatibility file has been processed (317 Rules)
2025-09-20 09:18:18,290 [INFO] RulesReader:64 - Compatibility file has been processed (317 Rules)
2025-09-20 09:18:18,307 [INFO] CADModel:165 - CPN selected for project level
2025-09-20 09:18:18,307 [INFO] CADModel:114 - Register for checkConnection events
2025-09-20 09:18:18,307 [FATAL] Updater:351 - Updater called before beeing initialized
2025-09-20 09:18:18,308 [ERROR] CADModel:125 - Updater not yet initialized, retry later 
2025-09-20 09:18:18,607 [FATAL] Updater:351 - Updater called before beeing initialized
2025-09-20 09:18:18,610 [INFO] CADModel:165 - CPN selected for project level
2025-09-20 09:18:18,610 [INFO] CADModel:114 - Register for checkConnection events
2025-09-20 09:18:18,611 [FATAL] Updater:351 - Updater called before beeing initialized
2025-09-20 09:18:18,611 [ERROR] CADModel:125 - Updater not yet initialized, retry later 
2025-09-20 09:18:18,618 [FATAL] Updater:351 - Updater called before beeing initialized
2025-09-20 09:18:18,816 [FATAL] Updater:351 - Updater called before beeing initialized
2025-09-20 09:18:18,825 [INFO] DbMcusAds:53 - JSON generation date=Tue Jul 08 13:44:23 IST 2025 (1751962463582)
2025-09-20 09:18:18,825 [FATAL] Updater:351 - Updater called before beeing initialized
2025-09-20 09:18:18,892 [WARN] DetailPanel:346 - Failed to get advertising image, set to default
2025-09-20 09:18:19,034 [FATAL] Updater:351 - Updater called before beeing initialized
2025-09-20 09:18:19,035 [FATAL] Updater:351 - Updater called before beeing initialized
2025-09-20 09:18:19,036 [FATAL] Updater:351 - Updater called before beeing initialized
2025-09-20 09:18:19,036 [WARN] DetailPanel:346 - Failed to get advertising image, set to default
2025-09-20 09:18:19,038 [FATAL] Updater:351 - Updater called before beeing initialized
2025-09-20 09:18:19,121 [ERROR] Updater:1198 - MainUpdater not yet initialized. External WinMGr cannot be set.
2025-09-20 09:18:19,125 [INFO] Updater:1134 - Updater Version found : 6.15.0
2025-09-20 09:18:19,154 [INFO] ApplicationProperties:184 - Using Application install path: C:\ST\STM32CubeIDE_1.19.0\STM32CubeIDE\plugins\com.st.stm32cube.common.mx_6.15.0.202507011659
2025-09-20 09:18:19,696 [INFO] ThirdPartyUpdaterWithRetryManager:70 - Updater plugin not ready yet. [2/15]
2025-09-20 09:18:20,749 [ERROR] LogOutputStream:75 - [STDERR_REDIRECT] Sep 20, 2025 9:18:20 AM java.util.prefs.WindowsPreferences <init>
2025-09-20 09:18:20,752 [ERROR] LogOutputStream:75 - [STDERR_REDIRECT] WARNING: Could not open/create prefs root node Software\JavaSoft\Prefs at root 0xffffffff80000002. Windows RegCreateKeyEx(...) returned error code 5.
2025-09-20 09:18:20,752 [ERROR] LogOutputStream:75 - [STDERR_REDIRECT] 
2025-09-20 09:18:21,204 [INFO] MainUpdater:2872 - connection check result : 22
2025-09-20 09:18:21,207 [INFO] MainUpdater:289 - Updater Check For Update Now.
2025-09-20 09:18:21,207 [INFO] MicroXplorer:498 - Change Database Version : DB.6.0.150
2025-09-20 09:18:21,236 [INFO] McuFinderGlobals:63 - Set McuFinder mode to 2 (CubeIDE integrated)
2025-09-20 09:18:21,237 [INFO] UserAuth:171 - activating auth plugin
2025-09-20 09:18:21,244 [INFO] UserAuth:487 - Internet connection configuration mode: 2
2025-09-20 09:18:21,327 [INFO] UserAuth:487 - Internet connection configuration mode: 2
2025-09-20 09:18:21,503 [INFO] CheckServerUpdateThread:120 - End of CheckServer Thread
2025-09-20 09:18:23,286 [WARN] PackLoader:240 - Cannot read IP mode file for STMicroelectronics.FP-SNS-MOTENVWB1.1.4.0
2025-09-20 09:18:23,302 [WARN] PackLoader:240 - Cannot read IP mode file for STMicroelectronics.FP-ATR-ASTRA1.2.0.2
2025-09-20 09:18:23,316 [WARN] PackLoader:240 - Cannot read IP mode file for STMicroelectronics.X-CUBE-SMBUS.2.1.0
2025-09-20 09:18:23,327 [WARN] PackLoader:240 - Cannot read IP mode file for STMicroelectronics.X-CUBE-ST60.1.0.0
2025-09-20 09:18:23,382 [WARN] PackLoader:240 - Cannot read IP mode file for STMicroelectronics.X-CUBE-AZRTOS-F7.1.1.0
2025-09-20 09:18:23,407 [WARN] PackLoader:240 - Cannot read IP mode file for WES.I-CUBE-Cesium.1.4.0
2025-09-20 09:18:23,466 [WARN] PackLoader:240 - Cannot read IP mode file for Infineon.AIROC-Wi-Fi-Bluetooth-STM32.1.7.1
2025-09-20 09:18:23,531 [WARN] PackLoader:240 - Cannot read IP mode file for STMicroelectronics.X-CUBE-AZRTOS-H7.3.4.0
2025-09-20 09:18:23,551 [WARN] PackLoader:240 - Cannot read IP mode file for STMicroelectronics.X-CUBE-DISPLAY.3.0.0
2025-09-20 09:18:23,606 [WARN] PackLoader:240 - Cannot read IP mode file for STMicroelectronics.X-CUBE-NFC10.1.0.0
2025-09-20 09:18:23,622 [WARN] PackLoader:240 - Cannot read IP mode file for emotas.I-CUBE-CANOPEN.1.3.0
2025-09-20 09:18:23,638 [WARN] PackLoader:240 - Cannot read IP mode file for STMicroelectronics.FP-SNS-STBOX1.2.1.0
2025-09-20 09:18:23,654 [WARN] PackLoader:240 - Cannot read IP mode file for STMicroelectronics.FP-SNS-SMARTAG2.1.2.0
2025-09-20 09:18:23,664 [WARN] PackLoader:240 - Cannot read IP mode file for STMicroelectronics.FP-SNS-FLIGHT1.5.1.0
2025-09-20 09:18:23,680 [INFO] LogOutputStream:77 - [STDOUT_REDIRECT] 1 : Invalid condition id : UX_CORESTACK_Condition cause : null
2025-09-20 09:18:23,681 [INFO] LogOutputStream:77 - [STDOUT_REDIRECT] 1 : Invalid condition id : UX_CORESTACK_Condition cause : null
2025-09-20 09:18:23,684 [INFO] LogOutputStream:77 - [STDOUT_REDIRECT] 1 : Invalid condition id : UX_CORESTACK_Condition cause : null
2025-09-20 09:18:23,686 [INFO] LogOutputStream:77 - [STDOUT_REDIRECT] 1 : Invalid condition id : UX_CORESTACK_Condition cause : null
2025-09-20 09:18:23,687 [INFO] LogOutputStream:77 - [STDOUT_REDIRECT] 1 : Invalid condition id : UX_CORESTACK_Condition cause : null
2025-09-20 09:18:23,695 [WARN] PackLoader:240 - Cannot read IP mode file for STMicroelectronics.X-CUBE-AZRTOS-WL.2.0.0
2025-09-20 09:18:23,711 [WARN] PackLoader:240 - Cannot read IP mode file for STMicroelectronics.FP-SNS-MOTENV1.5.0.0
2025-09-20 09:18:23,722 [WARN] PackLoader:240 - Cannot read IP mode file for STMicroelectronics.X-CUBE-BLE2.3.3.0
2025-09-20 09:18:23,736 [WARN] PackLoader:240 - Cannot read IP mode file for STMicroelectronics.X-CUBE-NFC9.1.0.0
2025-09-20 09:18:23,747 [WARN] PackLoader:240 - Cannot read IP mode file for wolfSSL.I-CUBE-wolfSSL.5.8.2
2025-09-20 09:18:23,759 [WARN] PackLoader:240 - Cannot read IP mode file for STMicroelectronics.X-CUBE-BLE1.7.1.0
2025-09-20 09:18:23,766 [WARN] PackLoader:240 - Cannot read IP mode file for wolfSSL.I-CUBE-wolfMQTT.1.19.2
2025-09-20 09:18:23,778 [WARN] PackLoader:240 - Cannot read IP mode file for STMicroelectronics.X-CUBE-EEPRMA1.5.2.0
2025-09-20 09:18:23,812 [WARN] PackLoader:240 - Cannot read IP mode file for STMicroelectronics.X-CUBE-AZRTOS-G0.1.1.0
2025-09-20 09:18:23,827 [WARN] PackLoader:240 - Cannot read IP mode file for STMicroelectronics.X-CUBE-SAFEA1.1.2.2
2025-09-20 09:18:23,836 [WARN] PackLoader:240 - Cannot read IP mode file for STMicroelectronics.X-CUBE-NFC4.3.0.0
2025-09-20 09:18:23,849 [WARN] PackLoader:240 - Cannot read IP mode file for EmbeddedOffice.I-CUBE-FS-RTOS.1.0.1
2025-09-20 09:18:23,856 [WARN] PackLoader:240 - Cannot read IP mode file for STMicroelectronics.X-CUBE-WB05N.2.0.0
2025-09-20 09:18:23,862 [WARN] PackLoader:240 - Cannot read IP mode file for wolfSSL.I-CUBE-wolfTPM.3.8.0
2025-09-20 09:18:23,873 [WARN] PackLoader:240 - Cannot read IP mode file for STMicroelectronics.X-CUBE-TCPP.4.2.0
2025-09-20 09:18:23,888 [WARN] PackLoader:240 - Cannot read IP mode file for RealThread.X-CUBE-RT-Thread_Nano.4.1.1
2025-09-20 09:18:23,895 [WARN] PackLoader:240 - Cannot read IP mode file for STMicroelectronics.FP-ATR-SIGFOX1.3.2.0
2025-09-20 09:18:23,906 [WARN] PackLoader:240 - Cannot read IP mode file for ITTIA_DB.I-CUBE-ITTIADB.8.9.0
2025-09-20 09:18:23,916 [WARN] PackLoader:240 - Cannot read IP mode file for STMicroelectronics.X-CUBE-ST67W61.1.0.0
2025-09-20 09:18:23,924 [WARN] PackLoader:240 - Cannot read IP mode file for STMicroelectronics.X-CUBE-AI.10.2.0
2025-09-20 09:18:23,993 [WARN] PackLoader:240 - Cannot read IP mode file for SEGGER.I-CUBE-embOS.1.3.1
2025-09-20 09:18:24,067 [WARN] PackLoader:240 - Cannot read IP mode file for STMicroelectronics.X-CUBE-ALGOBUILD.1.4.0
2025-09-20 09:18:24,265 [WARN] PackLoader:240 - Cannot read IP mode file for STMicroelectronics.X-CUBE-MEMS1.11.3.0
2025-09-20 09:18:24,924 [WARN] PackLoader:240 - Cannot read IP mode file for STMicroelectronics.X-CUBE-PM33A1.1.0.0
2025-09-20 09:18:24,966 [WARN] PackLoader:240 - Cannot read IP mode file for STMicroelectronics.X-CUBE-AZRTOS-F4.1.1.0
2025-09-20 09:18:24,981 [WARN] PackLoader:240 - Cannot read IP mode file for Avnet-IotConnect.X-CUBE-IoTC-DA16k-PMOD.1.0.0
2025-09-20 09:18:24,991 [WARN] PackLoader:240 - Cannot read IP mode file for STMicroelectronics.X-CUBE-ISPU.2.1.0
2025-09-20 09:18:25,007 [WARN] PackLoader:240 - Cannot read IP mode file for STMicroelectronics.X-CUBE-NFC12.1.0.0
2025-09-20 09:18:25,054 [WARN] PackLoader:240 - Cannot read IP mode file for STMicroelectronics.X-CUBE-AZRTOS-L5.2.0.0
2025-09-20 09:18:25,077 [WARN] PackLoader:240 - Cannot read IP mode file for STMicroelectronics.X-CUBE-NFC6.3.1.0
2025-09-20 09:18:25,103 [WARN] PackLoader:240 - Cannot read IP mode file for STMicroelectronics.X-CUBE-FREERTOS.1.3.1
2025-09-20 09:18:25,114 [WARN] PackLoader:240 - Cannot read IP mode file for STMicroelectronics.FP-SNS-STAIOTCFT.1.0.0
2025-09-20 09:18:25,126 [WARN] PackLoader:240 - Cannot read IP mode file for STMicroelectronics.X-CUBE-DPower.1.3.0
2025-09-20 09:18:25,164 [WARN] ConditionMgr:438 - getConditionDescription Invalid condition id : LAN8742 Phy interface Condition cause : null
2025-09-20 09:18:25,165 [WARN] PackLoader:240 - Cannot read IP mode file for STMicroelectronics.X-CUBE-AZRTOS-L4.2.0.0
2025-09-20 09:18:25,167 [WARN] ConditionMgr:1044 - genDependencies : Invalid condition id : LAN8742 Phy interface Condition cause : null
2025-09-20 09:18:25,168 [WARN] ConditionMgr:1044 - genDependencies : Invalid condition id : LAN8742 Phy interface Condition cause : null
2025-09-20 09:18:25,232 [WARN] ConditionMgr:1044 - genDependencies : Invalid condition id : LAN8742 Phy interface Condition cause : null
2025-09-20 09:18:25,283 [WARN] PackLoader:240 - Cannot read IP mode file for STMicroelectronics.X-CUBE-SFXS2LP1.4.0.0
2025-09-20 09:18:25,310 [WARN] PackLoader:240 - Cannot read IP mode file for STMicroelectronics.X-CUBE-BLEMGR.4.1.0
2025-09-20 09:18:25,343 [WARN] ConditionMgr:438 - getConditionDescription Invalid condition id : UX DEVICE CLASS RTOS Condition cause : null
2025-09-20 09:18:25,344 [WARN] ConditionMgr:438 - getConditionDescription Invalid condition id : UX DEVICE CLASS RTOS Condition cause : null
2025-09-20 09:18:25,348 [WARN] PackLoader:240 - Cannot read IP mode file for STMicroelectronics.X-CUBE-AZRTOS-WB.2.0.0
2025-09-20 09:18:25,350 [WARN] ConditionMgr:1044 - genDependencies : Invalid condition id : UX DEVICE CLASS RTOS Condition cause : null
2025-09-20 09:18:25,350 [WARN] ConditionMgr:1044 - genDependencies : Invalid condition id : UX DEVICE CLASS RTOS Condition cause : null
2025-09-20 09:18:25,351 [WARN] ConditionMgr:1044 - genDependencies : Invalid condition id : UX DEVICE CLASS RTOS Condition cause : null
2025-09-20 09:18:25,351 [WARN] ConditionMgr:1044 - genDependencies : Invalid condition id : UX DEVICE CLASS RTOS Condition cause : null
2025-09-20 09:18:25,351 [WARN] ConditionMgr:1044 - genDependencies : Invalid condition id : UX DEVICE CLASS RTOS Condition cause : null
2025-09-20 09:18:25,363 [WARN] PackLoader:240 - Cannot read IP mode file for STMicroelectronics.X-CUBE-GNSS1.7.0.1
2025-09-20 09:18:25,381 [WARN] PackLoader:240 - Cannot read IP mode file for STMicroelectronics.X-CUBE-TOUCHGFX.4.25.0
2025-09-20 09:18:25,389 [WARN] ConditionMgr:438 - getConditionDescription Invalid condition id : Cortex-A Device cause : null
2025-09-20 09:18:25,449 [WARN] ConditionMgr:1044 - genDependencies : Invalid condition id : Cortex-A Device cause : null
2025-09-20 09:18:25,450 [WARN] ConditionMgr:1044 - genDependencies : Invalid condition id : Cortex-A Device cause : null
2025-09-20 09:18:25,450 [WARN] ConditionMgr:1044 - genDependencies : Invalid condition id : Cortex-A Device cause : null
2025-09-20 09:18:25,470 [WARN] PackLoader:240 - Cannot read IP mode file for STMicroelectronics.X-CUBE-SUBG2.5.0.0
2025-09-20 09:18:25,518 [WARN] PackLoader:240 - Cannot read IP mode file for STMicroelectronics.X-CUBE-AZRTOS-H7RS.1.1.0
2025-09-20 09:18:25,530 [WARN] PackLoader:240 - Cannot read IP mode file for Cesanta.I-CUBE-Mongoose.7.13.0
2025-09-20 09:18:25,551 [WARN] PackLoader:240 - Cannot read IP mode file for STMicroelectronics.X-CUBE-AZRTOS-G4.2.0.0
2025-09-20 09:18:25,558 [WARN] PackLoader:240 - Cannot read IP mode file for wolfSSL.I-CUBE-wolfSSH.1.4.20
2025-09-20 09:18:25,571 [WARN] PackLoader:240 - Cannot read IP mode file for STMicroelectronics.X-CUBE-NFC7.2.0.0
2025-09-20 09:18:25,603 [WARN] PackLoader:240 - Cannot read IP mode file for STMicroelectronics.X-CUBE-IPS.3.1.0
2025-09-20 09:18:25,632 [WARN] PackLoader:240 - Cannot read IP mode file for STMicroelectronics.X-CUBE-ALS.1.0.2
2025-09-20 09:18:25,654 [WARN] PackLoader:240 - Cannot read IP mode file for STMicroelectronics.X-CUBE-STSE01.1.0.0
2025-09-20 09:18:25,685 [WARN] PackLoader:240 - Cannot read IP mode file for STMicroelectronics.X-CUBE-TOF1.3.4.3
2025-09-20 09:18:25,716 [INFO] ThirdParty:978 - Integrity check success = true
2025-09-20 09:18:25,717 [INFO] IntegrityCheckThread:100 - exiting critical section [integrity check]
2025-09-20 09:18:25,717 [INFO] IntegrityCheckThread:103 - End integrity checks thread
2025-09-20 09:18:46,234 [ERROR] ConfigurationRetriever:142 - IOException on connection: sw-center.st.com
2025-09-20 09:18:46,236 [ERROR] ConfigurationRetriever:142 - IOException on connection: sw-center.st.com
2025-09-20 09:18:46,237 [ERROR] ConfigurationRetriever:142 - IOException on connection: sw-center.st.com
2025-09-20 09:29:30,133 [ERROR] ConfigurationRetriever:142 - IOException on connection: sw-center.st.com
2025-09-20 09:29:30,142 [ERROR] ConfigurationRetriever:142 - IOException on connection: sw-center.st.com
2025-09-20 09:29:30,143 [ERROR] ConfigurationRetriever:142 - IOException on connection: sw-center.st.com
2025-09-20 09:36:28,618 [ERROR] ConfigurationRetriever:142 - IOException on connection: sw-center.st.com
2025-09-20 09:36:28,620 [ERROR] ConfigurationRetriever:142 - IOException on connection: sw-center.st.com
2025-09-20 09:36:28,622 [ERROR] ConfigurationRetriever:142 - IOException on connection: sw-center.st.com
2025-09-20 09:50:57,936 [ERROR] ConfigurationRetriever:142 - IOException on connection: sw-center.st.com
2025-09-20 09:50:57,944 [ERROR] ConfigurationRetriever:142 - IOException on connection: sw-center.st.com
2025-09-20 09:50:57,944 [ERROR] ConfigurationRetriever:142 - IOException on connection: sw-center.st.com
2025-09-20 09:55:57,286 [ERROR] ConfigurationRetriever:142 - IOException on connection: sw-center.st.com
2025-09-20 09:55:57,291 [ERROR] ConfigurationRetriever:142 - IOException on connection: sw-center.st.com
2025-09-20 09:55:57,292 [ERROR] ConfigurationRetriever:142 - IOException on connection: sw-center.st.com
2025-09-20 10:00:40,360 [ERROR] ConfigurationRetriever:142 - IOException on connection: sw-center.st.com
2025-09-20 10:00:40,367 [ERROR] ConfigurationRetriever:142 - IOException on connection: sw-center.st.com
2025-09-20 10:00:40,368 [ERROR] ConfigurationRetriever:142 - IOException on connection: sw-center.st.com
2025-09-20 10:23:05,413 [ERROR] ConfigurationRetriever:142 - IOException on connection: sw-center.st.com
2025-09-20 10:23:05,416 [ERROR] ConfigurationRetriever:142 - IOException on connection: sw-center.st.com
2025-09-20 10:23:05,416 [ERROR] ConfigurationRetriever:142 - IOException on connection: sw-center.st.com
2025-09-20 10:29:11,270 [ERROR] ConfigurationRetriever:142 - IOException on connection: sw-center.st.com
2025-09-20 10:29:11,271 [ERROR] ConfigurationRetriever:142 - IOException on connection: sw-center.st.com
2025-09-20 10:29:11,273 [ERROR] ConfigurationRetriever:142 - IOException on connection: sw-center.st.com
2025-09-20 20:20:29,658 [ERROR] LogOutputStream:75 - [STDERR_REDIRECT] 
2025-09-20 20:21:42,066 [INFO] Activator:176 - 


2025-09-20 20:21:42,071 [INFO] Activator:177 - !SESSION log4j initialized
2025-09-20 20:21:55,212 [INFO] LogOutputStream:77 - [STDOUT_REDIRECT] 
2025-09-20 20:21:55,713 [ERROR] ConfigurationRetriever:142 - IOException on connection: sw-center.st.com
2025-09-20 20:21:55,714 [ERROR] ConfigurationRetriever:142 - IOException on connection: sw-center.st.com
2025-09-20 20:21:55,716 [ERROR] ConfigurationRetriever:142 - IOException on connection: sw-center.st.com
2025-09-20 20:21:55,726 [ERROR] ConfigurationRetriever:142 - IOException on connection: sw-center.st.com
2025-09-20 20:21:55,727 [ERROR] ConfigurationRetriever:142 - IOException on connection: sw-center.st.com
2025-09-20 20:21:55,728 [ERROR] ConfigurationRetriever:142 - IOException on connection: sw-center.st.com
2025-09-20 20:21:57,574 [INFO] ApplicationProperties:184 - Using Application install path: C:\ST\STM32CubeIDE_1.19.0\STM32CubeIDE\plugins\com.st.stm32cube.common.mx_6.15.0.202507011659
2025-09-20 20:21:57,606 [INFO] DbMcusXml:78 - Set database path to: C:\ST\STM32CubeIDE_1.19.0\STM32CubeIDE\plugins\com.st.stm32cube.common.mx_6.15.0.202507011659\\db\/mcu/
2025-09-20 20:21:57,607 [INFO] ApiDb:274 - Set plugin database path to: C:\ST\STM32CubeIDE_1.19.0\STM32CubeIDE\plugins\com.st.stm32cube.common.mx_6.15.0.202507011659\\db\/plugins/boardmanager/
2025-09-20 20:21:57,607 [WARN] ApiDb:259 - Overriding images path with different value:  => C:\ST\STM32CubeIDE_1.19.0\STM32CubeIDE\plugins\com.st.stm32cube.common.mx_6.15.0.202507011659\\db\/plugins/mcufinder/images/
2025-09-20 20:21:57,625 [INFO] ApiDb:250 - Set database path to: C:\Users\aksha\.stmcufinder\plugins\mcufinder//mcu/
2025-09-20 20:21:57,627 [INFO] DbMcusAds:125 - Set database path to: C:\Users\aksha\.stmcufinder\plugins\mcufinder//mcu/
2025-09-20 20:21:57,630 [INFO] CrossReferenceDbSqlite:203 - Set database path to: C:\Users\aksha\.stmcufinder\plugins\mcufinder//mcu/cs/
2025-09-20 20:21:57,852 [INFO] RulesReader:64 - Compatibility file has been processed (317 Rules)
2025-09-20 20:21:58,012 [INFO] DbMcusXml:78 - Set database path to: C:\ST\STM32CubeIDE_1.19.0\STM32CubeIDE\plugins\com.st.stm32cube.common.mx_6.15.0.202507011659\\db\/mcu/
2025-09-20 20:21:58,012 [INFO] ApiDb:274 - Set plugin database path to: C:\ST\STM32CubeIDE_1.19.0\STM32CubeIDE\plugins\com.st.stm32cube.common.mx_6.15.0.202507011659\\db\/plugins/boardmanager/
2025-09-20 20:21:58,012 [INFO] ApiDb:261 - Set plugin images path to: C:\ST\STM32CubeIDE_1.19.0\STM32CubeIDE\plugins\com.st.stm32cube.common.mx_6.15.0.202507011659\\db\/plugins/mcufinder/images/
2025-09-20 20:21:58,012 [WARN] DbFile:41 - Overriding database path with different value: C:\Users\aksha\.stmcufinder\plugins\mcufinder/ => C:\Users\aksha\.stmcufinder\plugins\mcufinder
2025-09-20 20:21:58,013 [INFO] ApiDb:250 - Set database path to: C:\Users\aksha\.stmcufinder\plugins\mcufinder//mcu/
2025-09-20 20:21:58,013 [WARN] DbFile:41 - Overriding database path with different value: C:\Users\aksha\.stmcufinder\plugins\mcufinder/ => C:\Users\aksha\.stmcufinder\plugins\mcufinder
2025-09-20 20:21:58,013 [INFO] DbMcusAds:125 - Set database path to: C:\Users\aksha\.stmcufinder\plugins\mcufinder//mcu/
2025-09-20 20:21:58,013 [WARN] DbFile:41 - Overriding database path with different value: C:\Users\aksha\.stmcufinder\plugins\mcufinder/ => C:\Users\aksha\.stmcufinder\plugins\mcufinder
2025-09-20 20:21:58,014 [WARN] DbFile:41 - Overriding database path with different value: C:\Users\aksha\.stmcufinder\plugins\mcufinder/ => C:\Users\aksha\.stmcufinder\plugins\mcufinder
2025-09-20 20:21:58,014 [INFO] CrossReferenceDbSqlite:203 - Set database path to: C:\Users\aksha\.stmcufinder\plugins\mcufinder//mcu/cs/
2025-09-20 20:21:58,135 [INFO] MainPanel:274 - HeapMemory: 268435456
2025-09-20 20:21:58,337 [INFO] DbMcusXml:78 - Set database path to: C:\ST\STM32CubeIDE_1.19.0\STM32CubeIDE\plugins\com.st.stm32cube.common.mx_6.15.0.202507011659\\db\/mcu/
2025-09-20 20:21:58,337 [INFO] ApiDb:274 - Set plugin database path to: C:\ST\STM32CubeIDE_1.19.0\STM32CubeIDE\plugins\com.st.stm32cube.common.mx_6.15.0.202507011659\\db\/plugins/boardmanager/
2025-09-20 20:21:58,337 [INFO] ApiDb:261 - Set plugin images path to: C:\ST\STM32CubeIDE_1.19.0\STM32CubeIDE\plugins\com.st.stm32cube.common.mx_6.15.0.202507011659\\db\/plugins/mcufinder/images/
2025-09-20 20:21:58,338 [WARN] DbFile:41 - Overriding database path with different value: C:\Users\aksha\.stmcufinder\plugins\mcufinder/ => C:\Users\aksha\.stmcufinder\plugins\mcufinder
2025-09-20 20:21:58,338 [INFO] ApiDb:250 - Set database path to: C:\Users\aksha\.stmcufinder\plugins\mcufinder//mcu/
2025-09-20 20:21:58,339 [WARN] DbFile:41 - Overriding database path with different value: C:\Users\aksha\.stmcufinder\plugins\mcufinder/ => C:\Users\aksha\.stmcufinder\plugins\mcufinder
2025-09-20 20:21:58,339 [INFO] DbMcusAds:125 - Set database path to: C:\Users\aksha\.stmcufinder\plugins\mcufinder//mcu/
2025-09-20 20:21:58,339 [WARN] DbFile:41 - Overriding database path with different value: C:\Users\aksha\.stmcufinder\plugins\mcufinder/ => C:\Users\aksha\.stmcufinder\plugins\mcufinder
2025-09-20 20:21:58,339 [WARN] DbFile:41 - Overriding database path with different value: C:\Users\aksha\.stmcufinder\plugins\mcufinder/ => C:\Users\aksha\.stmcufinder\plugins\mcufinder
2025-09-20 20:21:58,339 [INFO] CrossReferenceDbSqlite:203 - Set database path to: C:\Users\aksha\.stmcufinder\plugins\mcufinder//mcu/cs/
2025-09-20 20:21:58,381 [INFO] ApplicationProperties:184 - Using Application install path: C:\ST\STM32CubeIDE_1.19.0\STM32CubeIDE\plugins\com.st.stm32cube.common.mx_6.15.0.202507011659
2025-09-20 20:21:58,384 [INFO] PluginManage:196 - Search for loadable plugins [exclusion list=, ]
2025-09-20 20:21:58,388 [INFO] PluginManage:310 - Check plugin analytics
2025-09-20 20:21:58,838 [INFO] AnalyticsPlugin:253 - Accepted Software Licenses: 
2025-09-20 20:21:58,838 [INFO] AnalyticsPlugin:255 - Accepted CMSIS Pack Licenses: 
2025-09-20 20:21:58,839 [INFO] AnalyticsPlugin:257 - Accepted Firmware Licenses: 
2025-09-20 20:21:58,843 [ERROR] ConfigurationRetriever:142 - IOException on connection: sw-center.st.com
2025-09-20 20:21:58,845 [ERROR] ConfigurationRetriever:142 - IOException on connection: sw-center.st.com
2025-09-20 20:21:58,846 [INFO] PluginManage:359 - Loaded plugin analytics (category:tool,tabindex:-1)
2025-09-20 20:21:58,846 [INFO] PluginManage:310 - Check plugin cadmodel
2025-09-20 20:21:58,846 [ERROR] ConfigurationRetriever:142 - IOException on connection: sw-center.st.com
2025-09-20 20:21:58,885 [INFO] CADModel:105 - Init CAD model plugin
2025-09-20 20:21:58,886 [INFO] PluginManage:359 - Loaded plugin cadmodel (category:power,tabindex:5)
2025-09-20 20:21:58,886 [INFO] PluginManage:310 - Check plugin clock
2025-09-20 20:21:58,924 [INFO] PluginManage:359 - Loaded plugin clock (category:base,tabindex:2)
2025-09-20 20:21:58,924 [INFO] PluginManage:310 - Check plugin ddr
2025-09-20 20:21:58,929 [INFO] PluginManage:359 - Loaded plugin ddr (category:tool,tabindex:6)
2025-09-20 20:21:58,929 [INFO] PluginManage:310 - Check plugin filemanager
2025-09-20 20:21:59,183 [INFO] PluginManage:359 - Loaded plugin filemanager (category:base,tabindex:10)
2025-09-20 20:21:59,183 [INFO] PluginManage:310 - Check plugin ipmanager
2025-09-20 20:21:59,196 [INFO] PluginManage:359 - Loaded plugin ipmanager (category:base,tabindex:5)
2025-09-20 20:21:59,196 [INFO] PluginManage:310 - Check plugin lpbam
2025-09-20 20:21:59,233 [INFO] PluginManage:359 - Loaded plugin lpbam (category:base,tabindex:0)
2025-09-20 20:21:59,233 [INFO] PluginManage:310 - Check plugin memorymap
2025-09-20 20:21:59,281 [INFO] PluginManage:359 - Loaded plugin memorymap (category:base,tabindex:4)
2025-09-20 20:21:59,281 [INFO] PluginManage:310 - Check plugin pinoutandconfiguration
2025-09-20 20:21:59,328 [INFO] PluginManage:359 - Loaded plugin pinoutandconfiguration (category:base,tabindex:1)
2025-09-20 20:21:59,329 [INFO] PluginManage:310 - Check plugin pinoutconfig
2025-09-20 20:21:59,528 [WARN] SupportedApi:132 - Cannot load RTOS API schema: s4s-elt-must-match.1: The content of 'definitions' must match (annotation?, (simpleType | complexType)?, (unique | key | keyref)*)). A problem was found starting at: attribute.
2025-09-20 20:21:59,777 [INFO] PluginManage:359 - Loaded plugin pinoutconfig (category:base,tabindex:0)
2025-09-20 20:21:59,777 [INFO] PluginManage:310 - Check plugin power
2025-09-20 20:21:59,829 [INFO] PluginManage:359 - Loaded plugin power (category:power,tabindex:4)
2025-09-20 20:21:59,829 [INFO] PluginManage:310 - Check plugin projectmanager
2025-09-20 20:21:59,864 [INFO] PluginManage:359 - Loaded plugin projectmanager (category:projectmanager,tabindex:4)
2025-09-20 20:21:59,865 [INFO] PluginManage:310 - Check plugin rif
2025-09-20 20:21:59,914 [INFO] PluginManage:359 - Loaded plugin rif (category:base,tabindex:3)
2025-09-20 20:21:59,914 [INFO] PluginManage:310 - Check plugin thirdparty
2025-09-20 20:22:00,575 [INFO] PluginManage:359 - Loaded plugin thirdparty (category:base,tabindex:-1)
2025-09-20 20:22:00,575 [WARN] IntegrityCheckThread:84 - waiting for thirdparty lock release [integrity check]
2025-09-20 20:22:00,575 [INFO] PluginManage:310 - Check plugin tools
2025-09-20 20:22:00,575 [INFO] IntegrityCheckThread:86 - entering critical section [integrity check]
2025-09-20 20:22:00,576 [INFO] ThirdPartyUpdaterWithRetryManager:70 - Updater plugin not ready yet. [1/15]
2025-09-20 20:22:00,689 [INFO] PluginManage:359 - Loaded plugin tools (category:base,tabindex:7)
2025-09-20 20:22:00,689 [INFO] PluginManage:310 - Check plugin tutovideos
2025-09-20 20:22:01,126 [INFO] PluginManage:359 - Loaded plugin tutovideos (category:base,tabindex:-1)
2025-09-20 20:22:01,127 [INFO] PluginManage:310 - Check plugin updater
2025-09-20 20:22:01,158 [INFO] PluginManage:359 - Loaded plugin updater (category:base,tabindex:12)
2025-09-20 20:22:01,158 [INFO] PluginManage:310 - Check plugin userauth
2025-09-20 20:22:01,165 [INFO] UserAuth:118 - Init User Auth plugin
2025-09-20 20:22:01,166 [INFO] PluginManage:359 - Loaded plugin userauth (category:base,tabindex:14)
2025-09-20 20:22:01,166 [INFO] PluginManage:283 - PluginManage : Loaded plugins [18]
2025-09-20 20:22:01,561 [INFO] PinOutPanel:1589 - setPackage(No Configuration,No Configuration)
2025-09-20 20:22:01,722 [INFO] CADModel:165 - CPN selected for project level
2025-09-20 20:22:01,722 [INFO] CADModel:114 - Register for checkConnection events
2025-09-20 20:22:01,772 [INFO] IPUIPlugin:80 - create IPUIPlugin
2025-09-20 20:22:01,773 [INFO] PluginManager:220 - loadIPPluginJar : add adc
2025-09-20 20:22:01,901 [INFO] IPUIPlugin:80 - create IPUIPlugin
2025-09-20 20:22:01,902 [INFO] PluginManager:220 - loadIPPluginJar : add aes
2025-09-20 20:22:02,059 [INFO] IPUIPlugin:80 - create IPUIPlugin
2025-09-20 20:22:02,060 [INFO] PluginManager:220 - loadIPPluginJar : add can
2025-09-20 20:22:02,174 [INFO] IPUIPlugin:80 - create IPUIPlugin
2025-09-20 20:22:02,174 [INFO] PluginManager:220 - loadIPPluginJar : add comp
2025-09-20 20:22:02,249 [INFO] IPUIPlugin:80 - create IPUIPlugin
2025-09-20 20:22:02,249 [INFO] PluginManager:220 - loadIPPluginJar : add cryp
2025-09-20 20:22:02,274 [INFO] IPUIPlugin:80 - create IPUIPlugin
2025-09-20 20:22:02,274 [INFO] PluginManager:220 - loadIPPluginJar : add ddr_ctrl_phy
2025-09-20 20:22:02,356 [INFO] IPUIPlugin:80 - create IPUIPlugin
2025-09-20 20:22:02,356 [INFO] PluginManager:220 - loadIPPluginJar : add dfsdm
2025-09-20 20:22:02,392 [INFO] IPUIPlugin:80 - create IPUIPlugin
2025-09-20 20:22:02,394 [INFO] PluginManager:220 - loadIPPluginJar : add dma
2025-09-20 20:22:02,521 [INFO] IPUIPlugin:80 - create IPUIPlugin
2025-09-20 20:22:02,521 [INFO] PluginManager:220 - loadIPPluginJar : add dma3
2025-09-20 20:22:02,638 [INFO] IPUIPlugin:80 - create IPUIPlugin
2025-09-20 20:22:02,638 [INFO] PluginManager:220 - loadIPPluginJar : add extmemmanager
2025-09-20 20:22:02,699 [INFO] IPUIPlugin:80 - create IPUIPlugin
2025-09-20 20:22:02,699 [INFO] PluginManager:220 - loadIPPluginJar : add fatfs
2025-09-20 20:22:02,834 [INFO] IPUIPlugin:80 - create IPUIPlugin
2025-09-20 20:22:02,834 [INFO] PluginManager:220 - loadIPPluginJar : add fmc
2025-09-20 20:22:02,875 [INFO] IPUIPlugin:80 - create IPUIPlugin
2025-09-20 20:22:02,876 [INFO] PluginManager:220 - loadIPPluginJar : add freertos
2025-09-20 20:22:02,942 [INFO] IPUIPlugin:80 - create IPUIPlugin
2025-09-20 20:22:02,942 [INFO] PluginManager:220 - loadIPPluginJar : add genericplugin
2025-09-20 20:22:03,193 [INFO] IPUIPlugin:80 - create IPUIPlugin
2025-09-20 20:22:03,194 [INFO] PluginManager:220 - loadIPPluginJar : add gfxmmu
2025-09-20 20:22:03,577 [INFO] ThirdPartyUpdaterWithRetryManager:70 - Updater plugin not ready yet. [2/15]
2025-09-20 20:22:03,612 [INFO] IPUIPlugin:80 - create IPUIPlugin
2025-09-20 20:22:03,612 [INFO] PluginManager:220 - loadIPPluginJar : add gic
2025-09-20 20:22:03,642 [INFO] IPUIPlugin:80 - create IPUIPlugin
2025-09-20 20:22:03,642 [INFO] PluginManager:220 - loadIPPluginJar : add gpio
2025-09-20 20:22:03,882 [INFO] IPUIPlugin:80 - create IPUIPlugin
2025-09-20 20:22:03,883 [INFO] PluginManager:220 - loadIPPluginJar : add gtzc
2025-09-20 20:22:03,990 [INFO] IPUIPlugin:80 - create IPUIPlugin
2025-09-20 20:22:03,990 [INFO] PluginManager:220 - loadIPPluginJar : add hash
2025-09-20 20:22:04,124 [INFO] IPUIPlugin:80 - create IPUIPlugin
2025-09-20 20:22:04,125 [INFO] PluginManager:220 - loadIPPluginJar : add i2c
2025-09-20 20:22:04,214 [INFO] IPUIPlugin:80 - create IPUIPlugin
2025-09-20 20:22:04,215 [INFO] PluginManager:220 - loadIPPluginJar : add i2s
2025-09-20 20:22:04,317 [INFO] IPUIPlugin:80 - create IPUIPlugin
2025-09-20 20:22:04,318 [INFO] PluginManager:220 - loadIPPluginJar : add i3c
2025-09-20 20:22:04,549 [INFO] IPUIPlugin:80 - create IPUIPlugin
2025-09-20 20:22:04,549 [INFO] PluginManager:220 - loadIPPluginJar : add ipddr
2025-09-20 20:22:04,791 [INFO] IPUIPlugin:80 - create IPUIPlugin
2025-09-20 20:22:04,791 [INFO] PluginManager:220 - loadIPPluginJar : add linkedlist
2025-09-20 20:22:04,883 [INFO] IPUIPlugin:80 - create IPUIPlugin
2025-09-20 20:22:04,883 [INFO] PluginManager:220 - loadIPPluginJar : add lorawan
2025-09-20 20:22:04,992 [INFO] IPUIPlugin:80 - create IPUIPlugin
2025-09-20 20:22:04,993 [INFO] PluginManager:220 - loadIPPluginJar : add ltdc
2025-09-20 20:22:05,028 [INFO] IPUIPlugin:80 - create IPUIPlugin
2025-09-20 20:22:05,029 [INFO] PluginManager:220 - loadIPPluginJar : add mdma
2025-09-20 20:22:05,061 [INFO] IPUIPlugin:80 - create IPUIPlugin
2025-09-20 20:22:05,062 [INFO] PluginManager:220 - loadIPPluginJar : add nvic
2025-09-20 20:22:05,175 [INFO] IPUIPlugin:80 - create IPUIPlugin
2025-09-20 20:22:05,176 [INFO] PluginManager:220 - loadIPPluginJar : add opamp
2025-09-20 20:22:05,328 [INFO] IPUIPlugin:80 - create IPUIPlugin
2025-09-20 20:22:05,328 [INFO] PluginManager:220 - loadIPPluginJar : add openamp
2025-09-20 20:22:05,443 [INFO] IPUIPlugin:80 - create IPUIPlugin
2025-09-20 20:22:05,443 [INFO] PluginManager:220 - loadIPPluginJar : add pdm2pcm
2025-09-20 20:22:05,482 [INFO] IPUIPlugin:80 - create IPUIPlugin
2025-09-20 20:22:05,488 [INFO] PluginManager:220 - loadIPPluginJar : add plateformsettings
2025-09-20 20:22:05,565 [INFO] IPUIPlugin:80 - create IPUIPlugin
2025-09-20 20:22:05,566 [INFO] PluginManager:220 - loadIPPluginJar : add quadspi
2025-09-20 20:22:05,651 [INFO] IPUIPlugin:80 - create IPUIPlugin
2025-09-20 20:22:05,653 [INFO] PluginManager:220 - loadIPPluginJar : add radio
2025-09-20 20:22:05,687 [INFO] IPUIPlugin:80 - create IPUIPlugin
2025-09-20 20:22:05,688 [INFO] PluginManager:220 - loadIPPluginJar : add resmgrutility
2025-09-20 20:22:05,796 [INFO] IPUIPlugin:80 - create IPUIPlugin
2025-09-20 20:22:05,797 [INFO] PluginManager:220 - loadIPPluginJar : add sai
2025-09-20 20:22:05,882 [INFO] IPUIPlugin:80 - create IPUIPlugin
2025-09-20 20:22:05,882 [INFO] PluginManager:220 - loadIPPluginJar : add spi
2025-09-20 20:22:06,097 [INFO] IPUIPlugin:80 - create IPUIPlugin
2025-09-20 20:22:06,097 [INFO] PluginManager:220 - loadIPPluginJar : add stm32_wpan
2025-09-20 20:22:06,165 [INFO] IPUIPlugin:80 - create IPUIPlugin
2025-09-20 20:22:06,165 [INFO] PluginManager:220 - loadIPPluginJar : add tim
2025-09-20 20:22:06,318 [INFO] IPUIPlugin:80 - create IPUIPlugin
2025-09-20 20:22:06,319 [INFO] PluginManager:220 - loadIPPluginJar : add touchsensing
2025-09-20 20:22:06,384 [INFO] IPUIPlugin:80 - create IPUIPlugin
2025-09-20 20:22:06,384 [INFO] PluginManager:220 - loadIPPluginJar : add tracer_emb
2025-09-20 20:22:06,454 [INFO] IPUIPlugin:80 - create IPUIPlugin
2025-09-20 20:22:06,455 [INFO] PluginManager:220 - loadIPPluginJar : add ts
2025-09-20 20:22:06,525 [INFO] IPUIPlugin:80 - create IPUIPlugin
2025-09-20 20:22:06,525 [INFO] PluginManager:220 - loadIPPluginJar : add tsc
2025-09-20 20:22:06,579 [INFO] ThirdPartyUpdaterWithRetryManager:70 - Updater plugin not ready yet. [3/15]
2025-09-20 20:22:06,588 [INFO] IPUIPlugin:80 - create IPUIPlugin
2025-09-20 20:22:06,588 [INFO] PluginManager:220 - loadIPPluginJar : add ucpd
2025-09-20 20:22:06,690 [INFO] IPUIPlugin:80 - create IPUIPlugin
2025-09-20 20:22:06,692 [INFO] PluginManager:220 - loadIPPluginJar : add usart
2025-09-20 20:22:06,828 [INFO] IPUIPlugin:80 - create IPUIPlugin
2025-09-20 20:22:06,828 [INFO] PluginManager:220 - loadIPPluginJar : add usbx
2025-09-20 20:22:07,078 [FATAL] Updater:351 - Updater called before beeing initialized
2025-09-20 20:22:07,154 [INFO] RulesReader:64 - Compatibility file has been processed (317 Rules)
2025-09-20 20:22:07,175 [INFO] RulesReader:64 - Compatibility file has been processed (317 Rules)
2025-09-20 20:22:07,190 [INFO] CADModel:165 - CPN selected for project level
2025-09-20 20:22:07,190 [INFO] CADModel:114 - Register for checkConnection events
2025-09-20 20:22:07,191 [FATAL] Updater:351 - Updater called before beeing initialized
2025-09-20 20:22:07,191 [ERROR] CADModel:125 - Updater not yet initialized, retry later 
2025-09-20 20:22:07,456 [FATAL] Updater:351 - Updater called before beeing initialized
2025-09-20 20:22:07,459 [INFO] CADModel:165 - CPN selected for project level
2025-09-20 20:22:07,459 [INFO] CADModel:114 - Register for checkConnection events
2025-09-20 20:22:07,459 [FATAL] Updater:351 - Updater called before beeing initialized
2025-09-20 20:22:07,461 [ERROR] CADModel:125 - Updater not yet initialized, retry later 
2025-09-20 20:22:07,466 [FATAL] Updater:351 - Updater called before beeing initialized
2025-09-20 20:22:07,697 [FATAL] Updater:351 - Updater called before beeing initialized
2025-09-20 20:22:07,720 [INFO] DbMcusAds:53 - JSON generation date=Tue Jul 08 13:44:23 IST 2025 (1751962463582)
2025-09-20 20:22:07,720 [FATAL] Updater:351 - Updater called before beeing initialized
2025-09-20 20:22:07,794 [WARN] DetailPanel:346 - Failed to get advertising image, set to default
2025-09-20 20:22:07,983 [FATAL] Updater:351 - Updater called before beeing initialized
2025-09-20 20:22:07,985 [FATAL] Updater:351 - Updater called before beeing initialized
2025-09-20 20:22:07,985 [FATAL] Updater:351 - Updater called before beeing initialized
2025-09-20 20:22:07,985 [WARN] DetailPanel:346 - Failed to get advertising image, set to default
2025-09-20 20:22:07,987 [FATAL] Updater:351 - Updater called before beeing initialized
2025-09-20 20:22:08,124 [ERROR] Updater:1198 - MainUpdater not yet initialized. External WinMGr cannot be set.
2025-09-20 20:22:08,150 [INFO] Updater:1134 - Updater Version found : 6.15.0
2025-09-20 20:22:08,184 [INFO] ApplicationProperties:184 - Using Application install path: C:\ST\STM32CubeIDE_1.19.0\STM32CubeIDE\plugins\com.st.stm32cube.common.mx_6.15.0.202507011659
2025-09-20 20:22:09,580 [INFO] ThirdPartyUpdaterWithRetryManager:70 - Updater plugin not ready yet. [4/15]
2025-09-20 20:22:09,797 [ERROR] LogOutputStream:75 - [STDERR_REDIRECT] Sep 20, 2025 8:22:09 PM java.util.prefs.WindowsPreferences <init>
2025-09-20 20:22:09,801 [ERROR] LogOutputStream:75 - [STDERR_REDIRECT] WARNING: Could not open/create prefs root node Software\JavaSoft\Prefs at root 0xffffffff80000002. Windows RegCreateKeyEx(...) returned error code 5.
2025-09-20 20:22:09,801 [ERROR] LogOutputStream:75 - [STDERR_REDIRECT] 
2025-09-20 20:22:10,464 [INFO] MainUpdater:2872 - connection check result : 22
2025-09-20 20:22:10,468 [INFO] MainUpdater:289 - Updater Check For Update Now.
2025-09-20 20:22:10,469 [INFO] MicroXplorer:498 - Change Database Version : DB.6.0.150
2025-09-20 20:22:10,526 [INFO] McuFinderGlobals:63 - Set McuFinder mode to 2 (CubeIDE integrated)
2025-09-20 20:22:10,526 [INFO] UserAuth:171 - activating auth plugin
2025-09-20 20:22:10,579 [INFO] UserAuth:487 - Internet connection configuration mode: 2
2025-09-20 20:22:10,968 [INFO] UserAuth:487 - Internet connection configuration mode: 2
2025-09-20 20:22:11,031 [INFO] CheckServerUpdateThread:120 - End of CheckServer Thread
2025-09-20 20:22:13,468 [WARN] PackLoader:240 - Cannot read IP mode file for STMicroelectronics.FP-SNS-MOTENVWB1.1.4.0
2025-09-20 20:22:13,524 [WARN] PackLoader:240 - Cannot read IP mode file for STMicroelectronics.FP-ATR-ASTRA1.2.0.2
2025-09-20 20:22:13,579 [WARN] PackLoader:240 - Cannot read IP mode file for STMicroelectronics.X-CUBE-SMBUS.2.1.0
2025-09-20 20:22:13,697 [WARN] PackLoader:240 - Cannot read IP mode file for STMicroelectronics.X-CUBE-ST60.1.0.0
2025-09-20 20:22:13,841 [WARN] PackLoader:240 - Cannot read IP mode file for STMicroelectronics.X-CUBE-AZRTOS-F7.1.1.0
2025-09-20 20:22:13,923 [WARN] PackLoader:240 - Cannot read IP mode file for WES.I-CUBE-Cesium.1.4.0
2025-09-20 20:22:14,032 [WARN] PackLoader:240 - Cannot read IP mode file for Infineon.AIROC-Wi-Fi-Bluetooth-STM32.1.7.1
2025-09-20 20:22:14,166 [WARN] PackLoader:240 - Cannot read IP mode file for STMicroelectronics.X-CUBE-AZRTOS-H7.3.4.0
2025-09-20 20:22:14,231 [WARN] PackLoader:240 - Cannot read IP mode file for STMicroelectronics.X-CUBE-DISPLAY.3.0.0
2025-09-20 20:22:14,297 [WARN] PackLoader:240 - Cannot read IP mode file for STMicroelectronics.X-CUBE-NFC10.1.0.0
2025-09-20 20:22:14,349 [WARN] PackLoader:240 - Cannot read IP mode file for emotas.I-CUBE-CANOPEN.1.3.0
2025-09-20 20:22:14,397 [WARN] PackLoader:240 - Cannot read IP mode file for STMicroelectronics.FP-SNS-STBOX1.2.1.0
2025-09-20 20:22:14,446 [WARN] PackLoader:240 - Cannot read IP mode file for STMicroelectronics.FP-SNS-SMARTAG2.1.2.0
2025-09-20 20:22:14,485 [WARN] PackLoader:240 - Cannot read IP mode file for STMicroelectronics.FP-SNS-FLIGHT1.5.1.0
2025-09-20 20:22:14,543 [INFO] LogOutputStream:77 - [STDOUT_REDIRECT] 1 : Invalid condition id : UX_CORESTACK_Condition cause : null
2025-09-20 20:22:14,547 [INFO] LogOutputStream:77 - [STDOUT_REDIRECT] 1 : Invalid condition id : UX_CORESTACK_Condition cause : null
2025-09-20 20:22:14,555 [INFO] LogOutputStream:77 - [STDOUT_REDIRECT] 1 : Invalid condition id : UX_CORESTACK_Condition cause : null
2025-09-20 20:22:14,563 [INFO] LogOutputStream:77 - [STDOUT_REDIRECT] 1 : Invalid condition id : UX_CORESTACK_Condition cause : null
2025-09-20 20:22:14,573 [INFO] LogOutputStream:77 - [STDOUT_REDIRECT] 1 : Invalid condition id : UX_CORESTACK_Condition cause : null
2025-09-20 20:22:14,583 [WARN] PackLoader:240 - Cannot read IP mode file for STMicroelectronics.X-CUBE-AZRTOS-WL.2.0.0
2025-09-20 20:22:15,425 [WARN] PackLoader:240 - Cannot read IP mode file for STMicroelectronics.FP-SNS-MOTENV1.5.0.0
2025-09-20 20:22:15,523 [WARN] PackLoader:240 - Cannot read IP mode file for STMicroelectronics.X-CUBE-BLE2.3.3.0
2025-09-20 20:22:15,576 [WARN] PackLoader:240 - Cannot read IP mode file for STMicroelectronics.X-CUBE-NFC9.1.0.0
2025-09-20 20:22:15,630 [WARN] PackLoader:240 - Cannot read IP mode file for wolfSSL.I-CUBE-wolfSSL.5.8.2
2025-09-20 20:22:15,671 [WARN] PackLoader:240 - Cannot read IP mode file for STMicroelectronics.X-CUBE-BLE1.7.1.0
2025-09-20 20:22:15,707 [WARN] PackLoader:240 - Cannot read IP mode file for wolfSSL.I-CUBE-wolfMQTT.1.19.2
2025-09-20 20:22:15,746 [WARN] PackLoader:240 - Cannot read IP mode file for STMicroelectronics.X-CUBE-EEPRMA1.5.2.0
2025-09-20 20:22:15,840 [WARN] PackLoader:240 - Cannot read IP mode file for STMicroelectronics.X-CUBE-AZRTOS-G0.1.1.0
2025-09-20 20:22:15,887 [WARN] PackLoader:240 - Cannot read IP mode file for STMicroelectronics.X-CUBE-SAFEA1.1.2.2
2025-09-20 20:22:15,923 [WARN] PackLoader:240 - Cannot read IP mode file for STMicroelectronics.X-CUBE-NFC4.3.0.0
2025-09-20 20:22:16,003 [WARN] PackLoader:240 - Cannot read IP mode file for EmbeddedOffice.I-CUBE-FS-RTOS.1.0.1
2025-09-20 20:22:16,041 [WARN] PackLoader:240 - Cannot read IP mode file for STMicroelectronics.X-CUBE-WB05N.2.0.0
2025-09-20 20:22:16,074 [WARN] PackLoader:240 - Cannot read IP mode file for wolfSSL.I-CUBE-wolfTPM.3.8.0
2025-09-20 20:22:16,106 [WARN] PackLoader:240 - Cannot read IP mode file for STMicroelectronics.X-CUBE-TCPP.4.2.0
2025-09-20 20:22:16,143 [WARN] PackLoader:240 - Cannot read IP mode file for RealThread.X-CUBE-RT-Thread_Nano.4.1.1
2025-09-20 20:22:16,173 [WARN] PackLoader:240 - Cannot read IP mode file for STMicroelectronics.FP-ATR-SIGFOX1.3.2.0
2025-09-20 20:22:16,208 [WARN] PackLoader:240 - Cannot read IP mode file for ITTIA_DB.I-CUBE-ITTIADB.8.9.0
2025-09-20 20:22:16,248 [WARN] PackLoader:240 - Cannot read IP mode file for STMicroelectronics.X-CUBE-ST67W61.1.0.0
2025-09-20 20:22:16,279 [WARN] PackLoader:240 - Cannot read IP mode file for STMicroelectronics.X-CUBE-AI.10.2.0
2025-09-20 20:22:16,353 [WARN] PackLoader:240 - Cannot read IP mode file for SEGGER.I-CUBE-embOS.1.3.1
2025-09-20 20:22:16,449 [WARN] PackLoader:240 - Cannot read IP mode file for STMicroelectronics.X-CUBE-ALGOBUILD.1.4.0
2025-09-20 20:22:16,593 [WARN] PackLoader:240 - Cannot read IP mode file for STMicroelectronics.X-CUBE-MEMS1.11.3.0
2025-09-20 20:22:16,911 [WARN] PackLoader:240 - Cannot read IP mode file for STMicroelectronics.X-CUBE-PM33A1.1.0.0
2025-09-20 20:22:16,979 [WARN] PackLoader:240 - Cannot read IP mode file for STMicroelectronics.X-CUBE-AZRTOS-F4.1.1.0
2025-09-20 20:22:17,016 [WARN] PackLoader:240 - Cannot read IP mode file for Avnet-IotConnect.X-CUBE-IoTC-DA16k-PMOD.1.0.0
2025-09-20 20:22:17,052 [WARN] PackLoader:240 - Cannot read IP mode file for STMicroelectronics.X-CUBE-ISPU.2.1.0
2025-09-20 20:22:17,086 [WARN] PackLoader:240 - Cannot read IP mode file for STMicroelectronics.X-CUBE-NFC12.1.0.0
2025-09-20 20:22:17,153 [WARN] PackLoader:240 - Cannot read IP mode file for STMicroelectronics.X-CUBE-AZRTOS-L5.2.0.0
2025-09-20 20:22:17,193 [WARN] PackLoader:240 - Cannot read IP mode file for STMicroelectronics.X-CUBE-NFC6.3.1.0
2025-09-20 20:22:17,244 [WARN] PackLoader:240 - Cannot read IP mode file for STMicroelectronics.X-CUBE-FREERTOS.1.3.1
2025-09-20 20:22:17,282 [WARN] PackLoader:240 - Cannot read IP mode file for STMicroelectronics.FP-SNS-STAIOTCFT.1.0.0
2025-09-20 20:22:17,320 [WARN] PackLoader:240 - Cannot read IP mode file for STMicroelectronics.X-CUBE-DPower.1.3.0
2025-09-20 20:22:17,384 [WARN] ConditionMgr:438 - getConditionDescription Invalid condition id : LAN8742 Phy interface Condition cause : null
2025-09-20 20:22:17,386 [WARN] PackLoader:240 - Cannot read IP mode file for STMicroelectronics.X-CUBE-AZRTOS-L4.2.0.0
2025-09-20 20:22:17,389 [WARN] ConditionMgr:1044 - genDependencies : Invalid condition id : LAN8742 Phy interface Condition cause : null
2025-09-20 20:22:17,389 [WARN] ConditionMgr:1044 - genDependencies : Invalid condition id : LAN8742 Phy interface Condition cause : null
2025-09-20 20:22:17,389 [WARN] ConditionMgr:1044 - genDependencies : Invalid condition id : LAN8742 Phy interface Condition cause : null
2025-09-20 20:22:17,426 [WARN] PackLoader:240 - Cannot read IP mode file for STMicroelectronics.X-CUBE-SFXS2LP1.4.0.0
2025-09-20 20:22:17,471 [WARN] PackLoader:240 - Cannot read IP mode file for STMicroelectronics.X-CUBE-BLEMGR.4.1.0
2025-09-20 20:22:17,530 [WARN] ConditionMgr:438 - getConditionDescription Invalid condition id : UX DEVICE CLASS RTOS Condition cause : null
2025-09-20 20:22:17,530 [WARN] ConditionMgr:438 - getConditionDescription Invalid condition id : UX DEVICE CLASS RTOS Condition cause : null
2025-09-20 20:22:17,534 [WARN] PackLoader:240 - Cannot read IP mode file for STMicroelectronics.X-CUBE-AZRTOS-WB.2.0.0
2025-09-20 20:22:17,536 [WARN] ConditionMgr:1044 - genDependencies : Invalid condition id : UX DEVICE CLASS RTOS Condition cause : null
2025-09-20 20:22:17,536 [WARN] ConditionMgr:1044 - genDependencies : Invalid condition id : UX DEVICE CLASS RTOS Condition cause : null
2025-09-20 20:22:17,537 [WARN] ConditionMgr:1044 - genDependencies : Invalid condition id : UX DEVICE CLASS RTOS Condition cause : null
2025-09-20 20:22:17,537 [WARN] ConditionMgr:1044 - genDependencies : Invalid condition id : UX DEVICE CLASS RTOS Condition cause : null
2025-09-20 20:22:17,537 [WARN] ConditionMgr:1044 - genDependencies : Invalid condition id : UX DEVICE CLASS RTOS Condition cause : null
2025-09-20 20:22:17,576 [WARN] PackLoader:240 - Cannot read IP mode file for STMicroelectronics.X-CUBE-GNSS1.7.0.1
2025-09-20 20:22:17,619 [WARN] PackLoader:240 - Cannot read IP mode file for STMicroelectronics.X-CUBE-TOUCHGFX.4.25.0
2025-09-20 20:22:17,661 [WARN] ConditionMgr:438 - getConditionDescription Invalid condition id : Cortex-A Device cause : null
2025-09-20 20:22:17,720 [WARN] ConditionMgr:1044 - genDependencies : Invalid condition id : Cortex-A Device cause : null
2025-09-20 20:22:17,721 [WARN] ConditionMgr:1044 - genDependencies : Invalid condition id : Cortex-A Device cause : null
2025-09-20 20:22:17,722 [WARN] ConditionMgr:1044 - genDependencies : Invalid condition id : Cortex-A Device cause : null
2025-09-20 20:22:17,782 [WARN] PackLoader:240 - Cannot read IP mode file for STMicroelectronics.X-CUBE-SUBG2.5.0.0
2025-09-20 20:22:17,870 [WARN] PackLoader:240 - Cannot read IP mode file for STMicroelectronics.X-CUBE-AZRTOS-H7RS.1.1.0
2025-09-20 20:22:17,906 [WARN] PackLoader:240 - Cannot read IP mode file for Cesanta.I-CUBE-Mongoose.7.13.0
2025-09-20 20:22:17,963 [WARN] PackLoader:240 - Cannot read IP mode file for STMicroelectronics.X-CUBE-AZRTOS-G4.2.0.0
2025-09-20 20:22:17,998 [WARN] PackLoader:240 - Cannot read IP mode file for wolfSSL.I-CUBE-wolfSSH.1.4.20
2025-09-20 20:22:18,035 [WARN] PackLoader:240 - Cannot read IP mode file for STMicroelectronics.X-CUBE-NFC7.2.0.0
2025-09-20 20:22:18,099 [WARN] PackLoader:240 - Cannot read IP mode file for STMicroelectronics.X-CUBE-IPS.3.1.0
2025-09-20 20:22:18,141 [WARN] PackLoader:240 - Cannot read IP mode file for STMicroelectronics.X-CUBE-ALS.1.0.2
2025-09-20 20:22:18,179 [WARN] PackLoader:240 - Cannot read IP mode file for STMicroelectronics.X-CUBE-STSE01.1.0.0
2025-09-20 20:22:18,229 [WARN] PackLoader:240 - Cannot read IP mode file for STMicroelectronics.X-CUBE-TOF1.3.4.3
2025-09-20 20:22:18,248 [INFO] ThirdParty:978 - Integrity check success = true
2025-09-20 20:22:18,248 [INFO] IntegrityCheckThread:100 - exiting critical section [integrity check]
2025-09-20 20:22:18,248 [INFO] IntegrityCheckThread:103 - End integrity checks thread
2025-09-20 20:22:30,299 [ERROR] ConfigurationRetriever:142 - IOException on connection: sw-center.st.com
2025-09-20 20:22:30,308 [ERROR] ConfigurationRetriever:142 - IOException on connection: sw-center.st.com
2025-09-20 20:22:30,309 [ERROR] ConfigurationRetriever:142 - IOException on connection: sw-center.st.com
2025-09-20 21:54:34,884 [ERROR] LogOutputStream:75 - [STDERR_REDIRECT] 
2025-09-20 21:54:52,762 [INFO] Activator:176 - 


2025-09-20 21:54:52,765 [INFO] Activator:177 - !SESSION log4j initialized
2025-09-20 21:55:03,565 [INFO] LogOutputStream:77 - [STDOUT_REDIRECT] 
2025-09-20 21:55:05,336 [INFO] ApplicationProperties:184 - Using Application install path: C:\ST\STM32CubeIDE_1.19.0\STM32CubeIDE\plugins\com.st.stm32cube.common.mx_6.15.0.202507011659
2025-09-20 21:55:05,360 [INFO] DbMcusXml:78 - Set database path to: C:\ST\STM32CubeIDE_1.19.0\STM32CubeIDE\plugins\com.st.stm32cube.common.mx_6.15.0.202507011659\\db\/mcu/
2025-09-20 21:55:05,361 [INFO] ApiDb:274 - Set plugin database path to: C:\ST\STM32CubeIDE_1.19.0\STM32CubeIDE\plugins\com.st.stm32cube.common.mx_6.15.0.202507011659\\db\/plugins/boardmanager/
2025-09-20 21:55:05,361 [WARN] ApiDb:259 - Overriding images path with different value:  => C:\ST\STM32CubeIDE_1.19.0\STM32CubeIDE\plugins\com.st.stm32cube.common.mx_6.15.0.202507011659\\db\/plugins/mcufinder/images/
2025-09-20 21:55:05,376 [INFO] ApiDb:250 - Set database path to: C:\Users\aksha\.stmcufinder\plugins\mcufinder//mcu/
2025-09-20 21:55:05,378 [INFO] DbMcusAds:125 - Set database path to: C:\Users\aksha\.stmcufinder\plugins\mcufinder//mcu/
2025-09-20 21:55:05,382 [INFO] CrossReferenceDbSqlite:203 - Set database path to: C:\Users\aksha\.stmcufinder\plugins\mcufinder//mcu/cs/
2025-09-20 21:55:05,574 [INFO] RulesReader:64 - Compatibility file has been processed (317 Rules)
2025-09-20 21:55:05,742 [INFO] DbMcusXml:78 - Set database path to: C:\ST\STM32CubeIDE_1.19.0\STM32CubeIDE\plugins\com.st.stm32cube.common.mx_6.15.0.202507011659\\db\/mcu/
2025-09-20 21:55:05,744 [INFO] ApiDb:274 - Set plugin database path to: C:\ST\STM32CubeIDE_1.19.0\STM32CubeIDE\plugins\com.st.stm32cube.common.mx_6.15.0.202507011659\\db\/plugins/boardmanager/
2025-09-20 21:55:05,744 [INFO] ApiDb:261 - Set plugin images path to: C:\ST\STM32CubeIDE_1.19.0\STM32CubeIDE\plugins\com.st.stm32cube.common.mx_6.15.0.202507011659\\db\/plugins/mcufinder/images/
2025-09-20 21:55:05,744 [WARN] DbFile:41 - Overriding database path with different value: C:\Users\aksha\.stmcufinder\plugins\mcufinder/ => C:\Users\aksha\.stmcufinder\plugins\mcufinder
2025-09-20 21:55:05,744 [INFO] ApiDb:250 - Set database path to: C:\Users\aksha\.stmcufinder\plugins\mcufinder//mcu/
2025-09-20 21:55:05,745 [WARN] DbFile:41 - Overriding database path with different value: C:\Users\aksha\.stmcufinder\plugins\mcufinder/ => C:\Users\aksha\.stmcufinder\plugins\mcufinder
2025-09-20 21:55:05,745 [INFO] DbMcusAds:125 - Set database path to: C:\Users\aksha\.stmcufinder\plugins\mcufinder//mcu/
2025-09-20 21:55:05,745 [WARN] DbFile:41 - Overriding database path with different value: C:\Users\aksha\.stmcufinder\plugins\mcufinder/ => C:\Users\aksha\.stmcufinder\plugins\mcufinder
2025-09-20 21:55:05,745 [WARN] DbFile:41 - Overriding database path with different value: C:\Users\aksha\.stmcufinder\plugins\mcufinder/ => C:\Users\aksha\.stmcufinder\plugins\mcufinder
2025-09-20 21:55:05,745 [INFO] CrossReferenceDbSqlite:203 - Set database path to: C:\Users\aksha\.stmcufinder\plugins\mcufinder//mcu/cs/
2025-09-20 21:55:05,914 [INFO] MainPanel:274 - HeapMemory: 268435456
2025-09-20 21:55:06,135 [INFO] DbMcusXml:78 - Set database path to: C:\ST\STM32CubeIDE_1.19.0\STM32CubeIDE\plugins\com.st.stm32cube.common.mx_6.15.0.202507011659\\db\/mcu/
2025-09-20 21:55:06,135 [INFO] ApiDb:274 - Set plugin database path to: C:\ST\STM32CubeIDE_1.19.0\STM32CubeIDE\plugins\com.st.stm32cube.common.mx_6.15.0.202507011659\\db\/plugins/boardmanager/
2025-09-20 21:55:06,135 [INFO] ApiDb:261 - Set plugin images path to: C:\ST\STM32CubeIDE_1.19.0\STM32CubeIDE\plugins\com.st.stm32cube.common.mx_6.15.0.202507011659\\db\/plugins/mcufinder/images/
2025-09-20 21:55:06,136 [WARN] DbFile:41 - Overriding database path with different value: C:\Users\aksha\.stmcufinder\plugins\mcufinder/ => C:\Users\aksha\.stmcufinder\plugins\mcufinder
2025-09-20 21:55:06,136 [INFO] ApiDb:250 - Set database path to: C:\Users\aksha\.stmcufinder\plugins\mcufinder//mcu/
2025-09-20 21:55:06,136 [WARN] DbFile:41 - Overriding database path with different value: C:\Users\aksha\.stmcufinder\plugins\mcufinder/ => C:\Users\aksha\.stmcufinder\plugins\mcufinder
2025-09-20 21:55:06,137 [INFO] DbMcusAds:125 - Set database path to: C:\Users\aksha\.stmcufinder\plugins\mcufinder//mcu/
2025-09-20 21:55:06,137 [WARN] DbFile:41 - Overriding database path with different value: C:\Users\aksha\.stmcufinder\plugins\mcufinder/ => C:\Users\aksha\.stmcufinder\plugins\mcufinder
2025-09-20 21:55:06,137 [WARN] DbFile:41 - Overriding database path with different value: C:\Users\aksha\.stmcufinder\plugins\mcufinder/ => C:\Users\aksha\.stmcufinder\plugins\mcufinder
2025-09-20 21:55:06,138 [INFO] CrossReferenceDbSqlite:203 - Set database path to: C:\Users\aksha\.stmcufinder\plugins\mcufinder//mcu/cs/
2025-09-20 21:55:06,169 [INFO] ApplicationProperties:184 - Using Application install path: C:\ST\STM32CubeIDE_1.19.0\STM32CubeIDE\plugins\com.st.stm32cube.common.mx_6.15.0.202507011659
2025-09-20 21:55:06,171 [INFO] PluginManage:196 - Search for loadable plugins [exclusion list=, ]
2025-09-20 21:55:06,175 [INFO] PluginManage:310 - Check plugin analytics
2025-09-20 21:55:06,562 [INFO] AnalyticsPlugin:253 - Accepted Software Licenses: 
2025-09-20 21:55:06,562 [INFO] AnalyticsPlugin:255 - Accepted CMSIS Pack Licenses: 
2025-09-20 21:55:06,563 [INFO] AnalyticsPlugin:257 - Accepted Firmware Licenses: 
2025-09-20 21:55:06,566 [INFO] PluginManage:359 - Loaded plugin analytics (category:tool,tabindex:-1)
2025-09-20 21:55:06,567 [INFO] PluginManage:310 - Check plugin cadmodel
2025-09-20 21:55:06,575 [INFO] CADModel:105 - Init CAD model plugin
2025-09-20 21:55:06,576 [INFO] PluginManage:359 - Loaded plugin cadmodel (category:power,tabindex:5)
2025-09-20 21:55:06,576 [INFO] PluginManage:310 - Check plugin clock
2025-09-20 21:55:06,591 [INFO] PluginManage:359 - Loaded plugin clock (category:base,tabindex:2)
2025-09-20 21:55:06,591 [INFO] PluginManage:310 - Check plugin ddr
2025-09-20 21:55:06,595 [INFO] PluginManage:359 - Loaded plugin ddr (category:tool,tabindex:6)
2025-09-20 21:55:06,596 [INFO] PluginManage:310 - Check plugin filemanager
2025-09-20 21:55:06,819 [INFO] PluginManage:359 - Loaded plugin filemanager (category:base,tabindex:10)
2025-09-20 21:55:06,819 [INFO] PluginManage:310 - Check plugin ipmanager
2025-09-20 21:55:06,830 [INFO] PluginManage:359 - Loaded plugin ipmanager (category:base,tabindex:5)
2025-09-20 21:55:06,830 [INFO] PluginManage:310 - Check plugin lpbam
2025-09-20 21:55:06,846 [INFO] PluginManage:359 - Loaded plugin lpbam (category:base,tabindex:0)
2025-09-20 21:55:06,846 [INFO] PluginManage:310 - Check plugin memorymap
2025-09-20 21:55:06,869 [INFO] PluginManage:359 - Loaded plugin memorymap (category:base,tabindex:4)
2025-09-20 21:55:06,870 [INFO] PluginManage:310 - Check plugin pinoutandconfiguration
2025-09-20 21:55:06,887 [INFO] PluginManage:359 - Loaded plugin pinoutandconfiguration (category:base,tabindex:1)
2025-09-20 21:55:06,887 [INFO] PluginManage:310 - Check plugin pinoutconfig
2025-09-20 21:55:07,030 [WARN] SupportedApi:132 - Cannot load RTOS API schema: s4s-elt-must-match.1: The content of 'definitions' must match (annotation?, (simpleType | complexType)?, (unique | key | keyref)*)). A problem was found starting at: attribute.
2025-09-20 21:55:07,251 [INFO] PluginManage:359 - Loaded plugin pinoutconfig (category:base,tabindex:0)
2025-09-20 21:55:07,251 [INFO] PluginManage:310 - Check plugin power
2025-09-20 21:55:07,268 [INFO] PluginManage:359 - Loaded plugin power (category:power,tabindex:4)
2025-09-20 21:55:07,268 [INFO] PluginManage:310 - Check plugin projectmanager
2025-09-20 21:55:07,298 [INFO] PluginManage:359 - Loaded plugin projectmanager (category:projectmanager,tabindex:4)
2025-09-20 21:55:07,298 [INFO] PluginManage:310 - Check plugin rif
2025-09-20 21:55:07,313 [INFO] PluginManage:359 - Loaded plugin rif (category:base,tabindex:3)
2025-09-20 21:55:07,314 [INFO] PluginManage:310 - Check plugin thirdparty
2025-09-20 21:55:07,470 [ERROR] ConfigurationRetriever:142 - IOException on connection: Read timed out
2025-09-20 21:55:07,595 [INFO] PluginManage:359 - Loaded plugin thirdparty (category:base,tabindex:-1)
2025-09-20 21:55:07,594 [WARN] IntegrityCheckThread:84 - waiting for thirdparty lock release [integrity check]
2025-09-20 21:55:07,595 [INFO] PluginManage:310 - Check plugin tools
2025-09-20 21:55:07,597 [INFO] IntegrityCheckThread:86 - entering critical section [integrity check]
2025-09-20 21:55:07,597 [INFO] ThirdPartyUpdaterWithRetryManager:70 - Updater plugin not ready yet. [1/15]
2025-09-20 21:55:07,604 [INFO] PluginManage:359 - Loaded plugin tools (category:base,tabindex:7)
2025-09-20 21:55:07,604 [INFO] PluginManage:310 - Check plugin tutovideos
2025-09-20 21:55:07,982 [INFO] PluginManage:359 - Loaded plugin tutovideos (category:base,tabindex:-1)
2025-09-20 21:55:07,982 [INFO] PluginManage:310 - Check plugin updater
2025-09-20 21:55:08,013 [INFO] PluginManage:359 - Loaded plugin updater (category:base,tabindex:12)
2025-09-20 21:55:08,013 [INFO] PluginManage:310 - Check plugin userauth
2025-09-20 21:55:08,020 [INFO] UserAuth:118 - Init User Auth plugin
2025-09-20 21:55:08,021 [INFO] PluginManage:359 - Loaded plugin userauth (category:base,tabindex:14)
2025-09-20 21:55:08,021 [INFO] PluginManage:283 - PluginManage : Loaded plugins [18]
2025-09-20 21:55:08,398 [INFO] PinOutPanel:1589 - setPackage(No Configuration,No Configuration)
2025-09-20 21:55:08,577 [INFO] CADModel:165 - CPN selected for project level
2025-09-20 21:55:08,578 [INFO] CADModel:114 - Register for checkConnection events
2025-09-20 21:55:08,620 [INFO] IPUIPlugin:80 - create IPUIPlugin
2025-09-20 21:55:08,621 [INFO] PluginManager:220 - loadIPPluginJar : add adc
2025-09-20 21:55:08,627 [INFO] IPUIPlugin:80 - create IPUIPlugin
2025-09-20 21:55:08,627 [INFO] PluginManager:220 - loadIPPluginJar : add aes
2025-09-20 21:55:08,632 [INFO] IPUIPlugin:80 - create IPUIPlugin
2025-09-20 21:55:08,632 [INFO] PluginManager:220 - loadIPPluginJar : add can
2025-09-20 21:55:08,637 [INFO] IPUIPlugin:80 - create IPUIPlugin
2025-09-20 21:55:08,637 [INFO] PluginManager:220 - loadIPPluginJar : add comp
2025-09-20 21:55:08,643 [INFO] IPUIPlugin:80 - create IPUIPlugin
2025-09-20 21:55:08,643 [INFO] PluginManager:220 - loadIPPluginJar : add cryp
2025-09-20 21:55:08,652 [INFO] IPUIPlugin:80 - create IPUIPlugin
2025-09-20 21:55:08,652 [INFO] PluginManager:220 - loadIPPluginJar : add ddr_ctrl_phy
2025-09-20 21:55:08,661 [INFO] IPUIPlugin:80 - create IPUIPlugin
2025-09-20 21:55:08,661 [INFO] PluginManager:220 - loadIPPluginJar : add dfsdm
2025-09-20 21:55:08,672 [INFO] IPUIPlugin:80 - create IPUIPlugin
2025-09-20 21:55:08,674 [INFO] PluginManager:220 - loadIPPluginJar : add dma
2025-09-20 21:55:08,680 [INFO] IPUIPlugin:80 - create IPUIPlugin
2025-09-20 21:55:08,680 [INFO] PluginManager:220 - loadIPPluginJar : add dma3
2025-09-20 21:55:08,686 [INFO] IPUIPlugin:80 - create IPUIPlugin
2025-09-20 21:55:08,686 [INFO] PluginManager:220 - loadIPPluginJar : add extmemmanager
2025-09-20 21:55:08,689 [INFO] IPUIPlugin:80 - create IPUIPlugin
2025-09-20 21:55:08,690 [INFO] PluginManager:220 - loadIPPluginJar : add fatfs
2025-09-20 21:55:08,698 [INFO] IPUIPlugin:80 - create IPUIPlugin
2025-09-20 21:55:08,699 [INFO] PluginManager:220 - loadIPPluginJar : add fmc
2025-09-20 21:55:08,734 [INFO] IPUIPlugin:80 - create IPUIPlugin
2025-09-20 21:55:08,734 [INFO] PluginManager:220 - loadIPPluginJar : add freertos
2025-09-20 21:55:08,737 [INFO] IPUIPlugin:80 - create IPUIPlugin
2025-09-20 21:55:08,737 [INFO] PluginManager:220 - loadIPPluginJar : add genericplugin
2025-09-20 21:55:08,742 [INFO] IPUIPlugin:80 - create IPUIPlugin
2025-09-20 21:55:08,743 [INFO] PluginManager:220 - loadIPPluginJar : add gfxmmu
2025-09-20 21:55:08,751 [INFO] IPUIPlugin:80 - create IPUIPlugin
2025-09-20 21:55:08,752 [INFO] PluginManager:220 - loadIPPluginJar : add gic
2025-09-20 21:55:08,759 [INFO] IPUIPlugin:80 - create IPUIPlugin
2025-09-20 21:55:08,759 [INFO] PluginManager:220 - loadIPPluginJar : add gpio
2025-09-20 21:55:08,765 [INFO] IPUIPlugin:80 - create IPUIPlugin
2025-09-20 21:55:08,766 [INFO] PluginManager:220 - loadIPPluginJar : add gtzc
2025-09-20 21:55:08,770 [INFO] IPUIPlugin:80 - create IPUIPlugin
2025-09-20 21:55:08,770 [INFO] PluginManager:220 - loadIPPluginJar : add hash
2025-09-20 21:55:08,775 [INFO] IPUIPlugin:80 - create IPUIPlugin
2025-09-20 21:55:08,775 [INFO] PluginManager:220 - loadIPPluginJar : add i2c
2025-09-20 21:55:08,780 [INFO] IPUIPlugin:80 - create IPUIPlugin
2025-09-20 21:55:08,780 [INFO] PluginManager:220 - loadIPPluginJar : add i2s
2025-09-20 21:55:08,785 [INFO] IPUIPlugin:80 - create IPUIPlugin
2025-09-20 21:55:08,786 [INFO] PluginManager:220 - loadIPPluginJar : add i3c
2025-09-20 21:55:08,792 [INFO] IPUIPlugin:80 - create IPUIPlugin
2025-09-20 21:55:08,792 [INFO] PluginManager:220 - loadIPPluginJar : add ipddr
2025-09-20 21:55:08,803 [INFO] IPUIPlugin:80 - create IPUIPlugin
2025-09-20 21:55:08,803 [INFO] PluginManager:220 - loadIPPluginJar : add linkedlist
2025-09-20 21:55:08,809 [INFO] IPUIPlugin:80 - create IPUIPlugin
2025-09-20 21:55:08,809 [INFO] PluginManager:220 - loadIPPluginJar : add lorawan
2025-09-20 21:55:08,812 [INFO] IPUIPlugin:80 - create IPUIPlugin
2025-09-20 21:55:08,812 [INFO] PluginManager:220 - loadIPPluginJar : add ltdc
2025-09-20 21:55:08,823 [INFO] IPUIPlugin:80 - create IPUIPlugin
2025-09-20 21:55:08,823 [INFO] PluginManager:220 - loadIPPluginJar : add mdma
2025-09-20 21:55:08,832 [INFO] IPUIPlugin:80 - create IPUIPlugin
2025-09-20 21:55:08,832 [INFO] PluginManager:220 - loadIPPluginJar : add nvic
2025-09-20 21:55:08,838 [INFO] IPUIPlugin:80 - create IPUIPlugin
2025-09-20 21:55:08,838 [INFO] PluginManager:220 - loadIPPluginJar : add opamp
2025-09-20 21:55:08,843 [INFO] IPUIPlugin:80 - create IPUIPlugin
2025-09-20 21:55:08,844 [INFO] PluginManager:220 - loadIPPluginJar : add openamp
2025-09-20 21:55:08,850 [INFO] IPUIPlugin:80 - create IPUIPlugin
2025-09-20 21:55:08,850 [INFO] PluginManager:220 - loadIPPluginJar : add pdm2pcm
2025-09-20 21:55:08,862 [INFO] IPUIPlugin:80 - create IPUIPlugin
2025-09-20 21:55:08,867 [INFO] PluginManager:220 - loadIPPluginJar : add plateformsettings
2025-09-20 21:55:08,872 [INFO] IPUIPlugin:80 - create IPUIPlugin
2025-09-20 21:55:08,873 [INFO] PluginManager:220 - loadIPPluginJar : add quadspi
2025-09-20 21:55:08,876 [INFO] IPUIPlugin:80 - create IPUIPlugin
2025-09-20 21:55:08,877 [INFO] PluginManager:220 - loadIPPluginJar : add radio
2025-09-20 21:55:08,884 [INFO] IPUIPlugin:80 - create IPUIPlugin
2025-09-20 21:55:08,885 [INFO] PluginManager:220 - loadIPPluginJar : add resmgrutility
2025-09-20 21:55:08,891 [INFO] IPUIPlugin:80 - create IPUIPlugin
2025-09-20 21:55:08,891 [INFO] PluginManager:220 - loadIPPluginJar : add sai
2025-09-20 21:55:08,898 [INFO] IPUIPlugin:80 - create IPUIPlugin
2025-09-20 21:55:08,898 [INFO] PluginManager:220 - loadIPPluginJar : add spi
2025-09-20 21:55:08,909 [INFO] IPUIPlugin:80 - create IPUIPlugin
2025-09-20 21:55:08,909 [INFO] PluginManager:220 - loadIPPluginJar : add stm32_wpan
2025-09-20 21:55:08,912 [INFO] IPUIPlugin:80 - create IPUIPlugin
2025-09-20 21:55:08,913 [INFO] PluginManager:220 - loadIPPluginJar : add tim
2025-09-20 21:55:08,919 [INFO] IPUIPlugin:80 - create IPUIPlugin
2025-09-20 21:55:08,919 [INFO] PluginManager:220 - loadIPPluginJar : add touchsensing
2025-09-20 21:55:08,923 [INFO] IPUIPlugin:80 - create IPUIPlugin
2025-09-20 21:55:08,924 [INFO] PluginManager:220 - loadIPPluginJar : add tracer_emb
2025-09-20 21:55:08,928 [INFO] IPUIPlugin:80 - create IPUIPlugin
2025-09-20 21:55:08,928 [INFO] PluginManager:220 - loadIPPluginJar : add ts
2025-09-20 21:55:08,932 [INFO] IPUIPlugin:80 - create IPUIPlugin
2025-09-20 21:55:08,932 [INFO] PluginManager:220 - loadIPPluginJar : add tsc
2025-09-20 21:55:08,936 [INFO] IPUIPlugin:80 - create IPUIPlugin
2025-09-20 21:55:08,936 [INFO] PluginManager:220 - loadIPPluginJar : add ucpd
2025-09-20 21:55:08,943 [INFO] IPUIPlugin:80 - create IPUIPlugin
2025-09-20 21:55:08,943 [INFO] PluginManager:220 - loadIPPluginJar : add usart
2025-09-20 21:55:08,953 [INFO] IPUIPlugin:80 - create IPUIPlugin
2025-09-20 21:55:08,953 [INFO] PluginManager:220 - loadIPPluginJar : add usbx
2025-09-20 21:55:09,140 [FATAL] Updater:351 - Updater called before beeing initialized
2025-09-20 21:55:09,188 [INFO] RulesReader:64 - Compatibility file has been processed (317 Rules)
2025-09-20 21:55:09,203 [INFO] RulesReader:64 - Compatibility file has been processed (317 Rules)
2025-09-20 21:55:09,212 [INFO] CADModel:165 - CPN selected for project level
2025-09-20 21:55:09,213 [INFO] CADModel:114 - Register for checkConnection events
2025-09-20 21:55:09,213 [FATAL] Updater:351 - Updater called before beeing initialized
2025-09-20 21:55:09,213 [ERROR] CADModel:125 - Updater not yet initialized, retry later 
2025-09-20 21:55:09,452 [FATAL] Updater:351 - Updater called before beeing initialized
2025-09-20 21:55:09,455 [INFO] CADModel:165 - CPN selected for project level
2025-09-20 21:55:09,455 [INFO] CADModel:114 - Register for checkConnection events
2025-09-20 21:55:09,455 [FATAL] Updater:351 - Updater called before beeing initialized
2025-09-20 21:55:09,455 [ERROR] CADModel:125 - Updater not yet initialized, retry later 
2025-09-20 21:55:09,460 [FATAL] Updater:351 - Updater called before beeing initialized
2025-09-20 21:55:09,643 [FATAL] Updater:351 - Updater called before beeing initialized
2025-09-20 21:55:09,653 [INFO] DbMcusAds:53 - JSON generation date=Tue Jul 08 13:44:23 IST 2025 (1751962463582)
2025-09-20 21:55:09,653 [FATAL] Updater:351 - Updater called before beeing initialized
2025-09-20 21:55:09,722 [WARN] DetailPanel:346 - Failed to get advertising image, set to default
2025-09-20 21:55:09,853 [FATAL] Updater:351 - Updater called before beeing initialized
2025-09-20 21:55:09,855 [FATAL] Updater:351 - Updater called before beeing initialized
2025-09-20 21:55:09,855 [FATAL] Updater:351 - Updater called before beeing initialized
2025-09-20 21:55:09,855 [WARN] DetailPanel:346 - Failed to get advertising image, set to default
2025-09-20 21:55:09,856 [FATAL] Updater:351 - Updater called before beeing initialized
2025-09-20 21:55:09,920 [ERROR] Updater:1198 - MainUpdater not yet initialized. External WinMGr cannot be set.
2025-09-20 21:55:09,925 [INFO] Updater:1134 - Updater Version found : 6.15.0
2025-09-20 21:55:09,948 [INFO] ApplicationProperties:184 - Using Application install path: C:\ST\STM32CubeIDE_1.19.0\STM32CubeIDE\plugins\com.st.stm32cube.common.mx_6.15.0.202507011659
2025-09-20 21:55:10,608 [INFO] ThirdPartyUpdaterWithRetryManager:70 - Updater plugin not ready yet. [2/15]
2025-09-20 21:55:11,570 [ERROR] LogOutputStream:75 - [STDERR_REDIRECT] Sep 20, 2025 9:55:11 PM java.util.prefs.WindowsPreferences <init>
2025-09-20 21:55:11,574 [ERROR] LogOutputStream:75 - [STDERR_REDIRECT] WARNING: Could not open/create prefs root node Software\JavaSoft\Prefs at root 0xffffffff80000002. Windows RegCreateKeyEx(...) returned error code 5.
2025-09-20 21:55:11,574 [ERROR] LogOutputStream:75 - [STDERR_REDIRECT] 
2025-09-20 21:55:12,026 [INFO] MainUpdater:2872 - connection check result : 10
2025-09-20 21:55:12,026 [INFO] MainUpdater:3604 - Updater definition file requires update
2025-09-20 21:55:12,028 [INFO] MainUpdater:289 - Updater Check For Update Now.
2025-09-20 21:55:12,028 [INFO] MicroXplorer:498 - Change Database Version : DB.6.0.150
2025-09-20 21:55:12,056 [INFO] McuFinderGlobals:63 - Set McuFinder mode to 2 (CubeIDE integrated)
2025-09-20 21:55:12,056 [INFO] UserAuth:171 - activating auth plugin
2025-09-20 21:55:12,059 [INFO] UserAuth:487 - Internet connection configuration mode: 1
2025-09-20 21:55:12,197 [INFO] ServerAccessManage:452 - Complete download http(s) 200
2025-09-20 21:55:12,199 [INFO] ServerAccessManage:509 - Download File updaters.zip
2025-09-20 21:55:12,213 [INFO] JxBrowserEngine:152 - Initiate JxBrowser Engine with user profile folder
2025-09-20 21:55:12,608 [INFO] FileExtend:248 - Unzip File : updaters.zip
2025-09-20 21:55:12,608 [INFO] FileExtend:263 - Standard Zip Deflate
2025-09-20 21:55:13,627 [WARN] MainUpdater:1193 - Updater busy. Cannot search thirdparties
2025-09-20 21:55:13,628 [INFO] ThirdPartyUpdaterWithRetryManager:96 - Updater plugin is busy. [1/15]
2025-09-20 21:55:14,102 [INFO] ServerAccessManage:452 - Complete download http(s) 200
2025-09-20 21:55:14,102 [INFO] ServerAccessManage:509 - Download File PacksControlFlags.xml
2025-09-20 21:55:14,399 [INFO] ServerAccessManage:452 - Complete download http(s) 200
2025-09-20 21:55:14,400 [INFO] ServerAccessManage:509 - Download File cubemx.pidx
2025-09-20 21:55:16,634 [WARN] MainUpdater:1193 - Updater busy. Cannot search thirdparties
2025-09-20 21:55:16,634 [INFO] ThirdPartyUpdaterWithRetryManager:96 - Updater plugin is busy. [2/15]
2025-09-20 21:55:19,423 [INFO] LoadServerUpdatesThread:375 - End of LoadServerUpdate Thread
2025-09-20 21:55:19,637 [WARN] MainUpdater:1193 - Updater busy. Cannot search thirdparties
2025-09-20 21:55:19,637 [INFO] ThirdPartyUpdaterWithRetryManager:96 - Updater plugin is busy. [3/15]
2025-09-20 21:55:19,785 [INFO] CheckServerUpdateThread:120 - End of CheckServer Thread
2025-09-20 21:55:22,352 [INFO] WebApp:169 - Instantiating new browser for Auth
2025-09-20 21:55:23,403 [WARN] PackLoader:240 - Cannot read IP mode file for STMicroelectronics.FP-SNS-MOTENVWB1.1.4.0
2025-09-20 21:55:23,538 [WARN] PackLoader:240 - Cannot read IP mode file for STMicroelectronics.FP-ATR-ASTRA1.2.0.2
2025-09-20 21:55:23,587 [WARN] PackLoader:240 - Cannot read IP mode file for STMicroelectronics.X-CUBE-SMBUS.2.1.0
2025-09-20 21:55:23,692 [WARN] PackLoader:240 - Cannot read IP mode file for STMicroelectronics.X-CUBE-ST60.1.0.0
2025-09-20 21:55:23,877 [WARN] PackLoader:240 - Cannot read IP mode file for STMicroelectronics.X-CUBE-AZRTOS-F7.1.1.0
2025-09-20 21:55:23,962 [WARN] PackLoader:240 - Cannot read IP mode file for WES.I-CUBE-Cesium.1.4.0
2025-09-20 21:55:24,175 [WARN] PackLoader:240 - Cannot read IP mode file for Infineon.AIROC-Wi-Fi-Bluetooth-STM32.1.7.1
2025-09-20 21:55:24,543 [WARN] PackLoader:240 - Cannot read IP mode file for STMicroelectronics.X-CUBE-AZRTOS-H7.3.4.0
2025-09-20 21:55:24,634 [WARN] PackLoader:240 - Cannot read IP mode file for STMicroelectronics.X-CUBE-DISPLAY.3.0.0
2025-09-20 21:55:24,693 [WARN] PackLoader:240 - Cannot read IP mode file for STMicroelectronics.X-CUBE-NFC10.1.0.0
2025-09-20 21:55:24,723 [WARN] PackLoader:240 - Cannot read IP mode file for emotas.I-CUBE-CANOPEN.1.3.0
2025-09-20 21:55:24,851 [WARN] PackLoader:240 - Cannot read IP mode file for STMicroelectronics.FP-SNS-STBOX1.2.1.0
2025-09-20 21:55:24,902 [WARN] PackLoader:240 - Cannot read IP mode file for STMicroelectronics.FP-SNS-SMARTAG2.1.2.0
2025-09-20 21:55:24,910 [WARN] PackLoader:240 - Cannot read IP mode file for STMicroelectronics.FP-SNS-FLIGHT1.5.1.0
2025-09-20 21:55:24,980 [INFO] LogOutputStream:77 - [STDOUT_REDIRECT] 1 : Invalid condition id : UX_CORESTACK_Condition cause : null
2025-09-20 21:55:24,992 [INFO] LogOutputStream:77 - [STDOUT_REDIRECT] 1 : Invalid condition id : UX_CORESTACK_Condition cause : null
2025-09-20 21:55:24,996 [INFO] LogOutputStream:77 - [STDOUT_REDIRECT] 1 : Invalid condition id : UX_CORESTACK_Condition cause : null
2025-09-20 21:55:24,999 [INFO] LogOutputStream:77 - [STDOUT_REDIRECT] 1 : Invalid condition id : UX_CORESTACK_Condition cause : null
2025-09-20 21:55:25,000 [INFO] LogOutputStream:77 - [STDOUT_REDIRECT] 1 : Invalid condition id : UX_CORESTACK_Condition cause : null
2025-09-20 21:55:25,048 [WARN] PackLoader:240 - Cannot read IP mode file for STMicroelectronics.X-CUBE-AZRTOS-WL.2.0.0
2025-09-20 21:55:25,078 [WARN] PackLoader:240 - Cannot read IP mode file for STMicroelectronics.FP-SNS-MOTENV1.5.0.0
2025-09-20 21:55:25,145 [WARN] PackLoader:240 - Cannot read IP mode file for STMicroelectronics.X-CUBE-BLE2.3.3.0
2025-09-20 21:55:25,175 [WARN] PackLoader:240 - Cannot read IP mode file for STMicroelectronics.X-CUBE-NFC9.1.0.0
2025-09-20 21:55:25,208 [WARN] PackLoader:240 - Cannot read IP mode file for wolfSSL.I-CUBE-wolfSSL.5.8.2
2025-09-20 21:55:25,287 [WARN] PackLoader:240 - Cannot read IP mode file for STMicroelectronics.X-CUBE-BLE1.7.1.0
2025-09-20 21:55:25,306 [WARN] PackLoader:240 - Cannot read IP mode file for wolfSSL.I-CUBE-wolfMQTT.1.19.2
2025-09-20 21:55:25,345 [WARN] PackLoader:240 - Cannot read IP mode file for STMicroelectronics.X-CUBE-EEPRMA1.5.2.0
2025-09-20 21:55:25,485 [WARN] PackLoader:240 - Cannot read IP mode file for STMicroelectronics.X-CUBE-AZRTOS-G0.1.1.0
2025-09-20 21:55:25,503 [WARN] PackLoader:240 - Cannot read IP mode file for STMicroelectronics.X-CUBE-SAFEA1.1.2.2
2025-09-20 21:55:25,527 [WARN] PackLoader:240 - Cannot read IP mode file for STMicroelectronics.X-CUBE-NFC4.3.0.0
2025-09-20 21:55:25,567 [WARN] PackLoader:240 - Cannot read IP mode file for EmbeddedOffice.I-CUBE-FS-RTOS.1.0.1
2025-09-20 21:55:25,584 [WARN] PackLoader:240 - Cannot read IP mode file for STMicroelectronics.X-CUBE-WB05N.2.0.0
2025-09-20 21:55:25,597 [WARN] PackLoader:240 - Cannot read IP mode file for wolfSSL.I-CUBE-wolfTPM.3.8.0
2025-09-20 21:55:25,629 [WARN] PackLoader:240 - Cannot read IP mode file for STMicroelectronics.X-CUBE-TCPP.4.2.0
2025-09-20 21:55:25,646 [WARN] PackLoader:240 - Cannot read IP mode file for RealThread.X-CUBE-RT-Thread_Nano.4.1.1
2025-09-20 21:55:25,671 [WARN] PackLoader:240 - Cannot read IP mode file for STMicroelectronics.FP-ATR-SIGFOX1.3.2.0
2025-09-20 21:55:25,705 [WARN] PackLoader:240 - Cannot read IP mode file for ITTIA_DB.I-CUBE-ITTIADB.8.9.0
2025-09-20 21:55:25,719 [WARN] PackLoader:240 - Cannot read IP mode file for STMicroelectronics.X-CUBE-ST67W61.1.0.0
2025-09-20 21:55:25,726 [WARN] PackLoader:240 - Cannot read IP mode file for STMicroelectronics.X-CUBE-AI.10.2.0
2025-09-20 21:55:25,777 [WARN] PackLoader:240 - Cannot read IP mode file for SEGGER.I-CUBE-embOS.1.3.1
2025-09-20 21:55:25,915 [WARN] PackLoader:240 - Cannot read IP mode file for STMicroelectronics.X-CUBE-ALGOBUILD.1.4.0
2025-09-20 21:55:26,072 [WARN] PackLoader:240 - Cannot read IP mode file for STMicroelectronics.X-CUBE-MEMS1.11.3.0
2025-09-20 21:55:26,329 [WARN] PackLoader:240 - Cannot read IP mode file for STMicroelectronics.X-CUBE-PM33A1.1.0.0
2025-09-20 21:55:26,364 [WARN] PackLoader:240 - Cannot read IP mode file for STMicroelectronics.X-CUBE-AZRTOS-F4.1.1.0
2025-09-20 21:55:26,374 [WARN] PackLoader:240 - Cannot read IP mode file for Avnet-IotConnect.X-CUBE-IoTC-DA16k-PMOD.1.0.0
2025-09-20 21:55:26,381 [WARN] PackLoader:240 - Cannot read IP mode file for STMicroelectronics.X-CUBE-ISPU.2.1.0
2025-09-20 21:55:26,395 [WARN] PackLoader:240 - Cannot read IP mode file for STMicroelectronics.X-CUBE-NFC12.1.0.0
2025-09-20 21:55:26,445 [WARN] PackLoader:240 - Cannot read IP mode file for STMicroelectronics.X-CUBE-AZRTOS-L5.2.0.0
2025-09-20 21:55:26,464 [WARN] PackLoader:240 - Cannot read IP mode file for STMicroelectronics.X-CUBE-NFC6.3.1.0
2025-09-20 21:55:26,540 [WARN] PackLoader:240 - Cannot read IP mode file for STMicroelectronics.X-CUBE-FREERTOS.1.3.1
2025-09-20 21:55:26,555 [WARN] PackLoader:240 - Cannot read IP mode file for STMicroelectronics.FP-SNS-STAIOTCFT.1.0.0
2025-09-20 21:55:26,569 [WARN] PackLoader:240 - Cannot read IP mode file for STMicroelectronics.X-CUBE-DPower.1.3.0
2025-09-20 21:55:26,616 [WARN] ConditionMgr:438 - getConditionDescription Invalid condition id : LAN8742 Phy interface Condition cause : null
2025-09-20 21:55:26,618 [WARN] PackLoader:240 - Cannot read IP mode file for STMicroelectronics.X-CUBE-AZRTOS-L4.2.0.0
2025-09-20 21:55:26,621 [WARN] ConditionMgr:1044 - genDependencies : Invalid condition id : LAN8742 Phy interface Condition cause : null
2025-09-20 21:55:26,621 [WARN] ConditionMgr:1044 - genDependencies : Invalid condition id : LAN8742 Phy interface Condition cause : null
2025-09-20 21:55:26,622 [WARN] ConditionMgr:1044 - genDependencies : Invalid condition id : LAN8742 Phy interface Condition cause : null
2025-09-20 21:55:26,636 [WARN] PackLoader:240 - Cannot read IP mode file for STMicroelectronics.X-CUBE-SFXS2LP1.4.0.0
2025-09-20 21:55:26,657 [WARN] PackLoader:240 - Cannot read IP mode file for STMicroelectronics.X-CUBE-BLEMGR.4.1.0
2025-09-20 21:55:26,697 [WARN] ConditionMgr:438 - getConditionDescription Invalid condition id : UX DEVICE CLASS RTOS Condition cause : null
2025-09-20 21:55:26,697 [WARN] ConditionMgr:438 - getConditionDescription Invalid condition id : UX DEVICE CLASS RTOS Condition cause : null
2025-09-20 21:55:26,701 [WARN] PackLoader:240 - Cannot read IP mode file for STMicroelectronics.X-CUBE-AZRTOS-WB.2.0.0
2025-09-20 21:55:26,702 [WARN] ConditionMgr:1044 - genDependencies : Invalid condition id : UX DEVICE CLASS RTOS Condition cause : null
2025-09-20 21:55:26,702 [WARN] ConditionMgr:1044 - genDependencies : Invalid condition id : UX DEVICE CLASS RTOS Condition cause : null
2025-09-20 21:55:26,703 [WARN] ConditionMgr:1044 - genDependencies : Invalid condition id : UX DEVICE CLASS RTOS Condition cause : null
2025-09-20 21:55:26,703 [WARN] ConditionMgr:1044 - genDependencies : Invalid condition id : UX DEVICE CLASS RTOS Condition cause : null
2025-09-20 21:55:26,703 [WARN] ConditionMgr:1044 - genDependencies : Invalid condition id : UX DEVICE CLASS RTOS Condition cause : null
2025-09-20 21:55:26,716 [WARN] PackLoader:240 - Cannot read IP mode file for STMicroelectronics.X-CUBE-GNSS1.7.0.1
2025-09-20 21:55:26,732 [WARN] PackLoader:240 - Cannot read IP mode file for STMicroelectronics.X-CUBE-TOUCHGFX.4.25.0
2025-09-20 21:55:26,757 [WARN] ConditionMgr:438 - getConditionDescription Invalid condition id : Cortex-A Device cause : null
2025-09-20 21:55:26,802 [WARN] ConditionMgr:1044 - genDependencies : Invalid condition id : Cortex-A Device cause : null
2025-09-20 21:55:26,803 [WARN] ConditionMgr:1044 - genDependencies : Invalid condition id : Cortex-A Device cause : null
2025-09-20 21:55:26,803 [WARN] ConditionMgr:1044 - genDependencies : Invalid condition id : Cortex-A Device cause : null
2025-09-20 21:55:26,830 [WARN] PackLoader:240 - Cannot read IP mode file for STMicroelectronics.X-CUBE-SUBG2.5.0.0
2025-09-20 21:55:26,890 [WARN] PackLoader:240 - Cannot read IP mode file for STMicroelectronics.X-CUBE-AZRTOS-H7RS.1.1.0
2025-09-20 21:55:26,903 [WARN] PackLoader:240 - Cannot read IP mode file for Cesanta.I-CUBE-Mongoose.7.13.0
2025-09-20 21:55:26,936 [WARN] PackLoader:240 - Cannot read IP mode file for STMicroelectronics.X-CUBE-AZRTOS-G4.2.0.0
2025-09-20 21:55:26,946 [WARN] PackLoader:240 - Cannot read IP mode file for wolfSSL.I-CUBE-wolfSSH.1.4.20
2025-09-20 21:55:26,955 [WARN] PackLoader:240 - Cannot read IP mode file for STMicroelectronics.X-CUBE-NFC7.2.0.0
2025-09-20 21:55:27,036 [WARN] PackLoader:240 - Cannot read IP mode file for STMicroelectronics.X-CUBE-IPS.3.1.0
2025-09-20 21:55:27,067 [WARN] PackLoader:240 - Cannot read IP mode file for STMicroelectronics.X-CUBE-ALS.1.0.2
2025-09-20 21:55:27,093 [WARN] PackLoader:240 - Cannot read IP mode file for STMicroelectronics.X-CUBE-STSE01.1.0.0
2025-09-20 21:55:27,141 [WARN] PackLoader:240 - Cannot read IP mode file for STMicroelectronics.X-CUBE-TOF1.3.4.3
2025-09-20 21:55:27,188 [INFO] ThirdParty:978 - Integrity check success = true
2025-09-20 21:55:27,188 [INFO] IntegrityCheckThread:100 - exiting critical section [integrity check]
2025-09-20 21:55:27,189 [INFO] IntegrityCheckThread:103 - End integrity checks thread
2025-09-20 21:55:29,172 [INFO] WebApp:463 - Apply proxy settings
2025-09-20 21:55:29,176 [INFO] WebApp:548 - Chromium requires no authentication
2025-09-20 21:55:29,208 [INFO] WebApp:491 - Direct internet connection detected
2025-09-20 21:55:29,302 [INFO] WebApp:900 - Register for checkConnection events
2025-09-20 21:55:29,302 [INFO] WebApp:463 - Apply proxy settings
2025-09-20 21:55:29,303 [INFO] WebApp:548 - Chromium requires no authentication
2025-09-20 21:55:29,303 [INFO] WebApp:491 - Direct internet connection detected
2025-09-20 21:55:30,395 [INFO] WebApp:225 - Starting web application
2025-09-20 21:55:30,396 [INFO] WebApp:593 - Web application path used C:\ST\STM32CubeIDE_1.19.0\STM32CubeIDE\plugins\com.st.stm32cube.common.mx_6.15.0.202507011659\db\plugins\mcufinder\reactClient1\index.html
2025-09-20 21:55:30,691 [INFO] WebApp:191 - Connection restablished
