2025-09-13 08:03:48,913 [INFO] Activator:176 - 


2025-09-13 08:03:48,923 [INFO] Activator:177 - !SESSION log4j initialized
2025-09-13 08:04:01,796 [INFO] LogOutputStream:77 - [STDOUT_REDIRECT] 
2025-09-13 08:04:02,293 [ERROR] ConfigurationRetriever:142 - IOException on connection: sw-center.st.com
2025-09-13 08:04:02,294 [ERROR] ConfigurationRetriever:142 - IOException on connection: sw-center.st.com
2025-09-13 08:04:02,295 [ERROR] ConfigurationRetriever:142 - IOException on connection: sw-center.st.com
2025-09-13 08:04:02,307 [ERROR] ConfigurationRetriever:142 - IOException on connection: sw-center.st.com
2025-09-13 08:04:02,308 [ERROR] ConfigurationRetriever:142 - IOException on connection: sw-center.st.com
2025-09-13 08:04:02,309 [ERROR] ConfigurationRetriever:142 - IOException on connection: sw-center.st.com
2025-09-13 08:04:05,116 [INFO] ApplicationProperties:184 - Using Application install path: C:\ST\STM32CubeIDE_1.19.0\STM32CubeIDE\plugins\com.st.stm32cube.common.mx_6.15.0.202507011659
2025-09-13 08:04:05,155 [INFO] DbMcusXml:78 - Set database path to: C:\ST\STM32CubeIDE_1.19.0\STM32CubeIDE\plugins\com.st.stm32cube.common.mx_6.15.0.202507011659\\db\/mcu/
2025-09-13 08:04:05,155 [INFO] ApiDb:274 - Set plugin database path to: C:\ST\STM32CubeIDE_1.19.0\STM32CubeIDE\plugins\com.st.stm32cube.common.mx_6.15.0.202507011659\\db\/plugins/boardmanager/
2025-09-13 08:04:05,156 [WARN] ApiDb:259 - Overriding images path with different value:  => C:\ST\STM32CubeIDE_1.19.0\STM32CubeIDE\plugins\com.st.stm32cube.common.mx_6.15.0.202507011659\\db\/plugins/mcufinder/images/
2025-09-13 08:04:05,171 [INFO] ApiDb:250 - Set database path to: C:\Users\aksha\.stmcufinder\plugins\mcufinder//mcu/
2025-09-13 08:04:05,173 [INFO] DbMcusAds:125 - Set database path to: C:\Users\aksha\.stmcufinder\plugins\mcufinder//mcu/
2025-09-13 08:04:05,177 [INFO] CrossReferenceDbSqlite:203 - Set database path to: C:\Users\aksha\.stmcufinder\plugins\mcufinder//mcu/cs/
2025-09-13 08:04:05,386 [INFO] RulesReader:64 - Compatibility file has been processed (317 Rules)
2025-09-13 08:04:05,533 [INFO] DbMcusXml:78 - Set database path to: C:\ST\STM32CubeIDE_1.19.0\STM32CubeIDE\plugins\com.st.stm32cube.common.mx_6.15.0.202507011659\\db\/mcu/
2025-09-13 08:04:05,533 [INFO] ApiDb:274 - Set plugin database path to: C:\ST\STM32CubeIDE_1.19.0\STM32CubeIDE\plugins\com.st.stm32cube.common.mx_6.15.0.202507011659\\db\/plugins/boardmanager/
2025-09-13 08:04:05,533 [INFO] ApiDb:261 - Set plugin images path to: C:\ST\STM32CubeIDE_1.19.0\STM32CubeIDE\plugins\com.st.stm32cube.common.mx_6.15.0.202507011659\\db\/plugins/mcufinder/images/
2025-09-13 08:04:05,533 [WARN] DbFile:41 - Overriding database path with different value: C:\Users\aksha\.stmcufinder\plugins\mcufinder/ => C:\Users\aksha\.stmcufinder\plugins\mcufinder
2025-09-13 08:04:05,534 [INFO] ApiDb:250 - Set database path to: C:\Users\aksha\.stmcufinder\plugins\mcufinder//mcu/
2025-09-13 08:04:05,534 [WARN] DbFile:41 - Overriding database path with different value: C:\Users\aksha\.stmcufinder\plugins\mcufinder/ => C:\Users\aksha\.stmcufinder\plugins\mcufinder
2025-09-13 08:04:05,534 [INFO] DbMcusAds:125 - Set database path to: C:\Users\aksha\.stmcufinder\plugins\mcufinder//mcu/
2025-09-13 08:04:05,534 [WARN] DbFile:41 - Overriding database path with different value: C:\Users\aksha\.stmcufinder\plugins\mcufinder/ => C:\Users\aksha\.stmcufinder\plugins\mcufinder
2025-09-13 08:04:05,534 [WARN] DbFile:41 - Overriding database path with different value: C:\Users\aksha\.stmcufinder\plugins\mcufinder/ => C:\Users\aksha\.stmcufinder\plugins\mcufinder
2025-09-13 08:04:05,534 [INFO] CrossReferenceDbSqlite:203 - Set database path to: C:\Users\aksha\.stmcufinder\plugins\mcufinder//mcu/cs/
2025-09-13 08:04:05,672 [INFO] MainPanel:274 - HeapMemory: 268435456
2025-09-13 08:04:05,900 [INFO] DbMcusXml:78 - Set database path to: C:\ST\STM32CubeIDE_1.19.0\STM32CubeIDE\plugins\com.st.stm32cube.common.mx_6.15.0.202507011659\\db\/mcu/
2025-09-13 08:04:05,900 [INFO] ApiDb:274 - Set plugin database path to: C:\ST\STM32CubeIDE_1.19.0\STM32CubeIDE\plugins\com.st.stm32cube.common.mx_6.15.0.202507011659\\db\/plugins/boardmanager/
2025-09-13 08:04:05,900 [INFO] ApiDb:261 - Set plugin images path to: C:\ST\STM32CubeIDE_1.19.0\STM32CubeIDE\plugins\com.st.stm32cube.common.mx_6.15.0.202507011659\\db\/plugins/mcufinder/images/
2025-09-13 08:04:05,901 [WARN] DbFile:41 - Overriding database path with different value: C:\Users\aksha\.stmcufinder\plugins\mcufinder/ => C:\Users\aksha\.stmcufinder\plugins\mcufinder
2025-09-13 08:04:05,901 [INFO] ApiDb:250 - Set database path to: C:\Users\aksha\.stmcufinder\plugins\mcufinder//mcu/
2025-09-13 08:04:05,901 [WARN] DbFile:41 - Overriding database path with different value: C:\Users\aksha\.stmcufinder\plugins\mcufinder/ => C:\Users\aksha\.stmcufinder\plugins\mcufinder
2025-09-13 08:04:05,902 [INFO] DbMcusAds:125 - Set database path to: C:\Users\aksha\.stmcufinder\plugins\mcufinder//mcu/
2025-09-13 08:04:05,902 [WARN] DbFile:41 - Overriding database path with different value: C:\Users\aksha\.stmcufinder\plugins\mcufinder/ => C:\Users\aksha\.stmcufinder\plugins\mcufinder
2025-09-13 08:04:05,902 [WARN] DbFile:41 - Overriding database path with different value: C:\Users\aksha\.stmcufinder\plugins\mcufinder/ => C:\Users\aksha\.stmcufinder\plugins\mcufinder
2025-09-13 08:04:05,902 [INFO] CrossReferenceDbSqlite:203 - Set database path to: C:\Users\aksha\.stmcufinder\plugins\mcufinder//mcu/cs/
2025-09-13 08:04:05,933 [INFO] ApplicationProperties:184 - Using Application install path: C:\ST\STM32CubeIDE_1.19.0\STM32CubeIDE\plugins\com.st.stm32cube.common.mx_6.15.0.202507011659
2025-09-13 08:04:05,935 [INFO] PluginManage:196 - Search for loadable plugins [exclusion list=, ]
2025-09-13 08:04:05,937 [INFO] PluginManage:310 - Check plugin analytics
2025-09-13 08:04:06,413 [INFO] AnalyticsPlugin:253 - Accepted Software Licenses: 
2025-09-13 08:04:06,413 [INFO] AnalyticsPlugin:255 - Accepted CMSIS Pack Licenses: 
2025-09-13 08:04:06,413 [INFO] AnalyticsPlugin:257 - Accepted Firmware Licenses: 
2025-09-13 08:04:06,418 [ERROR] ConfigurationRetriever:142 - IOException on connection: sw-center.st.com
2025-09-13 08:04:06,420 [ERROR] ConfigurationRetriever:142 - IOException on connection: sw-center.st.com
2025-09-13 08:04:06,420 [INFO] PluginManage:359 - Loaded plugin analytics (category:tool,tabindex:-1)
2025-09-13 08:04:06,421 [ERROR] ConfigurationRetriever:142 - IOException on connection: sw-center.st.com
2025-09-13 08:04:06,421 [INFO] PluginManage:310 - Check plugin cadmodel
2025-09-13 08:04:06,455 [INFO] CADModel:105 - Init CAD model plugin
2025-09-13 08:04:06,455 [INFO] PluginManage:359 - Loaded plugin cadmodel (category:power,tabindex:5)
2025-09-13 08:04:06,457 [INFO] PluginManage:310 - Check plugin clock
2025-09-13 08:04:06,494 [INFO] PluginManage:359 - Loaded plugin clock (category:base,tabindex:2)
2025-09-13 08:04:06,494 [INFO] PluginManage:310 - Check plugin ddr
2025-09-13 08:04:06,498 [INFO] PluginManage:359 - Loaded plugin ddr (category:tool,tabindex:6)
2025-09-13 08:04:06,498 [INFO] PluginManage:310 - Check plugin filemanager
2025-09-13 08:04:06,743 [INFO] PluginManage:359 - Loaded plugin filemanager (category:base,tabindex:10)
2025-09-13 08:04:06,743 [INFO] PluginManage:310 - Check plugin ipmanager
2025-09-13 08:04:06,754 [INFO] PluginManage:359 - Loaded plugin ipmanager (category:base,tabindex:5)
2025-09-13 08:04:06,754 [INFO] PluginManage:310 - Check plugin lpbam
2025-09-13 08:04:06,786 [INFO] PluginManage:359 - Loaded plugin lpbam (category:base,tabindex:0)
2025-09-13 08:04:06,786 [INFO] PluginManage:310 - Check plugin memorymap
2025-09-13 08:04:06,830 [INFO] PluginManage:359 - Loaded plugin memorymap (category:base,tabindex:4)
2025-09-13 08:04:06,831 [INFO] PluginManage:310 - Check plugin pinoutandconfiguration
2025-09-13 08:04:06,868 [INFO] PluginManage:359 - Loaded plugin pinoutandconfiguration (category:base,tabindex:1)
2025-09-13 08:04:06,868 [INFO] PluginManage:310 - Check plugin pinoutconfig
2025-09-13 08:04:07,049 [WARN] SupportedApi:132 - Cannot load RTOS API schema: s4s-elt-must-match.1: The content of 'definitions' must match (annotation?, (simpleType | complexType)?, (unique | key | keyref)*)). A problem was found starting at: attribute.
2025-09-13 08:04:07,276 [INFO] PluginManage:359 - Loaded plugin pinoutconfig (category:base,tabindex:0)
2025-09-13 08:04:07,276 [INFO] PluginManage:310 - Check plugin power
2025-09-13 08:04:07,313 [INFO] PluginManage:359 - Loaded plugin power (category:power,tabindex:4)
2025-09-13 08:04:07,313 [INFO] PluginManage:310 - Check plugin projectmanager
2025-09-13 08:04:07,340 [INFO] PluginManage:359 - Loaded plugin projectmanager (category:projectmanager,tabindex:4)
2025-09-13 08:04:07,340 [INFO] PluginManage:310 - Check plugin rif
2025-09-13 08:04:07,377 [INFO] PluginManage:359 - Loaded plugin rif (category:base,tabindex:3)
2025-09-13 08:04:07,378 [INFO] PluginManage:310 - Check plugin thirdparty
2025-09-13 08:04:07,957 [INFO] PluginManage:359 - Loaded plugin thirdparty (category:base,tabindex:-1)
2025-09-13 08:04:07,957 [WARN] IntegrityCheckThread:84 - waiting for thirdparty lock release [integrity check]
2025-09-13 08:04:07,957 [INFO] PluginManage:310 - Check plugin tools
2025-09-13 08:04:07,957 [INFO] IntegrityCheckThread:86 - entering critical section [integrity check]
2025-09-13 08:04:07,958 [INFO] ThirdPartyUpdaterWithRetryManager:70 - Updater plugin not ready yet. [1/15]
2025-09-13 08:04:08,055 [INFO] PluginManage:359 - Loaded plugin tools (category:base,tabindex:7)
2025-09-13 08:04:08,056 [INFO] PluginManage:310 - Check plugin tutovideos
2025-09-13 08:04:08,483 [INFO] PluginManage:359 - Loaded plugin tutovideos (category:base,tabindex:-1)
2025-09-13 08:04:08,483 [INFO] PluginManage:310 - Check plugin updater
2025-09-13 08:04:08,523 [INFO] PluginManage:359 - Loaded plugin updater (category:base,tabindex:12)
2025-09-13 08:04:08,524 [INFO] PluginManage:310 - Check plugin userauth
2025-09-13 08:04:08,530 [INFO] UserAuth:118 - Init User Auth plugin
2025-09-13 08:04:08,532 [INFO] PluginManage:359 - Loaded plugin userauth (category:base,tabindex:14)
2025-09-13 08:04:08,533 [INFO] PluginManage:283 - PluginManage : Loaded plugins [18]
2025-09-13 08:04:08,909 [INFO] PinOutPanel:1589 - setPackage(No Configuration,No Configuration)
2025-09-13 08:04:09,058 [INFO] CADModel:165 - CPN selected for project level
2025-09-13 08:04:09,058 [INFO] CADModel:114 - Register for checkConnection events
2025-09-13 08:04:09,109 [INFO] IPUIPlugin:80 - create IPUIPlugin
2025-09-13 08:04:09,109 [INFO] PluginManager:220 - loadIPPluginJar : add adc
2025-09-13 08:04:09,197 [INFO] IPUIPlugin:80 - create IPUIPlugin
2025-09-13 08:04:09,198 [INFO] PluginManager:220 - loadIPPluginJar : add aes
2025-09-13 08:04:09,294 [INFO] IPUIPlugin:80 - create IPUIPlugin
2025-09-13 08:04:09,294 [INFO] PluginManager:220 - loadIPPluginJar : add can
2025-09-13 08:04:09,355 [INFO] IPUIPlugin:80 - create IPUIPlugin
2025-09-13 08:04:09,355 [INFO] PluginManager:220 - loadIPPluginJar : add comp
2025-09-13 08:04:09,438 [INFO] IPUIPlugin:80 - create IPUIPlugin
2025-09-13 08:04:09,438 [INFO] PluginManager:220 - loadIPPluginJar : add cryp
2025-09-13 08:04:09,466 [INFO] IPUIPlugin:80 - create IPUIPlugin
2025-09-13 08:04:09,466 [INFO] PluginManager:220 - loadIPPluginJar : add ddr_ctrl_phy
2025-09-13 08:04:09,539 [INFO] IPUIPlugin:80 - create IPUIPlugin
2025-09-13 08:04:09,539 [INFO] PluginManager:220 - loadIPPluginJar : add dfsdm
2025-09-13 08:04:09,567 [INFO] IPUIPlugin:80 - create IPUIPlugin
2025-09-13 08:04:09,568 [INFO] PluginManager:220 - loadIPPluginJar : add dma
2025-09-13 08:04:09,672 [INFO] IPUIPlugin:80 - create IPUIPlugin
2025-09-13 08:04:09,673 [INFO] PluginManager:220 - loadIPPluginJar : add dma3
2025-09-13 08:04:09,777 [INFO] IPUIPlugin:80 - create IPUIPlugin
2025-09-13 08:04:09,779 [INFO] PluginManager:220 - loadIPPluginJar : add extmemmanager
2025-09-13 08:04:09,829 [INFO] IPUIPlugin:80 - create IPUIPlugin
2025-09-13 08:04:09,829 [INFO] PluginManager:220 - loadIPPluginJar : add fatfs
2025-09-13 08:04:09,942 [INFO] IPUIPlugin:80 - create IPUIPlugin
2025-09-13 08:04:09,942 [INFO] PluginManager:220 - loadIPPluginJar : add fmc
2025-09-13 08:04:09,972 [INFO] IPUIPlugin:80 - create IPUIPlugin
2025-09-13 08:04:09,972 [INFO] PluginManager:220 - loadIPPluginJar : add freertos
2025-09-13 08:04:10,024 [INFO] IPUIPlugin:80 - create IPUIPlugin
2025-09-13 08:04:10,024 [INFO] PluginManager:220 - loadIPPluginJar : add genericplugin
2025-09-13 08:04:10,255 [INFO] IPUIPlugin:80 - create IPUIPlugin
2025-09-13 08:04:10,256 [INFO] PluginManager:220 - loadIPPluginJar : add gfxmmu
2025-09-13 08:04:10,578 [INFO] IPUIPlugin:80 - create IPUIPlugin
2025-09-13 08:04:10,578 [INFO] PluginManager:220 - loadIPPluginJar : add gic
2025-09-13 08:04:10,609 [INFO] IPUIPlugin:80 - create IPUIPlugin
2025-09-13 08:04:10,609 [INFO] PluginManager:220 - loadIPPluginJar : add gpio
2025-09-13 08:04:10,833 [INFO] IPUIPlugin:80 - create IPUIPlugin
2025-09-13 08:04:10,833 [INFO] PluginManager:220 - loadIPPluginJar : add gtzc
2025-09-13 08:04:10,910 [INFO] IPUIPlugin:80 - create IPUIPlugin
2025-09-13 08:04:10,910 [INFO] PluginManager:220 - loadIPPluginJar : add hash
2025-09-13 08:04:10,960 [INFO] ThirdPartyUpdaterWithRetryManager:70 - Updater plugin not ready yet. [2/15]
2025-09-13 08:04:11,039 [INFO] IPUIPlugin:80 - create IPUIPlugin
2025-09-13 08:04:11,039 [INFO] PluginManager:220 - loadIPPluginJar : add i2c
2025-09-13 08:04:11,130 [INFO] IPUIPlugin:80 - create IPUIPlugin
2025-09-13 08:04:11,130 [INFO] PluginManager:220 - loadIPPluginJar : add i2s
2025-09-13 08:04:11,224 [INFO] IPUIPlugin:80 - create IPUIPlugin
2025-09-13 08:04:11,225 [INFO] PluginManager:220 - loadIPPluginJar : add i3c
2025-09-13 08:04:11,455 [INFO] IPUIPlugin:80 - create IPUIPlugin
2025-09-13 08:04:11,455 [INFO] PluginManager:220 - loadIPPluginJar : add ipddr
2025-09-13 08:04:11,670 [INFO] IPUIPlugin:80 - create IPUIPlugin
2025-09-13 08:04:11,670 [INFO] PluginManager:220 - loadIPPluginJar : add linkedlist
2025-09-13 08:04:11,751 [INFO] IPUIPlugin:80 - create IPUIPlugin
2025-09-13 08:04:11,751 [INFO] PluginManager:220 - loadIPPluginJar : add lorawan
2025-09-13 08:04:11,838 [INFO] IPUIPlugin:80 - create IPUIPlugin
2025-09-13 08:04:11,838 [INFO] PluginManager:220 - loadIPPluginJar : add ltdc
2025-09-13 08:04:11,864 [INFO] IPUIPlugin:80 - create IPUIPlugin
2025-09-13 08:04:11,865 [INFO] PluginManager:220 - loadIPPluginJar : add mdma
2025-09-13 08:04:11,890 [INFO] IPUIPlugin:80 - create IPUIPlugin
2025-09-13 08:04:11,891 [INFO] PluginManager:220 - loadIPPluginJar : add nvic
2025-09-13 08:04:11,976 [INFO] IPUIPlugin:80 - create IPUIPlugin
2025-09-13 08:04:11,976 [INFO] PluginManager:220 - loadIPPluginJar : add opamp
2025-09-13 08:04:12,118 [INFO] IPUIPlugin:80 - create IPUIPlugin
2025-09-13 08:04:12,118 [INFO] PluginManager:220 - loadIPPluginJar : add openamp
2025-09-13 08:04:12,212 [INFO] IPUIPlugin:80 - create IPUIPlugin
2025-09-13 08:04:12,214 [INFO] PluginManager:220 - loadIPPluginJar : add pdm2pcm
2025-09-13 08:04:12,240 [INFO] IPUIPlugin:80 - create IPUIPlugin
2025-09-13 08:04:12,244 [INFO] PluginManager:220 - loadIPPluginJar : add plateformsettings
2025-09-13 08:04:12,295 [INFO] IPUIPlugin:80 - create IPUIPlugin
2025-09-13 08:04:12,295 [INFO] PluginManager:220 - loadIPPluginJar : add quadspi
2025-09-13 08:04:12,356 [INFO] IPUIPlugin:80 - create IPUIPlugin
2025-09-13 08:04:12,356 [INFO] PluginManager:220 - loadIPPluginJar : add radio
2025-09-13 08:04:12,385 [INFO] IPUIPlugin:80 - create IPUIPlugin
2025-09-13 08:04:12,386 [INFO] PluginManager:220 - loadIPPluginJar : add resmgrutility
2025-09-13 08:04:12,492 [INFO] IPUIPlugin:80 - create IPUIPlugin
2025-09-13 08:04:12,492 [INFO] PluginManager:220 - loadIPPluginJar : add sai
2025-09-13 08:04:12,574 [INFO] IPUIPlugin:80 - create IPUIPlugin
2025-09-13 08:04:12,574 [INFO] PluginManager:220 - loadIPPluginJar : add spi
2025-09-13 08:04:12,744 [INFO] IPUIPlugin:80 - create IPUIPlugin
2025-09-13 08:04:12,745 [INFO] PluginManager:220 - loadIPPluginJar : add stm32_wpan
2025-09-13 08:04:12,798 [INFO] IPUIPlugin:80 - create IPUIPlugin
2025-09-13 08:04:12,798 [INFO] PluginManager:220 - loadIPPluginJar : add tim
2025-09-13 08:04:12,933 [INFO] IPUIPlugin:80 - create IPUIPlugin
2025-09-13 08:04:12,935 [INFO] PluginManager:220 - loadIPPluginJar : add touchsensing
2025-09-13 08:04:12,985 [INFO] IPUIPlugin:80 - create IPUIPlugin
2025-09-13 08:04:12,985 [INFO] PluginManager:220 - loadIPPluginJar : add tracer_emb
2025-09-13 08:04:13,039 [INFO] IPUIPlugin:80 - create IPUIPlugin
2025-09-13 08:04:13,039 [INFO] PluginManager:220 - loadIPPluginJar : add ts
2025-09-13 08:04:13,089 [INFO] IPUIPlugin:80 - create IPUIPlugin
2025-09-13 08:04:13,090 [INFO] PluginManager:220 - loadIPPluginJar : add tsc
2025-09-13 08:04:13,135 [INFO] IPUIPlugin:80 - create IPUIPlugin
2025-09-13 08:04:13,135 [INFO] PluginManager:220 - loadIPPluginJar : add ucpd
2025-09-13 08:04:13,230 [INFO] IPUIPlugin:80 - create IPUIPlugin
2025-09-13 08:04:13,230 [INFO] PluginManager:220 - loadIPPluginJar : add usart
2025-09-13 08:04:13,325 [INFO] IPUIPlugin:80 - create IPUIPlugin
2025-09-13 08:04:13,325 [INFO] PluginManager:220 - loadIPPluginJar : add usbx
2025-09-13 08:04:13,487 [FATAL] Updater:351 - Updater called before beeing initialized
2025-09-13 08:04:13,529 [INFO] RulesReader:64 - Compatibility file has been processed (317 Rules)
2025-09-13 08:04:13,548 [INFO] RulesReader:64 - Compatibility file has been processed (317 Rules)
2025-09-13 08:04:13,557 [INFO] CADModel:165 - CPN selected for project level
2025-09-13 08:04:13,557 [INFO] CADModel:114 - Register for checkConnection events
2025-09-13 08:04:13,558 [FATAL] Updater:351 - Updater called before beeing initialized
2025-09-13 08:04:13,558 [ERROR] CADModel:125 - Updater not yet initialized, retry later 
2025-09-13 08:04:13,844 [FATAL] Updater:351 - Updater called before beeing initialized
2025-09-13 08:04:13,847 [INFO] CADModel:165 - CPN selected for project level
2025-09-13 08:04:13,847 [INFO] CADModel:114 - Register for checkConnection events
2025-09-13 08:04:13,847 [FATAL] Updater:351 - Updater called before beeing initialized
2025-09-13 08:04:13,848 [ERROR] CADModel:125 - Updater not yet initialized, retry later 
2025-09-13 08:04:13,853 [FATAL] Updater:351 - Updater called before beeing initialized
2025-09-13 08:04:13,962 [INFO] ThirdPartyUpdaterWithRetryManager:70 - Updater plugin not ready yet. [3/15]
2025-09-13 08:04:14,060 [FATAL] Updater:351 - Updater called before beeing initialized
2025-09-13 08:04:14,083 [INFO] DbMcusAds:53 - JSON generation date=Tue Jul 08 13:44:23 IST 2025 (1751962463582)
2025-09-13 08:04:14,084 [FATAL] Updater:351 - Updater called before beeing initialized
2025-09-13 08:04:14,149 [WARN] DetailPanel:346 - Failed to get advertising image, set to default
2025-09-13 08:04:14,288 [FATAL] Updater:351 - Updater called before beeing initialized
2025-09-13 08:04:14,291 [FATAL] Updater:351 - Updater called before beeing initialized
2025-09-13 08:04:14,291 [FATAL] Updater:351 - Updater called before beeing initialized
2025-09-13 08:04:14,291 [WARN] DetailPanel:346 - Failed to get advertising image, set to default
2025-09-13 08:04:14,292 [FATAL] Updater:351 - Updater called before beeing initialized
2025-09-13 08:04:14,396 [ERROR] Updater:1198 - MainUpdater not yet initialized. External WinMGr cannot be set.
2025-09-13 08:04:14,415 [INFO] Updater:1134 - Updater Version found : 6.15.0
2025-09-13 08:04:14,442 [INFO] ApplicationProperties:184 - Using Application install path: C:\ST\STM32CubeIDE_1.19.0\STM32CubeIDE\plugins\com.st.stm32cube.common.mx_6.15.0.202507011659
2025-09-13 08:04:16,040 [ERROR] LogOutputStream:75 - [STDERR_REDIRECT] Sep 13, 2025 8:04:16 AM java.util.prefs.WindowsPreferences <init>
2025-09-13 08:04:16,043 [ERROR] LogOutputStream:75 - [STDERR_REDIRECT] WARNING: Could not open/create prefs root node Software\JavaSoft\Prefs at root 0xffffffff80000002. Windows RegCreateKeyEx(...) returned error code 5.
2025-09-13 08:04:16,043 [ERROR] LogOutputStream:75 - [STDERR_REDIRECT] 
2025-09-13 08:04:16,385 [INFO] MainUpdater:2872 - connection check result : 22
2025-09-13 08:04:16,387 [INFO] MainUpdater:289 - Updater Check For Update Now.
2025-09-13 08:04:16,387 [INFO] MicroXplorer:498 - Change Database Version : DB.6.0.150
2025-09-13 08:04:16,418 [INFO] McuFinderGlobals:63 - Set McuFinder mode to 2 (CubeIDE integrated)
2025-09-13 08:04:16,418 [INFO] UserAuth:171 - activating auth plugin
2025-09-13 08:04:16,423 [INFO] UserAuth:487 - Internet connection configuration mode: 2
2025-09-13 08:04:16,451 [INFO] UserAuth:487 - Internet connection configuration mode: 2
2025-09-13 08:04:16,686 [INFO] CheckServerUpdateThread:120 - End of CheckServer Thread
2025-09-13 08:04:17,337 [WARN] PackLoader:240 - Cannot read IP mode file for STMicroelectronics.FP-SNS-MOTENVWB1.1.4.0
2025-09-13 08:04:17,365 [WARN] PackLoader:240 - Cannot read IP mode file for STMicroelectronics.FP-ATR-ASTRA1.2.0.2
2025-09-13 08:04:17,392 [WARN] PackLoader:240 - Cannot read IP mode file for STMicroelectronics.X-CUBE-SMBUS.2.1.0
2025-09-13 08:04:17,416 [WARN] PackLoader:240 - Cannot read IP mode file for STMicroelectronics.X-CUBE-ST60.1.0.0
2025-09-13 08:04:17,490 [WARN] PackLoader:240 - Cannot read IP mode file for STMicroelectronics.X-CUBE-AZRTOS-F7.1.1.0
2025-09-13 08:04:17,529 [WARN] PackLoader:240 - Cannot read IP mode file for WES.I-CUBE-Cesium.1.4.0
2025-09-13 08:04:17,591 [WARN] PackLoader:240 - Cannot read IP mode file for Infineon.AIROC-Wi-Fi-Bluetooth-STM32.1.7.1
2025-09-13 08:04:17,672 [WARN] PackLoader:240 - Cannot read IP mode file for STMicroelectronics.X-CUBE-AZRTOS-H7.3.4.0
2025-09-13 08:04:17,708 [WARN] PackLoader:240 - Cannot read IP mode file for STMicroelectronics.X-CUBE-DISPLAY.3.0.0
2025-09-13 08:04:17,755 [WARN] PackLoader:240 - Cannot read IP mode file for STMicroelectronics.X-CUBE-NFC10.1.0.0
2025-09-13 08:04:17,783 [WARN] PackLoader:240 - Cannot read IP mode file for emotas.I-CUBE-CANOPEN.1.3.0
2025-09-13 08:04:17,813 [WARN] PackLoader:240 - Cannot read IP mode file for STMicroelectronics.FP-SNS-STBOX1.2.1.0
2025-09-13 08:04:17,840 [WARN] PackLoader:240 - Cannot read IP mode file for STMicroelectronics.FP-SNS-SMARTAG2.1.2.0
2025-09-13 08:04:17,864 [WARN] PackLoader:240 - Cannot read IP mode file for STMicroelectronics.FP-SNS-FLIGHT1.5.1.0
2025-09-13 08:04:17,899 [INFO] LogOutputStream:77 - [STDOUT_REDIRECT] 1 : Invalid condition id : UX_CORESTACK_Condition cause : null
2025-09-13 08:04:17,900 [INFO] LogOutputStream:77 - [STDOUT_REDIRECT] 1 : Invalid condition id : UX_CORESTACK_Condition cause : null
2025-09-13 08:04:17,902 [INFO] LogOutputStream:77 - [STDOUT_REDIRECT] 1 : Invalid condition id : UX_CORESTACK_Condition cause : null
2025-09-13 08:04:17,905 [INFO] LogOutputStream:77 - [STDOUT_REDIRECT] 1 : Invalid condition id : UX_CORESTACK_Condition cause : null
2025-09-13 08:04:17,907 [INFO] LogOutputStream:77 - [STDOUT_REDIRECT] 1 : Invalid condition id : UX_CORESTACK_Condition cause : null
2025-09-13 08:04:17,911 [WARN] PackLoader:240 - Cannot read IP mode file for STMicroelectronics.X-CUBE-AZRTOS-WL.2.0.0
2025-09-13 08:04:17,936 [WARN] PackLoader:240 - Cannot read IP mode file for STMicroelectronics.FP-SNS-MOTENV1.5.0.0
2025-09-13 08:04:17,963 [WARN] PackLoader:240 - Cannot read IP mode file for STMicroelectronics.X-CUBE-BLE2.3.3.0
2025-09-13 08:04:17,988 [WARN] PackLoader:240 - Cannot read IP mode file for STMicroelectronics.X-CUBE-NFC9.1.0.0
2025-09-13 08:04:18,014 [WARN] PackLoader:240 - Cannot read IP mode file for wolfSSL.I-CUBE-wolfSSL.5.8.2
2025-09-13 08:04:18,038 [WARN] PackLoader:240 - Cannot read IP mode file for STMicroelectronics.X-CUBE-BLE1.7.1.0
2025-09-13 08:04:18,059 [WARN] PackLoader:240 - Cannot read IP mode file for wolfSSL.I-CUBE-wolfMQTT.1.19.2
2025-09-13 08:04:18,086 [WARN] PackLoader:240 - Cannot read IP mode file for STMicroelectronics.X-CUBE-EEPRMA1.5.2.0
2025-09-13 08:04:18,135 [WARN] PackLoader:240 - Cannot read IP mode file for STMicroelectronics.X-CUBE-AZRTOS-G0.1.1.0
2025-09-13 08:04:18,163 [WARN] PackLoader:240 - Cannot read IP mode file for STMicroelectronics.X-CUBE-SAFEA1.1.2.2
2025-09-13 08:04:18,186 [WARN] PackLoader:240 - Cannot read IP mode file for STMicroelectronics.X-CUBE-NFC4.3.0.0
2025-09-13 08:04:18,214 [WARN] PackLoader:240 - Cannot read IP mode file for EmbeddedOffice.I-CUBE-FS-RTOS.1.0.1
2025-09-13 08:04:18,236 [WARN] PackLoader:240 - Cannot read IP mode file for STMicroelectronics.X-CUBE-WB05N.2.0.0
2025-09-13 08:04:18,258 [WARN] PackLoader:240 - Cannot read IP mode file for wolfSSL.I-CUBE-wolfTPM.3.8.0
2025-09-13 08:04:18,282 [WARN] PackLoader:240 - Cannot read IP mode file for STMicroelectronics.X-CUBE-TCPP.4.2.0
2025-09-13 08:04:18,307 [WARN] PackLoader:240 - Cannot read IP mode file for RealThread.X-CUBE-RT-Thread_Nano.4.1.1
2025-09-13 08:04:18,331 [WARN] PackLoader:240 - Cannot read IP mode file for STMicroelectronics.FP-ATR-SIGFOX1.3.2.0
2025-09-13 08:04:18,356 [WARN] PackLoader:240 - Cannot read IP mode file for ITTIA_DB.I-CUBE-ITTIADB.8.9.0
2025-09-13 08:04:18,383 [WARN] PackLoader:240 - Cannot read IP mode file for STMicroelectronics.X-CUBE-ST67W61.1.0.0
2025-09-13 08:04:18,406 [WARN] PackLoader:240 - Cannot read IP mode file for STMicroelectronics.X-CUBE-AI.10.2.0
2025-09-13 08:04:18,467 [WARN] PackLoader:240 - Cannot read IP mode file for SEGGER.I-CUBE-embOS.1.3.1
2025-09-13 08:04:18,563 [WARN] PackLoader:240 - Cannot read IP mode file for STMicroelectronics.X-CUBE-ALGOBUILD.1.4.0
2025-09-13 08:04:18,659 [WARN] PackLoader:240 - Cannot read IP mode file for STMicroelectronics.X-CUBE-MEMS1.11.3.0
2025-09-13 08:04:18,907 [WARN] PackLoader:240 - Cannot read IP mode file for STMicroelectronics.X-CUBE-PM33A1.1.0.0
2025-09-13 08:04:18,954 [WARN] PackLoader:240 - Cannot read IP mode file for STMicroelectronics.X-CUBE-AZRTOS-F4.1.1.0
2025-09-13 08:04:19,007 [WARN] PackLoader:240 - Cannot read IP mode file for Avnet-IotConnect.X-CUBE-IoTC-DA16k-PMOD.1.0.0
2025-09-13 08:04:19,030 [WARN] PackLoader:240 - Cannot read IP mode file for STMicroelectronics.X-CUBE-ISPU.2.1.0
2025-09-13 08:04:19,054 [WARN] PackLoader:240 - Cannot read IP mode file for STMicroelectronics.X-CUBE-NFC12.1.0.0
2025-09-13 08:04:19,115 [WARN] PackLoader:240 - Cannot read IP mode file for STMicroelectronics.X-CUBE-AZRTOS-L5.2.0.0
2025-09-13 08:04:19,148 [WARN] PackLoader:240 - Cannot read IP mode file for STMicroelectronics.X-CUBE-NFC6.3.1.0
2025-09-13 08:04:19,177 [WARN] PackLoader:240 - Cannot read IP mode file for STMicroelectronics.X-CUBE-FREERTOS.1.3.1
2025-09-13 08:04:19,234 [WARN] PackLoader:240 - Cannot read IP mode file for STMicroelectronics.FP-SNS-STAIOTCFT.1.0.0
2025-09-13 08:04:19,261 [WARN] PackLoader:240 - Cannot read IP mode file for STMicroelectronics.X-CUBE-DPower.1.3.0
2025-09-13 08:04:19,309 [WARN] ConditionMgr:438 - getConditionDescription Invalid condition id : LAN8742 Phy interface Condition cause : null
2025-09-13 08:04:19,310 [WARN] PackLoader:240 - Cannot read IP mode file for STMicroelectronics.X-CUBE-AZRTOS-L4.2.0.0
2025-09-13 08:04:19,311 [WARN] ConditionMgr:1044 - genDependencies : Invalid condition id : LAN8742 Phy interface Condition cause : null
2025-09-13 08:04:19,312 [WARN] ConditionMgr:1044 - genDependencies : Invalid condition id : LAN8742 Phy interface Condition cause : null
2025-09-13 08:04:19,312 [WARN] ConditionMgr:1044 - genDependencies : Invalid condition id : LAN8742 Phy interface Condition cause : null
2025-09-13 08:04:19,339 [WARN] PackLoader:240 - Cannot read IP mode file for STMicroelectronics.X-CUBE-SFXS2LP1.4.0.0
2025-09-13 08:04:19,371 [WARN] PackLoader:240 - Cannot read IP mode file for STMicroelectronics.X-CUBE-BLEMGR.4.1.0
2025-09-13 08:04:19,413 [WARN] ConditionMgr:438 - getConditionDescription Invalid condition id : UX DEVICE CLASS RTOS Condition cause : null
2025-09-13 08:04:19,413 [WARN] ConditionMgr:438 - getConditionDescription Invalid condition id : UX DEVICE CLASS RTOS Condition cause : null
2025-09-13 08:04:19,416 [WARN] PackLoader:240 - Cannot read IP mode file for STMicroelectronics.X-CUBE-AZRTOS-WB.2.0.0
2025-09-13 08:04:19,417 [WARN] ConditionMgr:1044 - genDependencies : Invalid condition id : UX DEVICE CLASS RTOS Condition cause : null
2025-09-13 08:04:19,417 [WARN] ConditionMgr:1044 - genDependencies : Invalid condition id : UX DEVICE CLASS RTOS Condition cause : null
2025-09-13 08:04:19,417 [WARN] ConditionMgr:1044 - genDependencies : Invalid condition id : UX DEVICE CLASS RTOS Condition cause : null
2025-09-13 08:04:19,418 [WARN] ConditionMgr:1044 - genDependencies : Invalid condition id : UX DEVICE CLASS RTOS Condition cause : null
2025-09-13 08:04:19,418 [WARN] ConditionMgr:1044 - genDependencies : Invalid condition id : UX DEVICE CLASS RTOS Condition cause : null
2025-09-13 08:04:19,441 [WARN] PackLoader:240 - Cannot read IP mode file for STMicroelectronics.X-CUBE-GNSS1.7.0.1
2025-09-13 08:04:19,468 [WARN] PackLoader:240 - Cannot read IP mode file for STMicroelectronics.X-CUBE-TOUCHGFX.4.25.0
2025-09-13 08:04:19,490 [WARN] ConditionMgr:438 - getConditionDescription Invalid condition id : Cortex-A Device cause : null
2025-09-13 08:04:19,521 [WARN] ConditionMgr:1044 - genDependencies : Invalid condition id : Cortex-A Device cause : null
2025-09-13 08:04:19,522 [WARN] ConditionMgr:1044 - genDependencies : Invalid condition id : Cortex-A Device cause : null
2025-09-13 08:04:19,522 [WARN] ConditionMgr:1044 - genDependencies : Invalid condition id : Cortex-A Device cause : null
2025-09-13 08:04:19,554 [WARN] PackLoader:240 - Cannot read IP mode file for STMicroelectronics.X-CUBE-SUBG2.5.0.0
2025-09-13 08:04:19,608 [WARN] PackLoader:240 - Cannot read IP mode file for STMicroelectronics.X-CUBE-AZRTOS-H7RS.1.1.0
2025-09-13 08:04:19,633 [WARN] PackLoader:240 - Cannot read IP mode file for Cesanta.I-CUBE-Mongoose.7.13.0
2025-09-13 08:04:19,673 [WARN] PackLoader:240 - Cannot read IP mode file for STMicroelectronics.X-CUBE-AZRTOS-G4.2.0.0
2025-09-13 08:04:19,695 [WARN] PackLoader:240 - Cannot read IP mode file for wolfSSL.I-CUBE-wolfSSH.1.4.20
2025-09-13 08:04:19,717 [WARN] PackLoader:240 - Cannot read IP mode file for STMicroelectronics.X-CUBE-NFC7.2.0.0
2025-09-13 08:04:19,753 [WARN] PackLoader:240 - Cannot read IP mode file for STMicroelectronics.X-CUBE-IPS.3.1.0
2025-09-13 08:04:19,781 [WARN] PackLoader:240 - Cannot read IP mode file for STMicroelectronics.X-CUBE-ALS.1.0.2
2025-09-13 08:04:19,805 [WARN] PackLoader:240 - Cannot read IP mode file for STMicroelectronics.X-CUBE-STSE01.1.0.0
2025-09-13 08:04:19,840 [WARN] PackLoader:240 - Cannot read IP mode file for STMicroelectronics.X-CUBE-TOF1.3.4.3
2025-09-13 08:04:19,872 [INFO] ThirdParty:978 - Integrity check success = true
2025-09-13 08:04:19,872 [INFO] IntegrityCheckThread:100 - exiting critical section [integrity check]
2025-09-13 08:04:19,872 [INFO] IntegrityCheckThread:103 - End integrity checks thread
2025-09-13 08:06:56,545 [ERROR] ConfigurationRetriever:142 - IOException on connection: sw-center.st.com
2025-09-13 08:06:56,555 [ERROR] ConfigurationRetriever:142 - IOException on connection: sw-center.st.com
2025-09-13 08:06:56,555 [ERROR] ConfigurationRetriever:142 - IOException on connection: sw-center.st.com
2025-09-13 08:21:47,627 [ERROR] ConfigurationRetriever:142 - IOException on connection: sw-center.st.com
2025-09-13 08:21:47,629 [ERROR] ConfigurationRetriever:142 - IOException on connection: sw-center.st.com
2025-09-13 08:21:47,630 [ERROR] ConfigurationRetriever:142 - IOException on connection: sw-center.st.com
2025-09-13 21:13:54,925 [ERROR] ConfigurationRetriever:142 - IOException on connection: sw-center.st.com
2025-09-13 21:13:54,929 [ERROR] ConfigurationRetriever:142 - IOException on connection: sw-center.st.com
2025-09-13 21:13:54,929 [ERROR] ConfigurationRetriever:142 - IOException on connection: sw-center.st.com
2025-09-13 21:31:51,302 [ERROR] ConfigurationRetriever:142 - IOException on connection: sw-center.st.com
2025-09-13 21:31:51,309 [ERROR] ConfigurationRetriever:142 - IOException on connection: sw-center.st.com
2025-09-13 21:31:51,309 [ERROR] ConfigurationRetriever:142 - IOException on connection: sw-center.st.com
2025-09-13 21:34:33,018 [ERROR] ConfigurationRetriever:142 - IOException on connection: sw-center.st.com
2025-09-13 21:34:33,022 [ERROR] ConfigurationRetriever:142 - IOException on connection: sw-center.st.com
2025-09-13 21:34:33,024 [ERROR] ConfigurationRetriever:142 - IOException on connection: sw-center.st.com
2025-09-13 21:34:59,044 [ERROR] ConfigurationRetriever:142 - IOException on connection: sw-center.st.com
2025-09-13 21:34:59,046 [ERROR] ConfigurationRetriever:142 - IOException on connection: sw-center.st.com
2025-09-13 21:34:59,047 [ERROR] ConfigurationRetriever:142 - IOException on connection: sw-center.st.com
